Archive member included to satisfy reference by file (symbol)

c:/nxp/mcuxpressoide_11.2.1_4149/ide/plugins/com.nxp.mcuxpresso.tools.win32_11.2.0.202008311134/tools/bin/../lib/gcc/arm-none-eabi/9.2.1/thumb/v7e-m+fp/hard\libgcc.a(_aeabi_uldivmod.o)
                              projects/TP2/TP2/out/libs/board/lpc_chip_43xx/src/i2s_18xx_43xx.o (__aeabi_uldivmod)
c:/nxp/mcuxpressoide_11.2.1_4149/ide/plugins/com.nxp.mcuxpresso.tools.win32_11.2.0.202008311134/tools/bin/../lib/gcc/arm-none-eabi/9.2.1/thumb/v7e-m+fp/hard\libgcc.a(_udivmoddi4.o)
                              c:/nxp/mcuxpressoide_11.2.1_4149/ide/plugins/com.nxp.mcuxpresso.tools.win32_11.2.0.202008311134/tools/bin/../lib/gcc/arm-none-eabi/9.2.1/thumb/v7e-m+fp/hard\libgcc.a(_aeabi_uldivmod.o) (__udivmoddi4)
c:/nxp/mcuxpressoide_11.2.1_4149/ide/plugins/com.nxp.mcuxpresso.tools.win32_11.2.0.202008311134/tools/bin/../lib/gcc/arm-none-eabi/9.2.1/thumb/v7e-m+fp/hard\libgcc.a(_dvmd_tls.o)
                              c:/nxp/mcuxpressoide_11.2.1_4149/ide/plugins/com.nxp.mcuxpresso.tools.win32_11.2.0.202008311134/tools/bin/../lib/gcc/arm-none-eabi/9.2.1/thumb/v7e-m+fp/hard\libgcc.a(_aeabi_uldivmod.o) (__aeabi_ldiv0)
c:/nxp/mcuxpressoide_11.2.1_4149/ide/plugins/com.nxp.mcuxpresso.tools.win32_11.2.0.202008311134/tools/bin/../lib/gcc/arm-none-eabi/9.2.1/../../../../arm-none-eabi/lib/thumb/v7e-m+fp/hard\libc_nano.a(lib_a-init.o)
                              projects/TP2/TP2/out/libs/cmsis_core/src/armv7m_startup.o (__libc_init_array)
c:/nxp/mcuxpressoide_11.2.1_4149/ide/plugins/com.nxp.mcuxpresso.tools.win32_11.2.0.202008311134/tools/bin/../lib/gcc/arm-none-eabi/9.2.1/../../../../arm-none-eabi/lib/thumb/v7e-m+fp/hard\libc_nano.a(lib_a-memcpy-stub.o)
                              projects/TP2/TP2/out/libs/board/lpc_chip_43xx/src/ring_buffer.o (memcpy)
c:/nxp/mcuxpressoide_11.2.1_4149/ide/plugins/com.nxp.mcuxpresso.tools.win32_11.2.0.202008311134/tools/bin/../lib/gcc/arm-none-eabi/9.2.1/../../../../arm-none-eabi/lib/thumb/v7e-m+fp/hard\libc_nano.a(lib_a-memset.o)
                              projects/TP2/TP2/out/libs/board/lpc_chip_43xx/src/clock_18xx_43xx.o (memset)

Allocating common symbols
Common symbol       size              file

SystemCoreClock     0x4               projects/TP2/TP2/out/libs/board/lpc_chip_43xx/src/chip_18xx_43xx.o

Discarded input sections

 .group         0x00000000        0xc projects/TP2/TP2/out/libs/board/edu_ciaa_nxp/src/board_sysinit.o
 .group         0x00000000        0xc projects/TP2/TP2/out/libs/board/edu_ciaa_nxp/src/board_sysinit.o
 .group         0x00000000        0xc projects/TP2/TP2/out/libs/board/edu_ciaa_nxp/src/board_sysinit.o
 .group         0x00000000        0xc projects/TP2/TP2/out/libs/board/edu_ciaa_nxp/src/board_sysinit.o
 .group         0x00000000        0xc projects/TP2/TP2/out/libs/board/edu_ciaa_nxp/src/board_sysinit.o
 .group         0x00000000        0xc projects/TP2/TP2/out/libs/board/edu_ciaa_nxp/src/board_sysinit.o
 .group         0x00000000        0xc projects/TP2/TP2/out/libs/board/edu_ciaa_nxp/src/board_sysinit.o
 .group         0x00000000        0xc projects/TP2/TP2/out/libs/board/edu_ciaa_nxp/src/board_sysinit.o
 .group         0x00000000        0xc projects/TP2/TP2/out/libs/board/edu_ciaa_nxp/src/board_sysinit.o
 .group         0x00000000        0xc projects/TP2/TP2/out/libs/board/edu_ciaa_nxp/src/board_sysinit.o
 .group         0x00000000        0xc projects/TP2/TP2/out/libs/board/edu_ciaa_nxp/src/board_sysinit.o
 .group         0x00000000        0xc projects/TP2/TP2/out/libs/board/edu_ciaa_nxp/src/board_sysinit.o
 .group         0x00000000        0xc projects/TP2/TP2/out/libs/board/edu_ciaa_nxp/src/board_sysinit.o
 .group         0x00000000        0xc projects/TP2/TP2/out/libs/board/edu_ciaa_nxp/src/board_sysinit.o
 .group         0x00000000        0xc projects/TP2/TP2/out/libs/board/edu_ciaa_nxp/src/board_sysinit.o
 .group         0x00000000        0xc projects/TP2/TP2/out/libs/board/edu_ciaa_nxp/src/board_sysinit.o
 .group         0x00000000        0xc projects/TP2/TP2/out/libs/board/edu_ciaa_nxp/src/board_sysinit.o
 .group         0x00000000        0xc projects/TP2/TP2/out/libs/board/edu_ciaa_nxp/src/board_sysinit.o
 .group         0x00000000        0xc projects/TP2/TP2/out/libs/board/edu_ciaa_nxp/src/board_sysinit.o
 .group         0x00000000        0xc projects/TP2/TP2/out/libs/board/edu_ciaa_nxp/src/board_sysinit.o
 .group         0x00000000        0xc projects/TP2/TP2/out/libs/board/edu_ciaa_nxp/src/board_sysinit.o
 .group         0x00000000        0xc projects/TP2/TP2/out/libs/board/edu_ciaa_nxp/src/board_sysinit.o
 .group         0x00000000        0xc projects/TP2/TP2/out/libs/board/edu_ciaa_nxp/src/board_sysinit.o
 .group         0x00000000        0xc projects/TP2/TP2/out/libs/board/edu_ciaa_nxp/src/board_sysinit.o
 .group         0x00000000        0xc projects/TP2/TP2/out/libs/board/edu_ciaa_nxp/src/board_sysinit.o
[...]
Memory Configuration

Name             Origin             Length             Attributes
MFlashA512       0x1a000000         0x00080000         xr
MFlashB512       0x1b000000         0x00080000         xr
RamLoc32         0x10000000         0x00008000         xrw
RamLoc40         0x10080000         0x0000a000         xrw
RamAHB32         0x20000000         0x00008000         xrw
RamAHB16         0x20008000         0x00004000         xrw
RamAHB_ETB16     0x2000c000         0x00004000         xrw
*default*        0x00000000         0xffffffff

Linker script and memory map

START GROUP
LOAD projects/TP2/TP2/out/libs/board/edu_ciaa_nxp/src/board_sysinit.o
LOAD projects/TP2/TP2/out/libs/board/edu_ciaa_nxp/src/board.o
LOAD projects/TP2/TP2/out/libs/board/lpc_chip_43xx/src/pinint_18xx_43xx.o
LOAD projects/TP2/TP2/out/libs/board/lpc_chip_43xx/src/otp_18xx_43xx.o
LOAD projects/TP2/TP2/out/libs/board/lpc_chip_43xx/src/gpio_18xx_43xx.o
LOAD projects/TP2/TP2/out/libs/board/lpc_chip_43xx/src/emc_18xx_43xx.o
LOAD projects/TP2/TP2/out/libs/board/lpc_chip_43xx/src/chip_18xx_43xx.o
LOAD projects/TP2/TP2/out/libs/board/lpc_chip_43xx/src/wwdt_18xx_43xx.o
LOAD projects/TP2/TP2/out/libs/board/lpc_chip_43xx/src/sdif_18xx_43xx.o
LOAD projects/TP2/TP2/out/libs/board/lpc_chip_43xx/src/spi_18xx_43xx.o
LOAD projects/TP2/TP2/out/libs/board/lpc_chip_43xx/src/i2s_18xx_43xx.o
LOAD projects/TP2/TP2/out/libs/board/lpc_chip_43xx/src/clock_18xx_43xx.o
LOAD projects/TP2/TP2/out/libs/board/lpc_chip_43xx/src/pmc_18xx_43xx.o
LOAD projects/TP2/TP2/out/libs/board/lpc_chip_43xx/src/ring_buffer.o
LOAD projects/TP2/TP2/out/libs/board/lpc_chip_43xx/src/stopwatch_18xx_43xx.o
LOAD projects/TP2/TP2/out/libs/board/lpc_chip_43xx/src/ssp_18xx_43xx.o
LOAD projects/TP2/TP2/out/libs/board/lpc_chip_43xx/src/uart_18xx_43xx.o
LOAD projects/TP2/TP2/out/libs/board/lpc_chip_43xx/src/enet_18xx_43xx.o
LOAD projects/TP2/TP2/out/libs/board/lpc_chip_43xx/src/i2c_18xx_43xx.o
LOAD projects/TP2/TP2/out/libs/board/lpc_chip_43xx/src/sdmmc_18xx_43xx.o
LOAD projects/TP2/TP2/out/libs/board/lpc_chip_43xx/src/timer_18xx_43xx.o
LOAD projects/TP2/TP2/out/libs/board/lpc_chip_43xx/src/ritimer_18xx_43xx.o
LOAD projects/TP2/TP2/out/libs/board/lpc_chip_43xx/src/sct_pwm_18xx_43xx.o
LOAD projects/TP2/TP2/out/libs/board/lpc_chip_43xx/src/adc_18xx_43xx.o
LOAD projects/TP2/TP2/out/libs/board/lpc_chip_43xx/src/sysinit_18xx_43xx.o
LOAD projects/TP2/TP2/out/libs/board/lpc_chip_43xx/src/iap_18xx_43xx.o
LOAD projects/TP2/TP2/out/libs/board/lpc_chip_43xx/src/i2cm_18xx_43xx.o
LOAD projects/TP2/TP2/out/libs/board/lpc_chip_43xx/src/evrt_18xx_43xx.o
LOAD projects/TP2/TP2/out/libs/board/lpc_chip_43xx/src/sct_18xx_43xx.o
LOAD projects/TP2/TP2/out/libs/board/lpc_chip_43xx/src/rtc_18xx_43xx.o
LOAD projects/TP2/TP2/out/libs/board/lpc_chip_43xx/src/gpdma_18xx_43xx.o
LOAD projects/TP2/TP2/out/libs/board/lpc_chip_43xx/src/atimer_18xx_43xx.o
LOAD projects/TP2/TP2/out/libs/board/lpc_chip_43xx/src/eeprom_18xx_43xx.o
LOAD projects/TP2/TP2/out/libs/board/lpc_chip_43xx/src/aes_18xx_43xx.o
LOAD projects/TP2/TP2/out/libs/board/lpc_chip_43xx/src/lcd_18xx_43xx.o
LOAD projects/TP2/TP2/out/libs/board/lpc_chip_43xx/src/dac_18xx_43xx.o
LOAD projects/TP2/TP2/out/libs/board/lpc_chip_43xx/src/sdio_18xx_43xx.o
LOAD projects/TP2/TP2/out/libs/board/lpc_chip_43xx/src/gpiogroup_18xx_43xx.o
LOAD projects/TP2/TP2/out/libs/board/lpc_chip_43xx/src/ccan_18xx_43xx.o
LOAD projects/TP2/TP2/out/libs/board/lpc_startup/src/vendor_interrupt.o
LOAD projects/TP2/TP2/out/libs/board/lpc_startup/src/sysinit.o
LOAD projects/TP2/TP2/out/libs/board/lpc_startup/src/crp.o
LOAD projects/TP2/TP2/out/libs/cmsis_core/src/armv7m_startup.o
END GROUP
LOAD c:/nxp/mcuxpressoide_11.2.1_4149/ide/plugins/com.nxp.mcuxpresso.tools.win32_11.2.0.202008311134/tools/bin/../lib/gcc/arm-none-eabi/9.2.1/../../../../arm-none-eabi/lib/thumb/v7e-m+fp/hard\libstdc++_nano.a
LOAD c:/nxp/mcuxpressoide_11.2.1_4149/ide/plugins/com.nxp.mcuxpresso.tools.win32_11.2.0.202008311134/tools/bin/../lib/gcc/arm-none-eabi/9.2.1/../../../../arm-none-eabi/lib/thumb/v7e-m+fp/hard\libm.a
START GROUP
LOAD c:/nxp/mcuxpressoide_11.2.1_4149/ide/plugins/com.nxp.mcuxpresso.tools.win32_11.2.0.202008311134/tools/bin/../lib/gcc/arm-none-eabi/9.2.1/thumb/v7e-m+fp/hard\libgcc.a
LOAD c:/nxp/mcuxpressoide_11.2.1_4149/ide/plugins/com.nxp.mcuxpresso.tools.win32_11.2.0.202008311134/tools/bin/../lib/gcc/arm-none-eabi/9.2.1/../../../../arm-none-eabi/lib/thumb/v7e-m+fp/hard\libc_nano.a
END GROUP
START GROUP
LOAD c:/nxp/mcuxpressoide_11.2.1_4149/ide/plugins/com.nxp.mcuxpresso.tools.win32_11.2.0.202008311134/tools/bin/../lib/gcc/arm-none-eabi/9.2.1/thumb/v7e-m+fp/hard\libgcc.a
LOAD c:/nxp/mcuxpressoide_11.2.1_4149/ide/plugins/com.nxp.mcuxpresso.tools.win32_11.2.0.202008311134/tools/bin/../lib/gcc/arm-none-eabi/9.2.1/../../../../arm-none-eabi/lib/thumb/v7e-m+fp/hard\libc_nano.a
END GROUP
                0x1a080000                __top_MFlashA512 = 0x1a080000
                0x1b080000                __top_MFlashB512 = 0x1b080000
                0x10008000                __top_RamLoc32 = 0x10008000
                0x1008a000                __top_RamLoc40 = 0x1008a000
                0x20008000                __top_RamAHB32 = 0x20008000
                0x2000c000                __top_RamAHB16 = 0x2000c000
                0x20010000                __top_RamAHB_ETB16 = 0x20010000
START GROUP
LOAD c:/nxp/mcuxpressoide_11.2.1_4149/ide/plugins/com.nxp.mcuxpresso.tools.win32_11.2.0.202008311134/tools/bin/../lib/gcc/arm-none-eabi/9.2.1/thumb/v7e-m+fp/hard\libgcc.a
LOAD c:/nxp/mcuxpressoide_11.2.1_4149/ide/plugins/com.nxp.mcuxpresso.tools.win32_11.2.0.202008311134/tools/bin/../lib/gcc/arm-none-eabi/9.2.1/../../../../arm-none-eabi/lib/thumb/v7e-m+fp/hard\libc.a
LOAD c:/nxp/mcuxpressoide_11.2.1_4149/ide/plugins/com.nxp.mcuxpresso.tools.win32_11.2.0.202008311134/tools/bin/../lib/gcc/arm-none-eabi/9.2.1/../../../../arm-none-eabi/lib/thumb/v7e-m+fp/hard\libm.a
END GROUP

.text_Flash2    0x1b000000        0x0
 FILL mask 0xff
 *(.text_Flash2*)
 *(.text_MFlashB512*)
 *(.text.$Flash2*)
 *(.text.$MFlashB512*)
 *(.rodata.$Flash2*)
 *(.rodata.$MFlashB512*)

.text           0x1a000000     0x1530
 FILL mask 0xff
                0x1a000000                __vectors_start__ = ABSOLUTE (.)
 *(.isr_vector)
 .isr_vector    0x1a000000       0x40 projects/TP2/TP2/out/libs/cmsis_core/src/armv7m_startup.o
                0x1a000000                g_pfnVectors
 *(.isr_vendor_vector)
 .isr_vendor_vector
                0x1a000040       0xd4 projects/TP2/TP2/out/libs/board/lpc_startup/src/vendor_interrupt.o
                0x1a000040                g_pfnVendorVectors
                0x1a000114                . = ALIGN (0x4)
                0x1a000114                __section_table_start = .
                0x1a000114                __data_section_table = .
                0x1a000114        0x4 LONG 0x1a001538 LOADADDR (.data)
                0x1a000118        0x4 LONG 0x10000000 ADDR (.data)
                0x1a00011c        0x4 LONG 0x38 SIZEOF (.data)
                0x1a000120        0x4 LONG 0x1a001538 LOADADDR (.data_RAM2)
                0x1a000124        0x4 LONG 0x10080000 ADDR (.data_RAM2)
                0x1a000128        0x4 LONG 0x0 SIZEOF (.data_RAM2)
                0x1a00012c        0x4 LONG 0x1a001538 LOADADDR (.data_RAM3)
                0x1a000130        0x4 LONG 0x20000000 ADDR (.data_RAM3)
                0x1a000134        0x4 LONG 0x0 SIZEOF (.data_RAM3)
                0x1a000138        0x4 LONG 0x1a001538 LOADADDR (.data_RAM4)
                0x1a00013c        0x4 LONG 0x20008000 ADDR (.data_RAM4)
                0x1a000140        0x4 LONG 0x0 SIZEOF (.data_RAM4)
                0x1a000144        0x4 LONG 0x1a001538 LOADADDR (.data_RAM5)
                0x1a000148        0x4 LONG 0x2000c000 ADDR (.data_RAM5)
                0x1a00014c        0x4 LONG 0x0 SIZEOF (.data_RAM5)
                0x1a000150                __data_section_table_end = .
                0x1a000150                __bss_section_table = .
                0x1a000150        0x4 LONG 0x10000038 ADDR (.bss)
                0x1a000154        0x4 LONG 0xc SIZEOF (.bss)
                0x1a000158        0x4 LONG 0x10080000 ADDR (.bss_RAM2)
                0x1a00015c        0x4 LONG 0x0 SIZEOF (.bss_RAM2)
                0x1a000160        0x4 LONG 0x20000000 ADDR (.bss_RAM3)
                0x1a000164        0x4 LONG 0x0 SIZEOF (.bss_RAM3)
                0x1a000168        0x4 LONG 0x20008000 ADDR (.bss_RAM4)
                0x1a00016c        0x4 LONG 0x0 SIZEOF (.bss_RAM4)
                0x1a000170        0x4 LONG 0x2000c000 ADDR (.bss_RAM5)
                0x1a000174        0x4 LONG 0x0 SIZEOF (.bss_RAM5)
                0x1a000178                __bss_section_table_end = .
                0x1a000178                __section_table_end = .
 *(.after_vectors*)
 .after_vectors
                0x1a000178        0x2 projects/TP2/TP2/out/libs/board/lpc_startup/src/vendor_interrupt.o
                0x1a000178                TIMER2_IRQHandler
                0x1a000178                RIT_IRQHandler
                0x1a000178                ADCHS_IRQHandler
                0x1a000178                FLASH_EEPROM_IRQHandler
                0x1a000178                I2C0_IRQHandler
                0x1a000178                SDIO_IRQHandler
                0x1a000178                ATIMER_IRQHandler
                0x1a000178                I2C1_IRQHandler
                0x1a000178                UART1_IRQHandler
                0x1a000178                GPIO5_IRQHandler
                0x1a000178                CAN1_IRQHandler
                0x1a000178                USB1_IRQHandler
                0x1a000178                I2S0_IRQHandler
                0x1a000178                TIMER3_IRQHandler
                0x1a000178                UART0_IRQHandler
                0x1a000178                SGPIO_IRQHandler
                0x1a000178                ADC0_IRQHandler
                0x1a000178                GPIO6_IRQHandler
                0x1a000178                IntDefaultHandler
                0x1a000178                GPIO1_IRQHandler
                0x1a000178                SSP0_IRQHandler
                0x1a000178                ADC1_IRQHandler
                0x1a000178                RTC_IRQHandler
                0x1a000178                TIMER0_IRQHandler
                0x1a000178                SPI_IRQHandler
                0x1a000178                LCD_IRQHandler
                0x1a000178                TIMER1_IRQHandler
                0x1a000178                UART2_IRQHandler
                0x1a000178                GPIO2_IRQHandler
                0x1a000178                I2S1_IRQHandler
                0x1a000178                SSP1_IRQHandler
                0x1a000178                USB0_IRQHandler
                0x1a000178                GPIO3_IRQHandler
                0x1a000178                SCT_IRQHandler
                0x1a000178                WDT_IRQHandler
                0x1a000178                GPIO7_IRQHandler
                0x1a000178                SPIFI_IRQHandler
                0x1a000178                QEI_IRQHandler
                0x1a000178                ETH_IRQHandler
                0x1a000178                CAN0_IRQHandler
                0x1a000178                GINT0_IRQHandler
                0x1a000178                DAC_IRQHandler
                0x1a000178                M0SUB_IRQHandler
                0x1a000178                GPIO0_IRQHandler
                0x1a000178                DMA_IRQHandler
                0x1a000178                EVRT_IRQHandler
                0x1a000178                UART3_IRQHandler
                0x1a000178                MCPWM_IRQHandler
                0x1a000178                M0APP_IRQHandler
                0x1a000178                GINT1_IRQHandler
                0x1a000178                GPIO4_IRQHandler
 .after_vectors
                0x1a00017a       0x42 projects/TP2/TP2/out/libs/cmsis_core/src/armv7m_startup.o
                0x1a00017a                NMI_Handler
                0x1a00017c                HardFault_Handler
                0x1a00017e                MemManage_Handler
                0x1a000180                BusFault_Handler
                0x1a000182                UsageFault_Handler
                0x1a000184                SVC_Handler
                0x1a000186                DebugMon_Handler
                0x1a000188                PendSV_Handler
                0x1a00018a                SysTick_Handler
                0x1a00018c                data_init
                0x1a0001aa                bss_init
                0x000002fc                . = 0x2fc
 *fill*         0x1a0001bc      0x140 ff
                0x1a0002fc                PROVIDE (__CRP_WORD_START__ = .)
 *(.crp)
 .crp           0x1a0002fc        0x4 projects/TP2/TP2/out/libs/board/lpc_startup/src/crp.o
                0x1a0002fc                CRP_WORD
                0x1a000300                PROVIDE (__CRP_WORD_END__ = .)
                0x00000001                ASSERT (! ((__CRP_WORD_START__ == __CRP_WORD_END__)), Linker CRP Enabled, but no CRP_WORD provided within application)
 *(.text*)
 .text.Board_SetupMuxing
                0x1a000300       0x38 projects/TP2/TP2/out/libs/board/edu_ciaa_nxp/src/board_sysinit.o
                0x1a000300                Board_SetupMuxing
 .text.Board_SetupClocking
                0x1a000338       0x6c projects/TP2/TP2/out/libs/board/edu_ciaa_nxp/src/board_sysinit.o
                0x1a000338                Board_SetupClocking
 .text.Board_SystemInit
                0x1a0003a4        0xc projects/TP2/TP2/out/libs/board/edu_ciaa_nxp/src/board_sysinit.o
                0x1a0003a4                Board_SystemInit
 .text.Board_LED_Init
                0x1a0003b0       0x44 projects/TP2/TP2/out/libs/board/edu_ciaa_nxp/src/board.o
 .text.Board_TEC_Init
                0x1a0003f4       0x40 projects/TP2/TP2/out/libs/board/edu_ciaa_nxp/src/board.o
 .text.Board_GPIO_Init
                0x1a000434       0x40 projects/TP2/TP2/out/libs/board/edu_ciaa_nxp/src/board.o
 .text.Board_ADC_Init
                0x1a000474       0x30 projects/TP2/TP2/out/libs/board/edu_ciaa_nxp/src/board.o
 .text.Board_SPI_Init
                0x1a0004a4       0x38 projects/TP2/TP2/out/libs/board/edu_ciaa_nxp/src/board.o
 .text.Board_I2C_Init
                0x1a0004dc       0x24 projects/TP2/TP2/out/libs/board/edu_ciaa_nxp/src/board.o
 .text.Board_Debug_Init
                0x1a000500       0x24 projects/TP2/TP2/out/libs/board/edu_ciaa_nxp/src/board.o
                0x1a000500                Board_Debug_Init
 .text.Board_Init
                0x1a000524       0x30 projects/TP2/TP2/out/libs/board/edu_ciaa_nxp/src/board.o
                0x1a000524                Board_Init
 .text.Chip_GPIO_Init
                0x1a000554        0x2 projects/TP2/TP2/out/libs/board/lpc_chip_43xx/src/gpio_18xx_43xx.o
                0x1a000554                Chip_GPIO_Init
 *fill*         0x1a000556        0x2 ff
 .text.SystemCoreClockUpdate
                0x1a000558       0x14 projects/TP2/TP2/out/libs/board/lpc_chip_43xx/src/chip_18xx_43xx.o
                0x1a000558                SystemCoreClockUpdate
 .text.pll_calc_divs
                0x1a00056c       0xa0 projects/TP2/TP2/out/libs/board/lpc_chip_43xx/src/clock_18xx_43xx.o
 .text.pll_get_frac
                0x1a00060c      0x10c projects/TP2/TP2/out/libs/board/lpc_chip_43xx/src/clock_18xx_43xx.o
 .text.Chip_Clock_FindBaseClock
                0x1a000718       0x48 projects/TP2/TP2/out/libs/board/lpc_chip_43xx/src/clock_18xx_43xx.o
 .text.Chip_Clock_EnableCrystal
                0x1a000760       0x4c projects/TP2/TP2/out/libs/board/lpc_chip_43xx/src/clock_18xx_43xx.o
                0x1a000760                Chip_Clock_EnableCrystal
 .text.Chip_Clock_GetDividerSource
                0x1a0007ac       0x1c projects/TP2/TP2/out/libs/board/lpc_chip_43xx/src/clock_18xx_43xx.o
                0x1a0007ac                Chip_Clock_GetDividerSource
 .text.Chip_Clock_GetDividerDivisor
                0x1a0007c8       0x1c projects/TP2/TP2/out/libs/board/lpc_chip_43xx/src/clock_18xx_43xx.o
                0x1a0007c8                Chip_Clock_GetDividerDivisor
 .text.Chip_Clock_GetClockInputHz
                0x1a0007e4       0xb8 projects/TP2/TP2/out/libs/board/lpc_chip_43xx/src/clock_18xx_43xx.o
                0x1a0007e4                Chip_Clock_GetClockInputHz
 .text.Chip_Clock_CalcMainPLLValue
                0x1a00089c       0x80 projects/TP2/TP2/out/libs/board/lpc_chip_43xx/src/clock_18xx_43xx.o
                0x1a00089c                Chip_Clock_CalcMainPLLValue
 .text.Chip_Clock_GetMainPLLHz
                0x1a00091c       0x68 projects/TP2/TP2/out/libs/board/lpc_chip_43xx/src/clock_18xx_43xx.o
                0x1a00091c                Chip_Clock_GetMainPLLHz
 .text.Chip_Clock_GetDivRate
                0x1a000984       0x22 projects/TP2/TP2/out/libs/board/lpc_chip_43xx/src/clock_18xx_43xx.o
 *fill*         0x1a0009a6        0x2 ff
 .text.Chip_Clock_SetBaseClock
                0x1a0009a8       0x58 projects/TP2/TP2/out/libs/board/lpc_chip_43xx/src/clock_18xx_43xx.o
                0x1a0009a8                Chip_Clock_SetBaseClock
 .text.Chip_Clock_GetBaseClock
                0x1a000a00       0x28 projects/TP2/TP2/out/libs/board/lpc_chip_43xx/src/clock_18xx_43xx.o
                0x1a000a00                Chip_Clock_GetBaseClock
 .text.Chip_Clock_GetBaseClocktHz
                0x1a000a28        0xc projects/TP2/TP2/out/libs/board/lpc_chip_43xx/src/clock_18xx_43xx.o
                0x1a000a28                Chip_Clock_GetBaseClocktHz
 .text.Chip_Clock_EnableOpts
                0x1a000a34       0x3c projects/TP2/TP2/out/libs/board/lpc_chip_43xx/src/clock_18xx_43xx.o
                0x1a000a34                Chip_Clock_EnableOpts
 .text.Chip_Clock_Enable
                0x1a000a70       0x34 projects/TP2/TP2/out/libs/board/lpc_chip_43xx/src/clock_18xx_43xx.o
                0x1a000a70                Chip_Clock_Enable
 .text.Chip_Clock_GetRate
                0x1a000aa4       0x4c projects/TP2/TP2/out/libs/board/lpc_chip_43xx/src/clock_18xx_43xx.o
                0x1a000aa4                Chip_Clock_GetRate
 .text.Chip_SSP_GetClockIndex
                0x1a000af0       0x14 projects/TP2/TP2/out/libs/board/lpc_chip_43xx/src/ssp_18xx_43xx.o
 .text.Chip_SSP_GetPeriphClockIndex
                0x1a000b04       0x18 projects/TP2/TP2/out/libs/board/lpc_chip_43xx/src/ssp_18xx_43xx.o
 .text.Chip_SSP_SetClockRate
                0x1a000b1c       0x12 projects/TP2/TP2/out/libs/board/lpc_chip_43xx/src/ssp_18xx_43xx.o
                0x1a000b1c                Chip_SSP_SetClockRate
 .text.Chip_SSP_SetBitRate
                0x1a000b2e       0x3e projects/TP2/TP2/out/libs/board/lpc_chip_43xx/src/ssp_18xx_43xx.o
                0x1a000b2e                Chip_SSP_SetBitRate
 .text.Chip_SSP_Init
                0x1a000b6c       0x38 projects/TP2/TP2/out/libs/board/lpc_chip_43xx/src/ssp_18xx_43xx.o
                0x1a000b6c                Chip_SSP_Init
 .text.Chip_UART_GetIndex
                0x1a000ba4       0x2c projects/TP2/TP2/out/libs/board/lpc_chip_43xx/src/uart_18xx_43xx.o
 .text.Chip_UART_Init
                0x1a000bd0       0x54 projects/TP2/TP2/out/libs/board/lpc_chip_43xx/src/uart_18xx_43xx.o
                0x1a000bd0                Chip_UART_Init
 .text.Chip_UART_SetBaudFDR
                0x1a000c24       0xdc projects/TP2/TP2/out/libs/board/lpc_chip_43xx/src/uart_18xx_43xx.o
                0x1a000c24                Chip_UART_SetBaudFDR
 .text.Chip_I2C_EventHandler
                0x1a000d00       0x20 projects/TP2/TP2/out/libs/board/lpc_chip_43xx/src/i2c_18xx_43xx.o
                0x1a000d00                Chip_I2C_EventHandler
 .text.Chip_I2C_Init
                0x1a000d20       0x28 projects/TP2/TP2/out/libs/board/lpc_chip_43xx/src/i2c_18xx_43xx.o
                0x1a000d20                Chip_I2C_Init
 .text.Chip_I2C_SetClockRate
                0x1a000d48       0x3c projects/TP2/TP2/out/libs/board/lpc_chip_43xx/src/i2c_18xx_43xx.o
                0x1a000d48                Chip_I2C_SetClockRate
 .text.Chip_ADC_GetClockIndex
                0x1a000d84       0x14 projects/TP2/TP2/out/libs/board/lpc_chip_43xx/src/adc_18xx_43xx.o
 .text.getClkDiv
                0x1a000d98       0x32 projects/TP2/TP2/out/libs/board/lpc_chip_43xx/src/adc_18xx_43xx.o
 *fill*         0x1a000dca        0x2 ff
 .text.Chip_ADC_Init
                0x1a000dcc       0x40 projects/TP2/TP2/out/libs/board/lpc_chip_43xx/src/adc_18xx_43xx.o
                0x1a000dcc                Chip_ADC_Init
 .text.Chip_ADC_SetSampleRate
                0x1a000e0c       0x32 projects/TP2/TP2/out/libs/board/lpc_chip_43xx/src/adc_18xx_43xx.o
                0x1a000e0c                Chip_ADC_SetSampleRate
 .text.Chip_ADC_SetResolution
                0x1a000e3e        0xc projects/TP2/TP2/out/libs/board/lpc_chip_43xx/src/adc_18xx_43xx.o
                0x1a000e3e                Chip_ADC_SetResolution
 *fill*         0x1a000e4a        0x2 ff
 .text.Chip_SetupCoreClock
                0x1a000e4c      0x158 projects/TP2/TP2/out/libs/board/lpc_chip_43xx/src/sysinit_18xx_43xx.o
                0x1a000e4c                Chip_SetupCoreClock
 .text.SystemInit
                0x1a000fa4       0x38 projects/TP2/TP2/out/libs/board/lpc_startup/src/sysinit.o
                0x1a000fa4                SystemInit
 .text.initialise_monitor_handles
                0x1a000fdc        0x2 projects/TP2/TP2/out/libs/cmsis_core/src/armv7m_startup.o
                0x1a000fdc                initialise_monitor_handles
 *fill*         0x1a000fde        0x2 ff
 .text.Reset_Handler
                0x1a000fe0       0x88 projects/TP2/TP2/out/libs/cmsis_core/src/armv7m_startup.o
                0x1a000fe0                Reset_Handler
 .text._fini    0x1a001068        0x2 projects/TP2/TP2/out/libs/cmsis_core/src/armv7m_startup.o
                0x1a001068                _fini
 .text._init    0x1a00106a        0x2 projects/TP2/TP2/out/libs/cmsis_core/src/armv7m_startup.o
                0x1a00106a                _init
 .text          0x1a00106c       0x30 c:/nxp/mcuxpressoide_11.2.1_4149/ide/plugins/com.nxp.mcuxpresso.tools.win32_11.2.0.202008311134/tools/bin/../lib/gcc/arm-none-eabi/9.2.1/thumb/v7e-m+fp/hard\libgcc.a(_aeabi_uldivmod.o)
                0x1a00106c                __aeabi_uldivmod
 .text          0x1a00109c      0x2c4 c:/nxp/mcuxpressoide_11.2.1_4149/ide/plugins/com.nxp.mcuxpresso.tools.win32_11.2.0.202008311134/tools/bin/../lib/gcc/arm-none-eabi/9.2.1/thumb/v7e-m+fp/hard\libgcc.a(_udivmoddi4.o)
                0x1a00109c                __udivmoddi4
 .text          0x1a001360        0x4 c:/nxp/mcuxpressoide_11.2.1_4149/ide/plugins/com.nxp.mcuxpresso.tools.win32_11.2.0.202008311134/tools/bin/../lib/gcc/arm-none-eabi/9.2.1/thumb/v7e-m+fp/hard\libgcc.a(_dvmd_tls.o)
                0x1a001360                __aeabi_idiv0
                0x1a001360                __aeabi_ldiv0
 .text.__libc_init_array
                0x1a001364       0x48 c:/nxp/mcuxpressoide_11.2.1_4149/ide/plugins/com.nxp.mcuxpresso.tools.win32_11.2.0.202008311134/tools/bin/../lib/gcc/arm-none-eabi/9.2.1/../../../../arm-none-eabi/lib/thumb/v7e-m+fp/hard\libc_nano.a(lib_a-init.o)
                0x1a001364                __libc_init_array
 .text.memset   0x1a0013ac       0x10 c:/nxp/mcuxpressoide_11.2.1_4149/ide/plugins/com.nxp.mcuxpresso.tools.win32_11.2.0.202008311134/tools/bin/../lib/gcc/arm-none-eabi/9.2.1/../../../../arm-none-eabi/lib/thumb/v7e-m+fp/hard\libc_nano.a(lib_a-memset.o)
                0x1a0013ac                memset
 *(.rodata .rodata.* .constdata .constdata.*)
 .rodata.InitClkStates
                0x1a0013bc        0x4 projects/TP2/TP2/out/libs/board/edu_ciaa_nxp/src/board_sysinit.o
 .rodata.pinmuxing
                0x1a0013c0       0x74 projects/TP2/TP2/out/libs/board/edu_ciaa_nxp/src/board_sysinit.o
 .rodata.ExtRateIn
                0x1a001434        0x4 projects/TP2/TP2/out/libs/board/edu_ciaa_nxp/src/board.o
                0x1a001434                ExtRateIn
 .rodata.GpioButtons
                0x1a001438        0x8 projects/TP2/TP2/out/libs/board/edu_ciaa_nxp/src/board.o
 .rodata.GpioLeds
                0x1a001440        0xc projects/TP2/TP2/out/libs/board/edu_ciaa_nxp/src/board.o
 .rodata.GpioPorts
                0x1a00144c       0x12 projects/TP2/TP2/out/libs/board/edu_ciaa_nxp/src/board.o
 *fill*         0x1a00145e        0x2 ff
 .rodata.OscRateIn
                0x1a001460        0x4 projects/TP2/TP2/out/libs/board/edu_ciaa_nxp/src/board.o
                0x1a001460                OscRateIn
 .rodata.Chip_Clock_SetDivider.str1.4
                0x1a001464        0x6 projects/TP2/TP2/out/libs/board/lpc_chip_43xx/src/clock_18xx_43xx.o
 *fill*         0x1a00146a        0x2 ff
 .rodata.periph_to_base
                0x1a00146c       0x6c projects/TP2/TP2/out/libs/board/lpc_chip_43xx/src/clock_18xx_43xx.o
 .rodata.UART_BClock
                0x1a0014d8        0x8 projects/TP2/TP2/out/libs/board/lpc_chip_43xx/src/uart_18xx_43xx.o
 .rodata.UART_PClock
                0x1a0014e0        0x8 projects/TP2/TP2/out/libs/board/lpc_chip_43xx/src/uart_18xx_43xx.o
 .rodata.InitClkStates
                0x1a0014e8       0x48 projects/TP2/TP2/out/libs/board/lpc_chip_43xx/src/sysinit_18xx_43xx.o
                0x1a001530                . = ALIGN (0x4)

.glue_7         0x1a001530        0x0
 .glue_7        0x1a001530        0x0 linker stubs

.glue_7t        0x1a001530        0x0
 .glue_7t       0x1a001530        0x0 linker stubs

.vfp11_veneer   0x1a001530        0x0
 .vfp11_veneer  0x1a001530        0x0 linker stubs

.v4_bx          0x1a001530        0x0
 .v4_bx         0x1a001530        0x0 linker stubs

.iplt           0x1a001530        0x0
 .iplt          0x1a001530        0x0 projects/TP2/TP2/out/libs/board/edu_ciaa_nxp/src/board_sysinit.o
                0x1a001530                . = ALIGN (0x4)

.preinit_array  0x1a001530        0x0
                0x1a001530                PROVIDE (__preinit_array_start = .)
 *(.preinit_array*)
                0x1a001530                PROVIDE (__preinit_array_end = .)

.init_array     0x1a001530        0x0
                0x1a001530                PROVIDE (__init_array_start = .)
 *(SORT_BY_NAME(.init_array.*))
 *(.init_array*)
                0x1a001530                PROVIDE (__init_array_end = .)
                0x1a001530                . = ALIGN (0x4)

.ARM.extab
 *(.ARM.extab* .gnu.linkonce.armextab.*)
                0x1a001530                __exidx_start = .

.ARM.exidx      0x1a001530        0x8
 *(.ARM.exidx* .gnu.linkonce.armexidx.*)
 .ARM.exidx     0x1a001530        0x8 c:/nxp/mcuxpressoide_11.2.1_4149/ide/plugins/com.nxp.mcuxpresso.tools.win32_11.2.0.202008311134/tools/bin/../lib/gcc/arm-none-eabi/9.2.1/thumb/v7e-m+fp/hard\libgcc.a(_udivmoddi4.o)
                0x1a001538                __exidx_end = .
                0x1a001538                _etext = .

.rel.dyn        0x1a001538        0x0
 .rel.iplt      0x1a001538        0x0 projects/TP2/TP2/out/libs/board/edu_ciaa_nxp/src/board_sysinit.o

.data_RAM2      0x10080000        0x0 load address 0x1a001538
 FILL mask 0xff
 *(.ramfunc.$RAM2)
 *(.ramfunc.$RamLoc40)
 *(.data.$RAM2*)
 *(.data.$RamLoc40*)
                0x10080000                . = ALIGN (0x4)

.data_RAM3      0x20000000        0x0 load address 0x1a001538
 FILL mask 0xff
 *(.ramfunc.$RAM3)
 *(.ramfunc.$RamAHB32)
 *(.data.$RAM3*)
 *(.data.$RamAHB32*)
                0x20000000                . = ALIGN (0x4)

.data_RAM4      0x20008000        0x0 load address 0x1a001538
 FILL mask 0xff
 *(.ramfunc.$RAM4)
 *(.ramfunc.$RamAHB16)
 *(.data.$RAM4*)
 *(.data.$RamAHB16*)
                0x20008000                . = ALIGN (0x4)

.data_RAM5      0x2000c000        0x0 load address 0x1a001538
 FILL mask 0xff
 *(.ramfunc.$RAM5)
 *(.ramfunc.$RamAHB_ETB16)
 *(.data.$RAM5*)
 *(.data.$RamAHB_ETB16*)
                0x2000c000                . = ALIGN (0x4)

.uninit_RESERVED
                0x10000000        0x0
 *(.bss.$RESERVED*)
                0x10000000                . = ALIGN (0x4)
                0x10000000                _end_uninit_RESERVED = .

.data           0x10000000       0x38 load address 0x1a001538
 FILL mask 0xff
                0x10000000                _data = .
 *(vtable)
 *(.ramfunc*)
 *(.data*)
 .data.i2c      0x10000000       0x38 projects/TP2/TP2/out/libs/board/lpc_chip_43xx/src/i2c_18xx_43xx.o
                0x10000038                . = ALIGN (0x4)
                0x10000038                _edata = .

.igot.plt       0x10000038        0x0 load address 0x1a001570
 .igot.plt      0x10000038        0x0 projects/TP2/TP2/out/libs/board/edu_ciaa_nxp/src/board_sysinit.o

.bss_RAM2       0x10080000        0x0
 *(.bss.$RAM2*)
 *(.bss.$RamLoc40*)
                0x10080000                . = ALIGN (0x4)

.bss_RAM3       0x20000000        0x0
 *(.bss.$RAM3*)
 *(.bss.$RamAHB32*)
                0x20000000                . = ALIGN (0x4)

.bss_RAM4       0x20008000        0x0
 *(.bss.$RAM4*)
 *(.bss.$RamAHB16*)
                0x20008000                . = ALIGN (0x4)

.bss_RAM5       0x2000c000        0x0
 *(.bss.$RAM5*)
 *(.bss.$RamAHB_ETB16*)
                0x2000c000                . = ALIGN (0x4)

.bss            0x10000038        0xc
                0x10000038                _bss = .
 *(.bss*)
 .bss.audio_usb_pll_freq
                0x10000038        0x8 projects/TP2/TP2/out/libs/board/lpc_chip_43xx/src/clock_18xx_43xx.o
 *(COMMON)
 COMMON         0x10000040        0x4 projects/TP2/TP2/out/libs/board/lpc_chip_43xx/src/chip_18xx_43xx.o
                0x10000040                SystemCoreClock
                0x10000044                . = ALIGN (0x4)
                0x10000044                _ebss = .
                [!provide]                PROVIDE (end = .)

.noinit_RAM2    0x10080000        0x0
 *(.noinit.$RAM2*)
 *(.noinit.$RamLoc40*)
                0x10080000                . = ALIGN (0x4)

.noinit_RAM3    0x20000000        0x0
 *(.noinit.$RAM3*)
 *(.noinit.$RamAHB32*)
                0x20000000                . = ALIGN (0x4)

.noinit_RAM4    0x20008000        0x0
 *(.noinit.$RAM4*)
 *(.noinit.$RamAHB16*)
                0x20008000                . = ALIGN (0x4)

.noinit_RAM5    0x2000c000        0x0
 *(.noinit.$RAM5*)
 *(.noinit.$RamAHB_ETB16*)
                0x2000c000                . = ALIGN (0x4)

.noinit         0x10000044        0x0
                0x10000044                _noinit = .
 *(.noinit*)
                0x10000044                . = ALIGN (0x4)
                0x10000044                _end_noinit = .
                [!provide]                PROVIDE (_pvHeapStart = .)
                0x10008000                PROVIDE (_vStackTop = (__top_RamLoc32 - 0x0))
                0x53ff68a4                PROVIDE (__valid_user_code_checksum = (0x0 - ((((((_vStackTop + (Reset_Handler + 0x1)) + (NMI_Handler + 0x1)) + (HardFault_Handler + 0x1)) + (DEFINED (MemManage_Handler)?MemManage_Handler:0x0 + 0x1)) + (DEFINED (BusFault_Handler)?BusFault_Handler:0x0 + 0x1)) + (DEFINED (UsageFault_Handler)?UsageFault_Handler:0x0 + 0x1))))
OUTPUT(projects/TP2/TP2/out/TP2.elf elf32-littlearm)

.debug_info     0x00000000     0xd537
 .debug_info    0x00000000     0x15c8 projects/TP2/TP2/out/libs/board/edu_ciaa_nxp/src/board_sysinit.o
 .debug_info    0x000015c8     0x23f7 projects/TP2/TP2/out/libs/board/edu_ciaa_nxp/src/board.o
 .debug_info    0x000039bf      0x232 projects/TP2/TP2/out/libs/board/lpc_chip_43xx/src/gpio_18xx_43xx.o
 .debug_info    0x00003bf1      0xc97 projects/TP2/TP2/out/libs/board/lpc_chip_43xx/src/chip_18xx_43xx.o
 .debug_info    0x00004888     0x1b89 projects/TP2/TP2/out/libs/board/lpc_chip_43xx/src/clock_18xx_43xx.o
 .debug_info    0x00006411     0x1a32 projects/TP2/TP2/out/libs/board/lpc_chip_43xx/src/ssp_18xx_43xx.o
 .debug_info    0x00007e43     0x1988 projects/TP2/TP2/out/libs/board/lpc_chip_43xx/src/uart_18xx_43xx.o
 .debug_info    0x000097cb     0x158d projects/TP2/TP2/out/libs/board/lpc_chip_43xx/src/i2c_18xx_43xx.o
 .debug_info    0x0000ad58      0xc12 projects/TP2/TP2/out/libs/board/lpc_chip_43xx/src/adc_18xx_43xx.o
 .debug_info    0x0000b96a      0xb39 projects/TP2/TP2/out/libs/board/lpc_chip_43xx/src/sysinit_18xx_43xx.o
 .debug_info    0x0000c4a3       0x76 projects/TP2/TP2/out/libs/board/lpc_startup/src/vendor_interrupt.o
 .debug_info    0x0000c519      0xc81 projects/TP2/TP2/out/libs/board/lpc_startup/src/sysinit.o
 .debug_info    0x0000d19a       0x40 projects/TP2/TP2/out/libs/board/lpc_startup/src/crp.o
 .debug_info    0x0000d1da      0x35d projects/TP2/TP2/out/libs/cmsis_core/src/armv7m_startup.o

.debug_abbrev   0x00000000     0x2379
 .debug_abbrev  0x00000000      0x352 projects/TP2/TP2/out/libs/board/edu_ciaa_nxp/src/board_sysinit.o
 .debug_abbrev  0x00000352      0x512 projects/TP2/TP2/out/libs/board/edu_ciaa_nxp/src/board.o
 .debug_abbrev  0x00000864      0x114 projects/TP2/TP2/out/libs/board/lpc_chip_43xx/src/gpio_18xx_43xx.o
 .debug_abbrev  0x00000978      0x1ee projects/TP2/TP2/out/libs/board/lpc_chip_43xx/src/chip_18xx_43xx.o
 .debug_abbrev  0x00000b66      0x3f1 projects/TP2/TP2/out/libs/board/lpc_chip_43xx/src/clock_18xx_43xx.o
 .debug_abbrev  0x00000f57      0x393 projects/TP2/TP2/out/libs/board/lpc_chip_43xx/src/ssp_18xx_43xx.o
 .debug_abbrev  0x000012ea      0x42c projects/TP2/TP2/out/libs/board/lpc_chip_43xx/src/uart_18xx_43xx.o
 .debug_abbrev  0x00001716      0x3d7 projects/TP2/TP2/out/libs/board/lpc_chip_43xx/src/i2c_18xx_43xx.o
 .debug_abbrev  0x00001aed      0x219 projects/TP2/TP2/out/libs/board/lpc_chip_43xx/src/adc_18xx_43xx.o
 .debug_abbrev  0x00001d06      0x245 projects/TP2/TP2/out/libs/board/lpc_chip_43xx/src/sysinit_18xx_43xx.o
 .debug_abbrev  0x00001f4b       0x78 projects/TP2/TP2/out/libs/board/lpc_startup/src/vendor_interrupt.o
 .debug_abbrev  0x00001fc3      0x257 projects/TP2/TP2/out/libs/board/lpc_startup/src/sysinit.o
 .debug_abbrev  0x0000221a       0x38 projects/TP2/TP2/out/libs/board/lpc_startup/src/crp.o
 .debug_abbrev  0x00002252      0x127 projects/TP2/TP2/out/libs/cmsis_core/src/armv7m_startup.o

.debug_loc      0x00000000     0x560c
 .debug_loc     0x00000000      0x10f projects/TP2/TP2/out/libs/board/edu_ciaa_nxp/src/board_sysinit.o
 .debug_loc     0x0000010f      0x659 projects/TP2/TP2/out/libs/board/edu_ciaa_nxp/src/board.o
 .debug_loc     0x00000768     0x156a projects/TP2/TP2/out/libs/board/lpc_chip_43xx/src/clock_18xx_43xx.o
 .debug_loc     0x00001cd2     0x1007 projects/TP2/TP2/out/libs/board/lpc_chip_43xx/src/ssp_18xx_43xx.o
 .debug_loc     0x00002cd9      0xf0e projects/TP2/TP2/out/libs/board/lpc_chip_43xx/src/uart_18xx_43xx.o
 .debug_loc     0x00003be7      0xe23 projects/TP2/TP2/out/libs/board/lpc_chip_43xx/src/i2c_18xx_43xx.o
 .debug_loc     0x00004a0a      0x7a3 projects/TP2/TP2/out/libs/board/lpc_chip_43xx/src/adc_18xx_43xx.o
 .debug_loc     0x000051ad      0x1e2 projects/TP2/TP2/out/libs/board/lpc_chip_43xx/src/sysinit_18xx_43xx.o
 .debug_loc     0x0000538f       0x15 projects/TP2/TP2/out/libs/board/lpc_startup/src/sysinit.o
 .debug_loc     0x000053a4      0x268 projects/TP2/TP2/out/libs/cmsis_core/src/armv7m_startup.o

.debug_aranges  0x00000000      0x648
 .debug_aranges
                0x00000000       0x30 projects/TP2/TP2/out/libs/board/edu_ciaa_nxp/src/board_sysinit.o
 .debug_aranges
                0x00000030       0xc0 projects/TP2/TP2/out/libs/board/edu_ciaa_nxp/src/board.o
 .debug_aranges
                0x000000f0       0x28 projects/TP2/TP2/out/libs/board/lpc_chip_43xx/src/gpio_18xx_43xx.o
 .debug_aranges
                0x00000118       0x38 projects/TP2/TP2/out/libs/board/lpc_chip_43xx/src/chip_18xx_43xx.o
 .debug_aranges
                0x00000150      0x128 projects/TP2/TP2/out/libs/board/lpc_chip_43xx/src/clock_18xx_43xx.o
 .debug_aranges
                0x00000278       0xa0 projects/TP2/TP2/out/libs/board/lpc_chip_43xx/src/ssp_18xx_43xx.o
 .debug_aranges
                0x00000318       0xa8 projects/TP2/TP2/out/libs/board/lpc_chip_43xx/src/uart_18xx_43xx.o
 .debug_aranges
                0x000003c0       0xd8 projects/TP2/TP2/out/libs/board/lpc_chip_43xx/src/i2c_18xx_43xx.o
 .debug_aranges
                0x00000498       0x90 projects/TP2/TP2/out/libs/board/lpc_chip_43xx/src/adc_18xx_43xx.o
 .debug_aranges
                0x00000528       0x38 projects/TP2/TP2/out/libs/board/lpc_chip_43xx/src/sysinit_18xx_43xx.o
 .debug_aranges
                0x00000560       0x20 projects/TP2/TP2/out/libs/board/lpc_startup/src/vendor_interrupt.o
 .debug_aranges
                0x00000580       0x20 projects/TP2/TP2/out/libs/board/lpc_startup/src/sysinit.o
 .debug_aranges
                0x000005a0       0x18 projects/TP2/TP2/out/libs/board/lpc_startup/src/crp.o
 .debug_aranges
                0x000005b8       0x90 projects/TP2/TP2/out/libs/cmsis_core/src/armv7m_startup.o

.debug_ranges   0x00000000      0x700
 .debug_ranges  0x00000000       0x50 projects/TP2/TP2/out/libs/board/edu_ciaa_nxp/src/board_sysinit.o
 .debug_ranges  0x00000050       0xf8 projects/TP2/TP2/out/libs/board/edu_ciaa_nxp/src/board.o
 .debug_ranges  0x00000148       0x18 projects/TP2/TP2/out/libs/board/lpc_chip_43xx/src/gpio_18xx_43xx.o
 .debug_ranges  0x00000160       0x28 projects/TP2/TP2/out/libs/board/lpc_chip_43xx/src/chip_18xx_43xx.o
 .debug_ranges  0x00000188      0x190 projects/TP2/TP2/out/libs/board/lpc_chip_43xx/src/clock_18xx_43xx.o
 .debug_ranges  0x00000318       0xf0 projects/TP2/TP2/out/libs/board/lpc_chip_43xx/src/ssp_18xx_43xx.o
 .debug_ranges  0x00000408       0xb0 projects/TP2/TP2/out/libs/board/lpc_chip_43xx/src/uart_18xx_43xx.o
 .debug_ranges  0x000004b8      0x100 projects/TP2/TP2/out/libs/board/lpc_chip_43xx/src/i2c_18xx_43xx.o
 .debug_ranges  0x000005b8       0x80 projects/TP2/TP2/out/libs/board/lpc_chip_43xx/src/adc_18xx_43xx.o
 .debug_ranges  0x00000638       0x28 projects/TP2/TP2/out/libs/board/lpc_chip_43xx/src/sysinit_18xx_43xx.o
 .debug_ranges  0x00000660       0x10 projects/TP2/TP2/out/libs/board/lpc_startup/src/vendor_interrupt.o
 .debug_ranges  0x00000670       0x10 projects/TP2/TP2/out/libs/board/lpc_startup/src/sysinit.o
 .debug_ranges  0x00000680       0x80 projects/TP2/TP2/out/libs/cmsis_core/src/armv7m_startup.o

.debug_macro    0x00000000     0x7ad4
 .debug_macro   0x00000000      0x42b projects/TP2/TP2/out/libs/board/edu_ciaa_nxp/src/board_sysinit.o
 .debug_macro   0x0000042b      0xaba projects/TP2/TP2/out/libs/board/edu_ciaa_nxp/src/board_sysinit.o
 .debug_macro   0x00000ee5       0x10 projects/TP2/TP2/out/libs/board/edu_ciaa_nxp/src/board_sysinit.o
 .debug_macro   0x00000ef5       0x22 projects/TP2/TP2/out/libs/board/edu_ciaa_nxp/src/board_sysinit.o
 .debug_macro   0x00000f17       0x56 projects/TP2/TP2/out/libs/board/edu_ciaa_nxp/src/board_sysinit.o
 .debug_macro   0x00000f6d       0x51 projects/TP2/TP2/out/libs/board/edu_ciaa_nxp/src/board_sysinit.o
 .debug_macro   0x00000fbe       0xef projects/TP2/TP2/out/libs/board/edu_ciaa_nxp/src/board_sysinit.o
 .debug_macro   0x000010ad       0x6a projects/TP2/TP2/out/libs/board/edu_ciaa_nxp/src/board_sysinit.o
 .debug_macro   0x00001117      0x1df projects/TP2/TP2/out/libs/board/edu_ciaa_nxp/src/board_sysinit.o
 .debug_macro   0x000012f6       0x22 projects/TP2/TP2/out/libs/board/edu_ciaa_nxp/src/board_sysinit.o
 .debug_macro   0x00001318       0x73 projects/TP2/TP2/out/libs/board/edu_ciaa_nxp/src/board_sysinit.o
 .debug_macro   0x0000138b       0x22 projects/TP2/TP2/out/libs/board/edu_ciaa_nxp/src/board_sysinit.o
 .debug_macro   0x000013ad       0x1c projects/TP2/TP2/out/libs/board/edu_ciaa_nxp/src/board_sysinit.o
 .debug_macro   0x000013c9       0x22 projects/TP2/TP2/out/libs/board/edu_ciaa_nxp/src/board_sysinit.o
 .debug_macro   0x000013eb       0xdf projects/TP2/TP2/out/libs/board/edu_ciaa_nxp/src/board_sysinit.o
 .debug_macro   0x000014ca     0x102d projects/TP2/TP2/out/libs/board/edu_ciaa_nxp/src/board_sysinit.o
 .debug_macro   0x000024f7      0x11f projects/TP2/TP2/out/libs/board/edu_ciaa_nxp/src/board_sysinit.o
 .debug_macro   0x00002616      0x2c3 projects/TP2/TP2/out/libs/board/edu_ciaa_nxp/src/board_sysinit.o
 .debug_macro   0x000028d9      0x112 projects/TP2/TP2/out/libs/board/edu_ciaa_nxp/src/board_sysinit.o
 .debug_macro   0x000029eb       0x11 projects/TP2/TP2/out/libs/board/edu_ciaa_nxp/src/board_sysinit.o
 .debug_macro   0x000029fc       0x2a projects/TP2/TP2/out/libs/board/edu_ciaa_nxp/src/board_sysinit.o
 .debug_macro   0x00002a26       0x16 projects/TP2/TP2/out/libs/board/edu_ciaa_nxp/src/board_sysinit.o
 .debug_macro   0x00002a3c      0x2e6 projects/TP2/TP2/out/libs/board/edu_ciaa_nxp/src/board_sysinit.o
 .debug_macro   0x00002d22       0x82 projects/TP2/TP2/out/libs/board/edu_ciaa_nxp/src/board_sysinit.o
 .debug_macro   0x00002da4      0x13d projects/TP2/TP2/out/libs/board/edu_ciaa_nxp/src/board_sysinit.o
 .debug_macro   0x00002ee1      0x198 projects/TP2/TP2/out/libs/board/edu_ciaa_nxp/src/board_sysinit.o
 .debug_macro   0x00003079       0x34 projects/TP2/TP2/out/libs/board/edu_ciaa_nxp/src/board_sysinit.o
 .debug_macro   0x000030ad       0x58 projects/TP2/TP2/out/libs/board/edu_ciaa_nxp/src/board_sysinit.o
 .debug_macro   0x00003105      0x236 projects/TP2/TP2/out/libs/board/edu_ciaa_nxp/src/board_sysinit.o
 .debug_macro   0x0000333b      0x572 projects/TP2/TP2/out/libs/board/edu_ciaa_nxp/src/board_sysinit.o
 .debug_macro   0x000038ad       0x16 projects/TP2/TP2/out/libs/board/edu_ciaa_nxp/src/board_sysinit.o
 .debug_macro   0x000038c3      0x18a projects/TP2/TP2/out/libs/board/edu_ciaa_nxp/src/board_sysinit.o
 .debug_macro   0x00003a4d       0x88 projects/TP2/TP2/out/libs/board/edu_ciaa_nxp/src/board_sysinit.o
 .debug_macro   0x00003ad5      0x1b9 projects/TP2/TP2/out/libs/board/edu_ciaa_nxp/src/board_sysinit.o
 .debug_macro   0x00003c8e      0x1da projects/TP2/TP2/out/libs/board/edu_ciaa_nxp/src/board_sysinit.o
 .debug_macro   0x00003e68       0x40 projects/TP2/TP2/out/libs/board/edu_ciaa_nxp/src/board_sysinit.o
 .debug_macro   0x00003ea8       0x1c projects/TP2/TP2/out/libs/board/edu_ciaa_nxp/src/board_sysinit.o
 .debug_macro   0x00003ec4       0x2e projects/TP2/TP2/out/libs/board/edu_ciaa_nxp/src/board_sysinit.o
 .debug_macro   0x00003ef2       0x2e projects/TP2/TP2/out/libs/board/edu_ciaa_nxp/src/board_sysinit.o
 .debug_macro   0x00003f20       0x22 projects/TP2/TP2/out/libs/board/edu_ciaa_nxp/src/board_sysinit.o
 .debug_macro   0x00003f42      0x201 projects/TP2/TP2/out/libs/board/edu_ciaa_nxp/src/board_sysinit.o
 .debug_macro   0x00004143       0xe0 projects/TP2/TP2/out/libs/board/edu_ciaa_nxp/src/board_sysinit.o
 .debug_macro   0x00004223      0x34c projects/TP2/TP2/out/libs/board/edu_ciaa_nxp/src/board_sysinit.o
 .debug_macro   0x0000456f       0xdc projects/TP2/TP2/out/libs/board/edu_ciaa_nxp/src/board_sysinit.o
 .debug_macro   0x0000464b       0xc4 projects/TP2/TP2/out/libs/board/edu_ciaa_nxp/src/board_sysinit.o
 .debug_macro   0x0000470f       0x8f projects/TP2/TP2/out/libs/board/edu_ciaa_nxp/src/board_sysinit.o
 .debug_macro   0x0000479e       0x94 projects/TP2/TP2/out/libs/board/edu_ciaa_nxp/src/board_sysinit.o
 .debug_macro   0x00004832       0xb8 projects/TP2/TP2/out/libs/board/edu_ciaa_nxp/src/board_sysinit.o
 .debug_macro   0x000048ea       0x4c projects/TP2/TP2/out/libs/board/edu_ciaa_nxp/src/board_sysinit.o
 .debug_macro   0x00004936       0x16 projects/TP2/TP2/out/libs/board/edu_ciaa_nxp/src/board_sysinit.o
 .debug_macro   0x0000494c      0x328 projects/TP2/TP2/out/libs/board/edu_ciaa_nxp/src/board_sysinit.o
 .debug_macro   0x00004c74       0x3a projects/TP2/TP2/out/libs/board/edu_ciaa_nxp/src/board_sysinit.o
 .debug_macro   0x00004cae       0xd0 projects/TP2/TP2/out/libs/board/edu_ciaa_nxp/src/board_sysinit.o
 .debug_macro   0x00004d7e       0x18 projects/TP2/TP2/out/libs/board/edu_ciaa_nxp/src/board_sysinit.o
 .debug_macro   0x00004d96       0x22 projects/TP2/TP2/out/libs/board/edu_ciaa_nxp/src/board_sysinit.o
 .debug_macro   0x00004db8       0x40 projects/TP2/TP2/out/libs/board/edu_ciaa_nxp/src/board_sysinit.o
 .debug_macro   0x00004df8       0x5e projects/TP2/TP2/out/libs/board/edu_ciaa_nxp/src/board_sysinit.o
 .debug_macro   0x00004e56       0x18 projects/TP2/TP2/out/libs/board/edu_ciaa_nxp/src/board_sysinit.o
 .debug_macro   0x00004e6e       0x35 projects/TP2/TP2/out/libs/board/edu_ciaa_nxp/src/board_sysinit.o
 .debug_macro   0x00004ea3       0x34 projects/TP2/TP2/out/libs/board/edu_ciaa_nxp/src/board_sysinit.o
 .debug_macro   0x00004ed7       0x16 projects/TP2/TP2/out/libs/board/edu_ciaa_nxp/src/board_sysinit.o
 .debug_macro   0x00004eed       0x97 projects/TP2/TP2/out/libs/board/edu_ciaa_nxp/src/board_sysinit.o
 .debug_macro   0x00004f84      0x356 projects/TP2/TP2/out/libs/board/edu_ciaa_nxp/src/board_sysinit.o
 .debug_macro   0x000052da       0xf6 projects/TP2/TP2/out/libs/board/edu_ciaa_nxp/src/board_sysinit.o
 .debug_macro   0x000053d0       0x10 projects/TP2/TP2/out/libs/board/edu_ciaa_nxp/src/board_sysinit.o
 .debug_macro   0x000053e0       0x58 projects/TP2/TP2/out/libs/board/edu_ciaa_nxp/src/board_sysinit.o
 .debug_macro   0x00005438       0x1f projects/TP2/TP2/out/libs/board/edu_ciaa_nxp/src/board_sysinit.o
 .debug_macro   0x00005457       0x43 projects/TP2/TP2/out/libs/board/edu_ciaa_nxp/src/board_sysinit.o
 .debug_macro   0x0000549a       0x20 projects/TP2/TP2/out/libs/board/edu_ciaa_nxp/src/board_sysinit.o
 .debug_macro   0x000054ba      0x18e projects/TP2/TP2/out/libs/board/edu_ciaa_nxp/src/board_sysinit.o
 .debug_macro   0x00005648       0x10 projects/TP2/TP2/out/libs/board/edu_ciaa_nxp/src/board_sysinit.o
 .debug_macro   0x00005658       0xb6 projects/TP2/TP2/out/libs/board/edu_ciaa_nxp/src/board_sysinit.o
 .debug_macro   0x0000570e       0x16 projects/TP2/TP2/out/libs/board/edu_ciaa_nxp/src/board_sysinit.o
 .debug_macro   0x00005724      0x129 projects/TP2/TP2/out/libs/board/edu_ciaa_nxp/src/board_sysinit.o
 .debug_macro   0x0000584d       0x20 projects/TP2/TP2/out/libs/board/edu_ciaa_nxp/src/board_sysinit.o
 .debug_macro   0x0000586d       0xee projects/TP2/TP2/out/libs/board/edu_ciaa_nxp/src/board_sysinit.o
 .debug_macro   0x0000595b      0x43d projects/TP2/TP2/out/libs/board/edu_ciaa_nxp/src/board.o
 .debug_macro   0x00005d98      0x315 projects/TP2/TP2/out/libs/board/lpc_chip_43xx/src/gpio_18xx_43xx.o
 .debug_macro   0x000060ad      0x315 projects/TP2/TP2/out/libs/board/lpc_chip_43xx/src/chip_18xx_43xx.o
 .debug_macro   0x000063c2      0x31b projects/TP2/TP2/out/libs/board/lpc_chip_43xx/src/clock_18xx_43xx.o
 .debug_macro   0x000066dd      0x315 projects/TP2/TP2/out/libs/board/lpc_chip_43xx/src/ssp_18xx_43xx.o
 .debug_macro   0x000069f2      0x315 projects/TP2/TP2/out/libs/board/lpc_chip_43xx/src/uart_18xx_43xx.o
 .debug_macro   0x00006d07      0x327 projects/TP2/TP2/out/libs/board/lpc_chip_43xx/src/i2c_18xx_43xx.o
 .debug_macro   0x0000702e      0x315 projects/TP2/TP2/out/libs/board/lpc_chip_43xx/src/adc_18xx_43xx.o
 .debug_macro   0x00007343      0x315 projects/TP2/TP2/out/libs/board/lpc_chip_43xx/src/sysinit_18xx_43xx.o
 .debug_macro   0x00007658       0x1d projects/TP2/TP2/out/libs/board/lpc_startup/src/vendor_interrupt.o
 .debug_macro   0x00007675      0x42b projects/TP2/TP2/out/libs/board/lpc_startup/src/sysinit.o
 .debug_macro   0x00007aa0       0x17 projects/TP2/TP2/out/libs/board/lpc_startup/src/crp.o
 .debug_macro   0x00007ab7       0x1d projects/TP2/TP2/out/libs/cmsis_core/src/armv7m_startup.o

.debug_line     0x00000000     0x92b9
 .debug_line    0x00000000      0x9a8 projects/TP2/TP2/out/libs/board/edu_ciaa_nxp/src/board_sysinit.o
 .debug_line    0x000009a8      0xe2b projects/TP2/TP2/out/libs/board/edu_ciaa_nxp/src/board.o
 .debug_line    0x000017d3      0x7c2 projects/TP2/TP2/out/libs/board/lpc_chip_43xx/src/gpio_18xx_43xx.o
 .debug_line    0x00001f95      0x850 projects/TP2/TP2/out/libs/board/lpc_chip_43xx/src/chip_18xx_43xx.o
 .debug_line    0x000027e5     0x1539 projects/TP2/TP2/out/libs/board/lpc_chip_43xx/src/clock_18xx_43xx.o
 .debug_line    0x00003d1e     0x1337 projects/TP2/TP2/out/libs/board/lpc_chip_43xx/src/ssp_18xx_43xx.o
 .debug_line    0x00005055      0xfb6 projects/TP2/TP2/out/libs/board/lpc_chip_43xx/src/uart_18xx_43xx.o
 .debug_line    0x0000600b     0x110f projects/TP2/TP2/out/libs/board/lpc_chip_43xx/src/i2c_18xx_43xx.o
 .debug_line    0x0000711a      0xb27 projects/TP2/TP2/out/libs/board/lpc_chip_43xx/src/adc_18xx_43xx.o
 .debug_line    0x00007c41      0xa04 projects/TP2/TP2/out/libs/board/lpc_chip_43xx/src/sysinit_18xx_43xx.o
 .debug_line    0x00008645       0x73 projects/TP2/TP2/out/libs/board/lpc_startup/src/vendor_interrupt.o
 .debug_line    0x000086b8      0x8d8 projects/TP2/TP2/out/libs/board/lpc_startup/src/sysinit.o
 .debug_line    0x00008f90       0x41 projects/TP2/TP2/out/libs/board/lpc_startup/src/crp.o
 .debug_line    0x00008fd1      0x2e8 projects/TP2/TP2/out/libs/cmsis_core/src/armv7m_startup.o

.debug_str      0x00000000    0x1d12c
 .debug_str     0x00000000    0x1adf7 projects/TP2/TP2/out/libs/board/edu_ciaa_nxp/src/board_sysinit.o
                              0x1b0de (size before relaxing)
 .debug_str     0x0001adf7      0x991 projects/TP2/TP2/out/libs/board/edu_ciaa_nxp/src/board.o
                              0x1b763 (size before relaxing)
 .debug_str     0x0001b788       0x3f projects/TP2/TP2/out/libs/board/lpc_chip_43xx/src/gpio_18xx_43xx.o
                              0x168f4 (size before relaxing)
 .debug_str     0x0001b7c7      0x157 projects/TP2/TP2/out/libs/board/lpc_chip_43xx/src/chip_18xx_43xx.o
                              0x17692 (size before relaxing)
 .debug_str     0x0001b91e      0x53b projects/TP2/TP2/out/libs/board/lpc_chip_43xx/src/clock_18xx_43xx.o
                              0x17b65 (size before relaxing)
 .debug_str     0x0001be59      0x3f5 projects/TP2/TP2/out/libs/board/lpc_chip_43xx/src/ssp_18xx_43xx.o
                              0x17333 (size before relaxing)
 .debug_str     0x0001c24e      0x381 projects/TP2/TP2/out/libs/board/lpc_chip_43xx/src/uart_18xx_43xx.o
                              0x177a2 (size before relaxing)
 .debug_str     0x0001c5cf      0x597 projects/TP2/TP2/out/libs/board/lpc_chip_43xx/src/i2c_18xx_43xx.o
                              0x178d4 (size before relaxing)
 .debug_str     0x0001cb66      0x142 projects/TP2/TP2/out/libs/board/lpc_chip_43xx/src/adc_18xx_43xx.o
                              0x1713d (size before relaxing)
 .debug_str     0x0001cca8       0xb9 projects/TP2/TP2/out/libs/board/lpc_chip_43xx/src/sysinit_18xx_43xx.o
                              0x175f3 (size before relaxing)
 .debug_str     0x0001cd61       0xaf projects/TP2/TP2/out/libs/board/lpc_startup/src/vendor_interrupt.o
                               0x2eca (size before relaxing)
 .debug_str     0x0001ce10       0xc3 projects/TP2/TP2/out/libs/board/lpc_startup/src/sysinit.o
                              0x1a3b7 (size before relaxing)
 .debug_str     0x0001ced3       0x40 projects/TP2/TP2/out/libs/board/lpc_startup/src/crp.o
                               0x2e5b (size before relaxing)
 .debug_str     0x0001cf13      0x219 projects/TP2/TP2/out/libs/cmsis_core/src/armv7m_startup.o
                               0x305d (size before relaxing)

.comment        0x00000000       0x79
 .comment       0x00000000       0x79 projects/TP2/TP2/out/libs/board/edu_ciaa_nxp/src/board_sysinit.o
                                 0x7a (size before relaxing)
 .comment       0x00000079       0x7a projects/TP2/TP2/out/libs/board/edu_ciaa_nxp/src/board.o
 .comment       0x00000079       0x7a projects/TP2/TP2/out/libs/board/lpc_chip_43xx/src/gpio_18xx_43xx.o
 .comment       0x00000079       0x7a projects/TP2/TP2/out/libs/board/lpc_chip_43xx/src/chip_18xx_43xx.o
 .comment       0x00000079       0x7a projects/TP2/TP2/out/libs/board/lpc_chip_43xx/src/clock_18xx_43xx.o
 .comment       0x00000079       0x7a projects/TP2/TP2/out/libs/board/lpc_chip_43xx/src/ssp_18xx_43xx.o
 .comment       0x00000079       0x7a projects/TP2/TP2/out/libs/board/lpc_chip_43xx/src/uart_18xx_43xx.o
 .comment       0x00000079       0x7a projects/TP2/TP2/out/libs/board/lpc_chip_43xx/src/i2c_18xx_43xx.o
 .comment       0x00000079       0x7a projects/TP2/TP2/out/libs/board/lpc_chip_43xx/src/adc_18xx_43xx.o
 .comment       0x00000079       0x7a projects/TP2/TP2/out/libs/board/lpc_chip_43xx/src/sysinit_18xx_43xx.o
 .comment       0x00000079       0x7a projects/TP2/TP2/out/libs/board/lpc_startup/src/vendor_interrupt.o
 .comment       0x00000079       0x7a projects/TP2/TP2/out/libs/board/lpc_startup/src/sysinit.o
 .comment       0x00000079       0x7a projects/TP2/TP2/out/libs/board/lpc_startup/src/crp.o
 .comment       0x00000079       0x7a projects/TP2/TP2/out/libs/cmsis_core/src/armv7m_startup.o

.ARM.attributes
                0x00000000       0x34
 .ARM.attributes
                0x00000000       0x34 projects/TP2/TP2/out/libs/board/edu_ciaa_nxp/src/board_sysinit.o
 .ARM.attributes
                0x00000034       0x34 projects/TP2/TP2/out/libs/board/edu_ciaa_nxp/src/board.o
 .ARM.attributes
                0x00000068       0x34 projects/TP2/TP2/out/libs/board/lpc_chip_43xx/src/gpio_18xx_43xx.o
 .ARM.attributes
                0x0000009c       0x34 projects/TP2/TP2/out/libs/board/lpc_chip_43xx/src/chip_18xx_43xx.o
 .ARM.attributes
                0x000000d0       0x34 projects/TP2/TP2/out/libs/board/lpc_chip_43xx/src/clock_18xx_43xx.o
 .ARM.attributes
                0x00000104       0x34 projects/TP2/TP2/out/libs/board/lpc_chip_43xx/src/ssp_18xx_43xx.o
 .ARM.attributes
                0x00000138       0x34 projects/TP2/TP2/out/libs/board/lpc_chip_43xx/src/uart_18xx_43xx.o
 .ARM.attributes
                0x0000016c       0x34 projects/TP2/TP2/out/libs/board/lpc_chip_43xx/src/i2c_18xx_43xx.o
 .ARM.attributes
                0x000001a0       0x34 projects/TP2/TP2/out/libs/board/lpc_chip_43xx/src/adc_18xx_43xx.o
 .ARM.attributes
                0x000001d4       0x34 projects/TP2/TP2/out/libs/board/lpc_chip_43xx/src/sysinit_18xx_43xx.o
 .ARM.attributes
                0x00000208       0x34 projects/TP2/TP2/out/libs/board/lpc_startup/src/vendor_interrupt.o
 .ARM.attributes
                0x0000023c       0x34 projects/TP2/TP2/out/libs/board/lpc_startup/src/sysinit.o
 .ARM.attributes
                0x00000270       0x39 projects/TP2/TP2/out/libs/board/lpc_startup/src/crp.o
 .ARM.attributes
                0x000002a9       0x34 projects/TP2/TP2/out/libs/cmsis_core/src/armv7m_startup.o
 .ARM.attributes
                0x000002dd       0x1e c:/nxp/mcuxpressoide_11.2.1_4149/ide/plugins/com.nxp.mcuxpresso.tools.win32_11.2.0.202008311134/tools/bin/../lib/gcc/arm-none-eabi/9.2.1/thumb/v7e-m+fp/hard\libgcc.a(_aeabi_uldivmod.o)
 .ARM.attributes
                0x000002fb       0x34 c:/nxp/mcuxpressoide_11.2.1_4149/ide/plugins/com.nxp.mcuxpresso.tools.win32_11.2.0.202008311134/tools/bin/../lib/gcc/arm-none-eabi/9.2.1/thumb/v7e-m+fp/hard\libgcc.a(_udivmoddi4.o)
 .ARM.attributes
                0x0000032f       0x1e c:/nxp/mcuxpressoide_11.2.1_4149/ide/plugins/com.nxp.mcuxpresso.tools.win32_11.2.0.202008311134/tools/bin/../lib/gcc/arm-none-eabi/9.2.1/thumb/v7e-m+fp/hard\libgcc.a(_dvmd_tls.o)
 .ARM.attributes
                0x0000034d       0x34 c:/nxp/mcuxpressoide_11.2.1_4149/ide/plugins/com.nxp.mcuxpresso.tools.win32_11.2.0.202008311134/tools/bin/../lib/gcc/arm-none-eabi/9.2.1/../../../../arm-none-eabi/lib/thumb/v7e-m+fp/hard\libc_nano.a(lib_a-init.o)
 .ARM.attributes
                0x00000381       0x34 c:/nxp/mcuxpressoide_11.2.1_4149/ide/plugins/com.nxp.mcuxpresso.tools.win32_11.2.0.202008311134/tools/bin/../lib/gcc/arm-none-eabi/9.2.1/../../../../arm-none-eabi/lib/thumb/v7e-m+fp/hard\libc_nano.a(lib_a-memset.o)

.debug_frame    0x00000000     0x1014
 .debug_frame   0x00000000       0x5c projects/TP2/TP2/out/libs/board/edu_ciaa_nxp/src/board_sysinit.o
 .debug_frame   0x0000005c      0x204 projects/TP2/TP2/out/libs/board/edu_ciaa_nxp/src/board.o
 .debug_frame   0x00000260       0x30 projects/TP2/TP2/out/libs/board/lpc_chip_43xx/src/gpio_18xx_43xx.o
 .debug_frame   0x00000290       0x70 projects/TP2/TP2/out/libs/board/lpc_chip_43xx/src/chip_18xx_43xx.o
 .debug_frame   0x00000300      0x320 projects/TP2/TP2/out/libs/board/lpc_chip_43xx/src/clock_18xx_43xx.o
 .debug_frame   0x00000620      0x1a0 projects/TP2/TP2/out/libs/board/lpc_chip_43xx/src/ssp_18xx_43xx.o
 .debug_frame   0x000007c0      0x1f4 projects/TP2/TP2/out/libs/board/lpc_chip_43xx/src/uart_18xx_43xx.o
 .debug_frame   0x000009b4      0x278 projects/TP2/TP2/out/libs/board/lpc_chip_43xx/src/i2c_18xx_43xx.o
 .debug_frame   0x00000c2c      0x160 projects/TP2/TP2/out/libs/board/lpc_chip_43xx/src/adc_18xx_43xx.o
 .debug_frame   0x00000d8c       0x80 projects/TP2/TP2/out/libs/board/lpc_chip_43xx/src/sysinit_18xx_43xx.o
 .debug_frame   0x00000e0c       0x20 projects/TP2/TP2/out/libs/board/lpc_startup/src/vendor_interrupt.o
 .debug_frame   0x00000e2c       0x28 projects/TP2/TP2/out/libs/board/lpc_startup/src/sysinit.o
 .debug_frame   0x00000e54      0x114 projects/TP2/TP2/out/libs/cmsis_core/src/armv7m_startup.o
 .debug_frame   0x00000f68       0x2c c:/nxp/mcuxpressoide_11.2.1_4149/ide/plugins/com.nxp.mcuxpresso.tools.win32_11.2.0.202008311134/tools/bin/../lib/gcc/arm-none-eabi/9.2.1/thumb/v7e-m+fp/hard\libgcc.a(_aeabi_uldivmod.o)
 .debug_frame   0x00000f94       0x34 c:/nxp/mcuxpressoide_11.2.1_4149/ide/plugins/com.nxp.mcuxpresso.tools.win32_11.2.0.202008311134/tools/bin/../lib/gcc/arm-none-eabi/9.2.1/thumb/v7e-m+fp/hard\libgcc.a(_udivmoddi4.o)
 .debug_frame   0x00000fc8       0x2c c:/nxp/mcuxpressoide_11.2.1_4149/ide/plugins/com.nxp.mcuxpresso.tools.win32_11.2.0.202008311134/tools/bin/../lib/gcc/arm-none-eabi/9.2.1/../../../../arm-none-eabi/lib/thumb/v7e-m+fp/hard\libc_nano.a(lib_a-init.o)
 .debug_frame   0x00000ff4       0x20 c:/nxp/mcuxpressoide_11.2.1_4149/ide/plugins/com.nxp.mcuxpresso.tools.win32_11.2.0.202008311134/tools/bin/../lib/gcc/arm-none-eabi/9.2.1/../../../../arm-none-eabi/lib/thumb/v7e-m+fp/hard\libc_nano.a(lib_a-memset.o)

Cross Reference Table

Symbol                                            File
ADC0_IRQHandler                                   projects/TP2/TP2/out/libs/board/lpc_startup/src/vendor_interrupt.o
ADC1_IRQHandler                                   projects/TP2/TP2/out/libs/board/lpc_startup/src/vendor_interrupt.o
ADCHS_IRQHandler                                  projects/TP2/TP2/out/libs/board/lpc_startup/src/vendor_interrupt.o
ATIMER_IRQHandler                                 projects/TP2/TP2/out/libs/board/lpc_startup/src/vendor_interrupt.o
Board_ADC_ReadBegin                               projects/TP2/TP2/out/libs/board/edu_ciaa_nxp/src/board.o
Board_ADC_ReadEnd                                 projects/TP2/TP2/out/libs/board/edu_ciaa_nxp/src/board.o
Board_ADC_ReadWait                                projects/TP2/TP2/out/libs/board/edu_ciaa_nxp/src/board.o
Board_Debug_Init                                  projects/TP2/TP2/out/libs/board/edu_ciaa_nxp/src/board.o
Board_Init                                        projects/TP2/TP2/out/libs/board/edu_ciaa_nxp/src/board.o
                                                  projects/TP2/TP2/out/libs/board/lpc_startup/src/sysinit.o
Board_LED_Set                                     projects/TP2/TP2/out/libs/board/edu_ciaa_nxp/src/board.o
Board_LED_Test                                    projects/TP2/TP2/out/libs/board/edu_ciaa_nxp/src/board.o
Board_LED_Toggle                                  projects/TP2/TP2/out/libs/board/edu_ciaa_nxp/src/board.o
Board_SetupClocking                               projects/TP2/TP2/out/libs/board/edu_ciaa_nxp/src/board_sysinit.o
Board_SetupMuxing                                 projects/TP2/TP2/out/libs/board/edu_ciaa_nxp/src/board_sysinit.o
Board_SystemInit                                  projects/TP2/TP2/out/libs/board/edu_ciaa_nxp/src/board_sysinit.o
                                                  projects/TP2/TP2/out/libs/board/lpc_startup/src/sysinit.o
Board_TEC_GetStatus                               projects/TP2/TP2/out/libs/board/edu_ciaa_nxp/src/board.o
Board_UARTGetChar                                 projects/TP2/TP2/out/libs/board/edu_ciaa_nxp/src/board.o
Board_UARTPutChar                                 projects/TP2/TP2/out/libs/board/edu_ciaa_nxp/src/board.o
Board_UARTPutSTR                                  projects/TP2/TP2/out/libs/board/edu_ciaa_nxp/src/board.o
BusFault_Handler                                  projects/TP2/TP2/out/libs/cmsis_core/src/armv7m_startup.o
CAN0_IRQHandler                                   projects/TP2/TP2/out/libs/board/lpc_startup/src/vendor_interrupt.o
CAN1_IRQHandler                                   projects/TP2/TP2/out/libs/board/lpc_startup/src/vendor_interrupt.o
CRP_WORD                                          projects/TP2/TP2/out/libs/board/lpc_startup/src/crp.o
Chip_ADC_DeInit                                   projects/TP2/TP2/out/libs/board/lpc_chip_43xx/src/adc_18xx_43xx.o
Chip_ADC_EnableChannel                            projects/TP2/TP2/out/libs/board/lpc_chip_43xx/src/adc_18xx_43xx.o
                                                  projects/TP2/TP2/out/libs/board/edu_ciaa_nxp/src/board.o
Chip_ADC_Init                                     projects/TP2/TP2/out/libs/board/lpc_chip_43xx/src/adc_18xx_43xx.o
                                                  projects/TP2/TP2/out/libs/board/edu_ciaa_nxp/src/board.o
Chip_ADC_Int_SetChannelCmd                        projects/TP2/TP2/out/libs/board/lpc_chip_43xx/src/adc_18xx_43xx.o
Chip_ADC_ReadByte                                 projects/TP2/TP2/out/libs/board/lpc_chip_43xx/src/adc_18xx_43xx.o
Chip_ADC_ReadStatus                               projects/TP2/TP2/out/libs/board/lpc_chip_43xx/src/adc_18xx_43xx.o
                                                  projects/TP2/TP2/out/libs/board/edu_ciaa_nxp/src/board.o
Chip_ADC_ReadValue                                projects/TP2/TP2/out/libs/board/lpc_chip_43xx/src/adc_18xx_43xx.o
                                                  projects/TP2/TP2/out/libs/board/edu_ciaa_nxp/src/board.o
Chip_ADC_SetBurstCmd                              projects/TP2/TP2/out/libs/board/lpc_chip_43xx/src/adc_18xx_43xx.o
                                                  projects/TP2/TP2/out/libs/board/edu_ciaa_nxp/src/board.o
Chip_ADC_SetResolution                            projects/TP2/TP2/out/libs/board/lpc_chip_43xx/src/adc_18xx_43xx.o
                                                  projects/TP2/TP2/out/libs/board/edu_ciaa_nxp/src/board.o
Chip_ADC_SetSampleRate                            projects/TP2/TP2/out/libs/board/lpc_chip_43xx/src/adc_18xx_43xx.o
                                                  projects/TP2/TP2/out/libs/board/edu_ciaa_nxp/src/board.o
Chip_ADC_SetStartMode                             projects/TP2/TP2/out/libs/board/lpc_chip_43xx/src/adc_18xx_43xx.o
                                                  projects/TP2/TP2/out/libs/board/edu_ciaa_nxp/src/board.o
Chip_AES_Config_DMA                               projects/TP2/TP2/out/libs/board/lpc_chip_43xx/src/aes_18xx_43xx.o
Chip_AES_GetStatusDMA                             projects/TP2/TP2/out/libs/board/lpc_chip_43xx/src/aes_18xx_43xx.o
Chip_AES_Init                                     projects/TP2/TP2/out/libs/board/lpc_chip_43xx/src/aes_18xx_43xx.o
Chip_AES_LoadIV_IC                                projects/TP2/TP2/out/libs/board/lpc_chip_43xx/src/aes_18xx_43xx.o
Chip_AES_LoadIV_SW                                projects/TP2/TP2/out/libs/board/lpc_chip_43xx/src/aes_18xx_43xx.o
Chip_AES_LoadKey                                  projects/TP2/TP2/out/libs/board/lpc_chip_43xx/src/aes_18xx_43xx.o
Chip_AES_LoadKeyRNG                               projects/TP2/TP2/out/libs/board/lpc_chip_43xx/src/aes_18xx_43xx.o
Chip_AES_LoadKeySW                                projects/TP2/TP2/out/libs/board/lpc_chip_43xx/src/aes_18xx_43xx.o
Chip_AES_Operate                                  projects/TP2/TP2/out/libs/board/lpc_chip_43xx/src/aes_18xx_43xx.o
Chip_AES_OperateDMA                               projects/TP2/TP2/out/libs/board/lpc_chip_43xx/src/aes_18xx_43xx.o
Chip_AES_ProgramKey                               projects/TP2/TP2/out/libs/board/lpc_chip_43xx/src/aes_18xx_43xx.o
Chip_AES_SetMode                                  projects/TP2/TP2/out/libs/board/lpc_chip_43xx/src/aes_18xx_43xx.o
Chip_ATIMER_DeInit                                projects/TP2/TP2/out/libs/board/lpc_chip_43xx/src/atimer_18xx_43xx.o
Chip_ATIMER_Init                                  projects/TP2/TP2/out/libs/board/lpc_chip_43xx/src/atimer_18xx_43xx.o
Chip_CCAN_AddReceiveID                            projects/TP2/TP2/out/libs/board/lpc_chip_43xx/src/ccan_18xx_43xx.o
Chip_CCAN_ClearStatus                             projects/TP2/TP2/out/libs/board/lpc_chip_43xx/src/ccan_18xx_43xx.o
Chip_CCAN_DeInit                                  projects/TP2/TP2/out/libs/board/lpc_chip_43xx/src/ccan_18xx_43xx.o
Chip_CCAN_DeleteReceiveID                         projects/TP2/TP2/out/libs/board/lpc_chip_43xx/src/ccan_18xx_43xx.o
Chip_CCAN_GetMsgObject                            projects/TP2/TP2/out/libs/board/lpc_chip_43xx/src/ccan_18xx_43xx.o
Chip_CCAN_Init                                    projects/TP2/TP2/out/libs/board/lpc_chip_43xx/src/ccan_18xx_43xx.o
Chip_CCAN_Send                                    projects/TP2/TP2/out/libs/board/lpc_chip_43xx/src/ccan_18xx_43xx.o
Chip_CCAN_SetBitRate                              projects/TP2/TP2/out/libs/board/lpc_chip_43xx/src/ccan_18xx_43xx.o
Chip_CCAN_SetMsgObject                            projects/TP2/TP2/out/libs/board/lpc_chip_43xx/src/ccan_18xx_43xx.o
Chip_CCAN_SetValidMsg                             projects/TP2/TP2/out/libs/board/lpc_chip_43xx/src/ccan_18xx_43xx.o
Chip_CCAN_TransferMsgObject                       projects/TP2/TP2/out/libs/board/lpc_chip_43xx/src/ccan_18xx_43xx.o
Chip_Clock_CalcMainPLLValue                       projects/TP2/TP2/out/libs/board/lpc_chip_43xx/src/clock_18xx_43xx.o
                                                  projects/TP2/TP2/out/libs/board/lpc_chip_43xx/src/sysinit_18xx_43xx.o
Chip_Clock_ClearPowerDown                         projects/TP2/TP2/out/libs/board/lpc_chip_43xx/src/clock_18xx_43xx.o
Chip_Clock_Disable                                projects/TP2/TP2/out/libs/board/lpc_chip_43xx/src/clock_18xx_43xx.o
                                                  projects/TP2/TP2/out/libs/board/lpc_chip_43xx/src/ccan_18xx_43xx.o
                                                  projects/TP2/TP2/out/libs/board/lpc_chip_43xx/src/dac_18xx_43xx.o
                                                  projects/TP2/TP2/out/libs/board/lpc_chip_43xx/src/lcd_18xx_43xx.o
                                                  projects/TP2/TP2/out/libs/board/lpc_chip_43xx/src/gpdma_18xx_43xx.o
                                                  projects/TP2/TP2/out/libs/board/lpc_chip_43xx/src/sct_18xx_43xx.o
                                                  projects/TP2/TP2/out/libs/board/lpc_chip_43xx/src/i2cm_18xx_43xx.o
                                                  projects/TP2/TP2/out/libs/board/lpc_chip_43xx/src/adc_18xx_43xx.o
                                                  projects/TP2/TP2/out/libs/board/lpc_chip_43xx/src/ritimer_18xx_43xx.o
                                                  projects/TP2/TP2/out/libs/board/lpc_chip_43xx/src/timer_18xx_43xx.o
                                                  projects/TP2/TP2/out/libs/board/lpc_chip_43xx/src/i2c_18xx_43xx.o
                                                  projects/TP2/TP2/out/libs/board/lpc_chip_43xx/src/enet_18xx_43xx.o
                                                  projects/TP2/TP2/out/libs/board/lpc_chip_43xx/src/uart_18xx_43xx.o
                                                  projects/TP2/TP2/out/libs/board/lpc_chip_43xx/src/ssp_18xx_43xx.o
                                                  projects/TP2/TP2/out/libs/board/lpc_chip_43xx/src/i2s_18xx_43xx.o
                                                  projects/TP2/TP2/out/libs/board/lpc_chip_43xx/src/spi_18xx_43xx.o
                                                  projects/TP2/TP2/out/libs/board/lpc_chip_43xx/src/sdif_18xx_43xx.o
Chip_Clock_DisableBaseClock                       projects/TP2/TP2/out/libs/board/lpc_chip_43xx/src/clock_18xx_43xx.o
Chip_Clock_DisableCrystal                         projects/TP2/TP2/out/libs/board/lpc_chip_43xx/src/clock_18xx_43xx.o
Chip_Clock_DisablePLL                             projects/TP2/TP2/out/libs/board/lpc_chip_43xx/src/clock_18xx_43xx.o
Chip_Clock_Enable                                 projects/TP2/TP2/out/libs/board/lpc_chip_43xx/src/clock_18xx_43xx.o
                                                  projects/TP2/TP2/out/libs/board/lpc_chip_43xx/src/i2cm_18xx_43xx.o
                                                  projects/TP2/TP2/out/libs/board/lpc_chip_43xx/src/timer_18xx_43xx.o
                                                  projects/TP2/TP2/out/libs/board/lpc_chip_43xx/src/i2c_18xx_43xx.o
                                                  projects/TP2/TP2/out/libs/board/lpc_chip_43xx/src/ssp_18xx_43xx.o
                                                  projects/TP2/TP2/out/libs/board/lpc_chip_43xx/src/i2s_18xx_43xx.o
                                                  projects/TP2/TP2/out/libs/board/lpc_chip_43xx/src/spi_18xx_43xx.o
Chip_Clock_EnableBaseClock                        projects/TP2/TP2/out/libs/board/lpc_chip_43xx/src/clock_18xx_43xx.o
                                                  projects/TP2/TP2/out/libs/board/lpc_chip_43xx/src/chip_18xx_43xx.o
Chip_Clock_EnableCrystal                          projects/TP2/TP2/out/libs/board/lpc_chip_43xx/src/clock_18xx_43xx.o
                                                  projects/TP2/TP2/out/libs/board/lpc_chip_43xx/src/sysinit_18xx_43xx.o
Chip_Clock_EnableOpts                             projects/TP2/TP2/out/libs/board/lpc_chip_43xx/src/clock_18xx_43xx.o
                                                  projects/TP2/TP2/out/libs/board/lpc_chip_43xx/src/ccan_18xx_43xx.o
                                                  projects/TP2/TP2/out/libs/board/lpc_chip_43xx/src/dac_18xx_43xx.o
                                                  projects/TP2/TP2/out/libs/board/lpc_chip_43xx/src/lcd_18xx_43xx.o
                                                  projects/TP2/TP2/out/libs/board/lpc_chip_43xx/src/gpdma_18xx_43xx.o
                                                  projects/TP2/TP2/out/libs/board/lpc_chip_43xx/src/sct_18xx_43xx.o
                                                  projects/TP2/TP2/out/libs/board/lpc_chip_43xx/src/adc_18xx_43xx.o
                                                  projects/TP2/TP2/out/libs/board/lpc_chip_43xx/src/ritimer_18xx_43xx.o
                                                  projects/TP2/TP2/out/libs/board/lpc_chip_43xx/src/enet_18xx_43xx.o
                                                  projects/TP2/TP2/out/libs/board/lpc_chip_43xx/src/uart_18xx_43xx.o
                                                  projects/TP2/TP2/out/libs/board/lpc_chip_43xx/src/sdif_18xx_43xx.o
                                                  projects/TP2/TP2/out/libs/board/lpc_chip_43xx/src/chip_18xx_43xx.o
Chip_Clock_EnablePLL                              projects/TP2/TP2/out/libs/board/lpc_chip_43xx/src/clock_18xx_43xx.o
                                                  projects/TP2/TP2/out/libs/board/lpc_chip_43xx/src/chip_18xx_43xx.o
Chip_Clock_GetBaseClock                           projects/TP2/TP2/out/libs/board/lpc_chip_43xx/src/clock_18xx_43xx.o
Chip_Clock_GetBaseClockOpts                       projects/TP2/TP2/out/libs/board/lpc_chip_43xx/src/clock_18xx_43xx.o
Chip_Clock_GetBaseClocktHz                        projects/TP2/TP2/out/libs/board/lpc_chip_43xx/src/clock_18xx_43xx.o
                                                  projects/TP2/TP2/out/libs/board/lpc_chip_43xx/src/sdio_18xx_43xx.o
                                                  projects/TP2/TP2/out/libs/board/lpc_chip_43xx/src/sdmmc_18xx_43xx.o
Chip_Clock_GetClockInputHz                        projects/TP2/TP2/out/libs/board/lpc_chip_43xx/src/clock_18xx_43xx.o
                                                  projects/TP2/TP2/out/libs/board/lpc_chip_43xx/src/chip_18xx_43xx.o
Chip_Clock_GetDividerDivisor                      projects/TP2/TP2/out/libs/board/lpc_chip_43xx/src/clock_18xx_43xx.o
Chip_Clock_GetDividerSource                       projects/TP2/TP2/out/libs/board/lpc_chip_43xx/src/clock_18xx_43xx.o
Chip_Clock_GetEMCRate                             projects/TP2/TP2/out/libs/board/lpc_chip_43xx/src/clock_18xx_43xx.o
                                                  projects/TP2/TP2/out/libs/board/lpc_chip_43xx/src/emc_18xx_43xx.o
Chip_Clock_GetMainPLLHz                           projects/TP2/TP2/out/libs/board/lpc_chip_43xx/src/clock_18xx_43xx.o
Chip_Clock_GetPLLStatus                           projects/TP2/TP2/out/libs/board/lpc_chip_43xx/src/clock_18xx_43xx.o
                                                  projects/TP2/TP2/out/libs/board/lpc_chip_43xx/src/chip_18xx_43xx.o
Chip_Clock_GetRate                                projects/TP2/TP2/out/libs/board/lpc_chip_43xx/src/clock_18xx_43xx.o
                                                  projects/TP2/TP2/out/libs/board/lpc_chip_43xx/src/ccan_18xx_43xx.o
                                                  projects/TP2/TP2/out/libs/board/lpc_chip_43xx/src/eeprom_18xx_43xx.o
                                                  projects/TP2/TP2/out/libs/board/lpc_chip_43xx/src/i2cm_18xx_43xx.o
                                                  projects/TP2/TP2/out/libs/board/lpc_chip_43xx/src/adc_18xx_43xx.o
                                                  projects/TP2/TP2/out/libs/board/lpc_chip_43xx/src/sct_pwm_18xx_43xx.o
                                                  projects/TP2/TP2/out/libs/board/lpc_chip_43xx/src/ritimer_18xx_43xx.o
                                                  projects/TP2/TP2/out/libs/board/lpc_chip_43xx/src/i2c_18xx_43xx.o
                                                  projects/TP2/TP2/out/libs/board/lpc_chip_43xx/src/uart_18xx_43xx.o
                                                  projects/TP2/TP2/out/libs/board/lpc_chip_43xx/src/ssp_18xx_43xx.o
                                                  projects/TP2/TP2/out/libs/board/lpc_chip_43xx/src/stopwatch_18xx_43xx.o
                                                  projects/TP2/TP2/out/libs/board/lpc_chip_43xx/src/i2s_18xx_43xx.o
                                                  projects/TP2/TP2/out/libs/board/lpc_chip_43xx/src/spi_18xx_43xx.o
                                                  projects/TP2/TP2/out/libs/board/lpc_chip_43xx/src/chip_18xx_43xx.o
Chip_Clock_IsBaseClockEnabled                     projects/TP2/TP2/out/libs/board/lpc_chip_43xx/src/clock_18xx_43xx.o
Chip_Clock_RTCEnable                              projects/TP2/TP2/out/libs/board/lpc_chip_43xx/src/clock_18xx_43xx.o
                                                  projects/TP2/TP2/out/libs/board/lpc_chip_43xx/src/rtc_18xx_43xx.o
Chip_Clock_SetBaseClock                           projects/TP2/TP2/out/libs/board/lpc_chip_43xx/src/clock_18xx_43xx.o
                                                  projects/TP2/TP2/out/libs/board/lpc_chip_43xx/src/sysinit_18xx_43xx.o
                                                  projects/TP2/TP2/out/libs/board/lpc_chip_43xx/src/chip_18xx_43xx.o
                                                  projects/TP2/TP2/out/libs/board/edu_ciaa_nxp/src/board_sysinit.o
Chip_Clock_SetDivider                             projects/TP2/TP2/out/libs/board/lpc_chip_43xx/src/clock_18xx_43xx.o
                                                  projects/TP2/TP2/out/libs/board/lpc_chip_43xx/src/chip_18xx_43xx.o
Chip_Clock_SetupMainPLLHz                         projects/TP2/TP2/out/libs/board/lpc_chip_43xx/src/clock_18xx_43xx.o
Chip_Clock_SetupMainPLLMult                       projects/TP2/TP2/out/libs/board/lpc_chip_43xx/src/clock_18xx_43xx.o
Chip_Clock_SetupPLL                               projects/TP2/TP2/out/libs/board/lpc_chip_43xx/src/clock_18xx_43xx.o
                                                  projects/TP2/TP2/out/libs/board/lpc_chip_43xx/src/chip_18xx_43xx.o
Chip_Clock_StartPowerDown                         projects/TP2/TP2/out/libs/board/lpc_chip_43xx/src/clock_18xx_43xx.o
Chip_DAC_DeInit                                   projects/TP2/TP2/out/libs/board/lpc_chip_43xx/src/dac_18xx_43xx.o
Chip_DAC_Init                                     projects/TP2/TP2/out/libs/board/lpc_chip_43xx/src/dac_18xx_43xx.o
Chip_DAC_SetBias                                  projects/TP2/TP2/out/libs/board/lpc_chip_43xx/src/dac_18xx_43xx.o
Chip_DAC_UpdateValue                              projects/TP2/TP2/out/libs/board/lpc_chip_43xx/src/dac_18xx_43xx.o
Chip_EEPROM_EraseProgramPage                      projects/TP2/TP2/out/libs/board/lpc_chip_43xx/src/eeprom_18xx_43xx.o
Chip_EEPROM_Init                                  projects/TP2/TP2/out/libs/board/lpc_chip_43xx/src/eeprom_18xx_43xx.o
Chip_EEPROM_WaitForIntStatus                      projects/TP2/TP2/out/libs/board/lpc_chip_43xx/src/eeprom_18xx_43xx.o
Chip_EMC_Dynamic_Enable                           projects/TP2/TP2/out/libs/board/lpc_chip_43xx/src/emc_18xx_43xx.o
Chip_EMC_Dynamic_Init                             projects/TP2/TP2/out/libs/board/lpc_chip_43xx/src/emc_18xx_43xx.o
Chip_EMC_Enable                                   projects/TP2/TP2/out/libs/board/lpc_chip_43xx/src/emc_18xx_43xx.o
Chip_EMC_Init                                     projects/TP2/TP2/out/libs/board/lpc_chip_43xx/src/emc_18xx_43xx.o
Chip_EMC_LowPowerMode                             projects/TP2/TP2/out/libs/board/lpc_chip_43xx/src/emc_18xx_43xx.o
Chip_EMC_Mirror                                   projects/TP2/TP2/out/libs/board/lpc_chip_43xx/src/emc_18xx_43xx.o
Chip_EMC_Static_Init                              projects/TP2/TP2/out/libs/board/lpc_chip_43xx/src/emc_18xx_43xx.o
Chip_ENET_DeInit                                  projects/TP2/TP2/out/libs/board/lpc_chip_43xx/src/enet_18xx_43xx.o
Chip_ENET_Init                                    projects/TP2/TP2/out/libs/board/lpc_chip_43xx/src/enet_18xx_43xx.o
Chip_ENET_SetDuplex                               projects/TP2/TP2/out/libs/board/lpc_chip_43xx/src/enet_18xx_43xx.o
Chip_ENET_SetSpeed                                projects/TP2/TP2/out/libs/board/lpc_chip_43xx/src/enet_18xx_43xx.o
Chip_ENET_SetupMII                                projects/TP2/TP2/out/libs/board/lpc_chip_43xx/src/enet_18xx_43xx.o
Chip_ENET_StartMIIRead                            projects/TP2/TP2/out/libs/board/lpc_chip_43xx/src/enet_18xx_43xx.o
Chip_ENET_StartMIIWrite                           projects/TP2/TP2/out/libs/board/lpc_chip_43xx/src/enet_18xx_43xx.o
Chip_EVRT_ConfigIntSrcActiveType                  projects/TP2/TP2/out/libs/board/lpc_chip_43xx/src/evrt_18xx_43xx.o
Chip_EVRT_Init                                    projects/TP2/TP2/out/libs/board/lpc_chip_43xx/src/evrt_18xx_43xx.o
Chip_EVRT_IsSourceInterrupting                    projects/TP2/TP2/out/libs/board/lpc_chip_43xx/src/evrt_18xx_43xx.o
Chip_EVRT_SetUpIntSrc                             projects/TP2/TP2/out/libs/board/lpc_chip_43xx/src/evrt_18xx_43xx.o
Chip_GPDMA_ChannelCmd                             projects/TP2/TP2/out/libs/board/lpc_chip_43xx/src/gpdma_18xx_43xx.o
Chip_GPDMA_ClearIntPending                        projects/TP2/TP2/out/libs/board/lpc_chip_43xx/src/gpdma_18xx_43xx.o
Chip_GPDMA_DeInit                                 projects/TP2/TP2/out/libs/board/lpc_chip_43xx/src/gpdma_18xx_43xx.o
Chip_GPDMA_GetFreeChannel                         projects/TP2/TP2/out/libs/board/lpc_chip_43xx/src/gpdma_18xx_43xx.o
Chip_GPDMA_Init                                   projects/TP2/TP2/out/libs/board/lpc_chip_43xx/src/gpdma_18xx_43xx.o
Chip_GPDMA_InitChannelCfg                         projects/TP2/TP2/out/libs/board/lpc_chip_43xx/src/gpdma_18xx_43xx.o
Chip_GPDMA_IntGetStatus                           projects/TP2/TP2/out/libs/board/lpc_chip_43xx/src/gpdma_18xx_43xx.o
Chip_GPDMA_Interrupt                              projects/TP2/TP2/out/libs/board/lpc_chip_43xx/src/gpdma_18xx_43xx.o
Chip_GPDMA_PrepareDescriptor                      projects/TP2/TP2/out/libs/board/lpc_chip_43xx/src/gpdma_18xx_43xx.o
Chip_GPDMA_SGTransfer                             projects/TP2/TP2/out/libs/board/lpc_chip_43xx/src/gpdma_18xx_43xx.o
Chip_GPDMA_Stop                                   projects/TP2/TP2/out/libs/board/lpc_chip_43xx/src/gpdma_18xx_43xx.o
Chip_GPDMA_Transfer                               projects/TP2/TP2/out/libs/board/lpc_chip_43xx/src/gpdma_18xx_43xx.o
Chip_GPIO_DeInit                                  projects/TP2/TP2/out/libs/board/lpc_chip_43xx/src/gpio_18xx_43xx.o
Chip_GPIO_Init                                    projects/TP2/TP2/out/libs/board/lpc_chip_43xx/src/gpio_18xx_43xx.o
                                                  projects/TP2/TP2/out/libs/board/edu_ciaa_nxp/src/board.o
Chip_I2CM_DeInit                                  projects/TP2/TP2/out/libs/board/lpc_chip_43xx/src/i2cm_18xx_43xx.o
Chip_I2CM_Init                                    projects/TP2/TP2/out/libs/board/lpc_chip_43xx/src/i2cm_18xx_43xx.o
Chip_I2CM_Read                                    projects/TP2/TP2/out/libs/board/lpc_chip_43xx/src/i2cm_18xx_43xx.o
Chip_I2CM_SetBusSpeed                             projects/TP2/TP2/out/libs/board/lpc_chip_43xx/src/i2cm_18xx_43xx.o
Chip_I2CM_Write                                   projects/TP2/TP2/out/libs/board/lpc_chip_43xx/src/i2cm_18xx_43xx.o
Chip_I2CM_Xfer                                    projects/TP2/TP2/out/libs/board/lpc_chip_43xx/src/i2cm_18xx_43xx.o
Chip_I2CM_XferBlocking                            projects/TP2/TP2/out/libs/board/lpc_chip_43xx/src/i2cm_18xx_43xx.o
Chip_I2CM_XferHandler                             projects/TP2/TP2/out/libs/board/lpc_chip_43xx/src/i2cm_18xx_43xx.o
Chip_I2C_DeInit                                   projects/TP2/TP2/out/libs/board/lpc_chip_43xx/src/i2c_18xx_43xx.o
Chip_I2C_Disable                                  projects/TP2/TP2/out/libs/board/lpc_chip_43xx/src/i2c_18xx_43xx.o
Chip_I2C_EventHandler                             projects/TP2/TP2/out/libs/board/lpc_chip_43xx/src/i2c_18xx_43xx.o
Chip_I2C_EventHandlerPolling                      projects/TP2/TP2/out/libs/board/lpc_chip_43xx/src/i2c_18xx_43xx.o
Chip_I2C_GetClockRate                             projects/TP2/TP2/out/libs/board/lpc_chip_43xx/src/i2c_18xx_43xx.o
Chip_I2C_GetMasterEventHandler                    projects/TP2/TP2/out/libs/board/lpc_chip_43xx/src/i2c_18xx_43xx.o
Chip_I2C_Init                                     projects/TP2/TP2/out/libs/board/lpc_chip_43xx/src/i2c_18xx_43xx.o
                                                  projects/TP2/TP2/out/libs/board/edu_ciaa_nxp/src/board.o
Chip_I2C_IsMasterActive                           projects/TP2/TP2/out/libs/board/lpc_chip_43xx/src/i2c_18xx_43xx.o
Chip_I2C_IsStateChanged                           projects/TP2/TP2/out/libs/board/lpc_chip_43xx/src/i2c_18xx_43xx.o
Chip_I2C_MasterCmdRead                            projects/TP2/TP2/out/libs/board/lpc_chip_43xx/src/i2c_18xx_43xx.o
Chip_I2C_MasterRead                               projects/TP2/TP2/out/libs/board/lpc_chip_43xx/src/i2c_18xx_43xx.o
Chip_I2C_MasterSend                               projects/TP2/TP2/out/libs/board/lpc_chip_43xx/src/i2c_18xx_43xx.o
Chip_I2C_MasterStateHandler                       projects/TP2/TP2/out/libs/board/lpc_chip_43xx/src/i2c_18xx_43xx.o
Chip_I2C_MasterTransfer                           projects/TP2/TP2/out/libs/board/lpc_chip_43xx/src/i2c_18xx_43xx.o
Chip_I2C_SetClockRate                             projects/TP2/TP2/out/libs/board/lpc_chip_43xx/src/i2c_18xx_43xx.o
                                                  projects/TP2/TP2/out/libs/board/edu_ciaa_nxp/src/board.o
Chip_I2C_SetMasterEventHandler                    projects/TP2/TP2/out/libs/board/lpc_chip_43xx/src/i2c_18xx_43xx.o
Chip_I2C_SlaveSetup                               projects/TP2/TP2/out/libs/board/lpc_chip_43xx/src/i2c_18xx_43xx.o
Chip_I2C_SlaveStateHandler                        projects/TP2/TP2/out/libs/board/lpc_chip_43xx/src/i2c_18xx_43xx.o
Chip_I2S_DMA_RxCmd                                projects/TP2/TP2/out/libs/board/lpc_chip_43xx/src/i2s_18xx_43xx.o
Chip_I2S_DMA_TxCmd                                projects/TP2/TP2/out/libs/board/lpc_chip_43xx/src/i2s_18xx_43xx.o
Chip_I2S_DeInit                                   projects/TP2/TP2/out/libs/board/lpc_chip_43xx/src/i2s_18xx_43xx.o
Chip_I2S_Init                                     projects/TP2/TP2/out/libs/board/lpc_chip_43xx/src/i2s_18xx_43xx.o
Chip_I2S_Int_RxCmd                                projects/TP2/TP2/out/libs/board/lpc_chip_43xx/src/i2s_18xx_43xx.o
Chip_I2S_Int_TxCmd                                projects/TP2/TP2/out/libs/board/lpc_chip_43xx/src/i2s_18xx_43xx.o
Chip_I2S_RxConfig                                 projects/TP2/TP2/out/libs/board/lpc_chip_43xx/src/i2s_18xx_43xx.o
Chip_I2S_TxConfig                                 projects/TP2/TP2/out/libs/board/lpc_chip_43xx/src/i2s_18xx_43xx.o
Chip_IAP_BlankCheckSector                         projects/TP2/TP2/out/libs/board/lpc_chip_43xx/src/iap_18xx_43xx.o
Chip_IAP_Compare                                  projects/TP2/TP2/out/libs/board/lpc_chip_43xx/src/iap_18xx_43xx.o
Chip_IAP_CopyRamToFlash                           projects/TP2/TP2/out/libs/board/lpc_chip_43xx/src/iap_18xx_43xx.o
Chip_IAP_ErasePage                                projects/TP2/TP2/out/libs/board/lpc_chip_43xx/src/iap_18xx_43xx.o
Chip_IAP_EraseSector                              projects/TP2/TP2/out/libs/board/lpc_chip_43xx/src/iap_18xx_43xx.o
Chip_IAP_Init                                     projects/TP2/TP2/out/libs/board/lpc_chip_43xx/src/iap_18xx_43xx.o
Chip_IAP_PreSectorForReadWrite                    projects/TP2/TP2/out/libs/board/lpc_chip_43xx/src/iap_18xx_43xx.o
Chip_IAP_ReadBootCode                             projects/TP2/TP2/out/libs/board/lpc_chip_43xx/src/iap_18xx_43xx.o
Chip_IAP_ReadPID                                  projects/TP2/TP2/out/libs/board/lpc_chip_43xx/src/iap_18xx_43xx.o
Chip_IAP_ReadUID                                  projects/TP2/TP2/out/libs/board/lpc_chip_43xx/src/iap_18xx_43xx.o
Chip_IAP_ReinvokeISP                              projects/TP2/TP2/out/libs/board/lpc_chip_43xx/src/iap_18xx_43xx.o
Chip_IAP_SetBootFlashBank                         projects/TP2/TP2/out/libs/board/lpc_chip_43xx/src/iap_18xx_43xx.o
Chip_LCD_Cursor_Config                            projects/TP2/TP2/out/libs/board/lpc_chip_43xx/src/lcd_18xx_43xx.o
Chip_LCD_Cursor_WriteImage                        projects/TP2/TP2/out/libs/board/lpc_chip_43xx/src/lcd_18xx_43xx.o
Chip_LCD_DeInit                                   projects/TP2/TP2/out/libs/board/lpc_chip_43xx/src/lcd_18xx_43xx.o
Chip_LCD_Init                                     projects/TP2/TP2/out/libs/board/lpc_chip_43xx/src/lcd_18xx_43xx.o
Chip_LCD_LoadPalette                              projects/TP2/TP2/out/libs/board/lpc_chip_43xx/src/lcd_18xx_43xx.o
Chip_OTP_GenRand                                  projects/TP2/TP2/out/libs/board/lpc_chip_43xx/src/otp_18xx_43xx.o
Chip_OTP_Init                                     projects/TP2/TP2/out/libs/board/lpc_chip_43xx/src/otp_18xx_43xx.o
Chip_OTP_ProgBootSrc                              projects/TP2/TP2/out/libs/board/lpc_chip_43xx/src/otp_18xx_43xx.o
Chip_OTP_ProgGPWord                               projects/TP2/TP2/out/libs/board/lpc_chip_43xx/src/otp_18xx_43xx.o
Chip_OTP_ProgJTAGDis                              projects/TP2/TP2/out/libs/board/lpc_chip_43xx/src/otp_18xx_43xx.o
Chip_OTP_ProgKey                                  projects/TP2/TP2/out/libs/board/lpc_chip_43xx/src/otp_18xx_43xx.o
Chip_OTP_ProgUSBID                                projects/TP2/TP2/out/libs/board/lpc_chip_43xx/src/otp_18xx_43xx.o
Chip_PMC_Set_PwrState                             projects/TP2/TP2/out/libs/board/lpc_chip_43xx/src/pmc_18xx_43xx.o
Chip_PMC_Sleep                                    projects/TP2/TP2/out/libs/board/lpc_chip_43xx/src/pmc_18xx_43xx.o
Chip_RIT_DeInit                                   projects/TP2/TP2/out/libs/board/lpc_chip_43xx/src/ritimer_18xx_43xx.o
Chip_RIT_GetIntStatus                             projects/TP2/TP2/out/libs/board/lpc_chip_43xx/src/ritimer_18xx_43xx.o
Chip_RIT_Init                                     projects/TP2/TP2/out/libs/board/lpc_chip_43xx/src/ritimer_18xx_43xx.o
Chip_RIT_SetTimerInterval                         projects/TP2/TP2/out/libs/board/lpc_chip_43xx/src/ritimer_18xx_43xx.o
Chip_RTC_AlarmIntConfig                           projects/TP2/TP2/out/libs/board/lpc_chip_43xx/src/rtc_18xx_43xx.o
Chip_RTC_CalibCounterCmd                          projects/TP2/TP2/out/libs/board/lpc_chip_43xx/src/rtc_18xx_43xx.o
Chip_RTC_CntIncrIntConfig                         projects/TP2/TP2/out/libs/board/lpc_chip_43xx/src/rtc_18xx_43xx.o
Chip_RTC_DeInit                                   projects/TP2/TP2/out/libs/board/lpc_chip_43xx/src/rtc_18xx_43xx.o
Chip_RTC_EV_GetFirstTimeStamp                     projects/TP2/TP2/out/libs/board/lpc_chip_43xx/src/rtc_18xx_43xx.o
Chip_RTC_EV_GetLastTimeStamp                      projects/TP2/TP2/out/libs/board/lpc_chip_43xx/src/rtc_18xx_43xx.o
Chip_RTC_Enable                                   projects/TP2/TP2/out/libs/board/lpc_chip_43xx/src/rtc_18xx_43xx.o
Chip_RTC_GetFullAlarmTime                         projects/TP2/TP2/out/libs/board/lpc_chip_43xx/src/rtc_18xx_43xx.o
Chip_RTC_GetFullTime                              projects/TP2/TP2/out/libs/board/lpc_chip_43xx/src/rtc_18xx_43xx.o
Chip_RTC_Init                                     projects/TP2/TP2/out/libs/board/lpc_chip_43xx/src/rtc_18xx_43xx.o
Chip_RTC_ResetClockTickCounter                    projects/TP2/TP2/out/libs/board/lpc_chip_43xx/src/rtc_18xx_43xx.o
Chip_RTC_SetFullAlarmTime                         projects/TP2/TP2/out/libs/board/lpc_chip_43xx/src/rtc_18xx_43xx.o
Chip_RTC_SetFullTime                              projects/TP2/TP2/out/libs/board/lpc_chip_43xx/src/rtc_18xx_43xx.o
Chip_SCTPWM_SetOutPin                             projects/TP2/TP2/out/libs/board/lpc_chip_43xx/src/sct_pwm_18xx_43xx.o
Chip_SCTPWM_SetRate                               projects/TP2/TP2/out/libs/board/lpc_chip_43xx/src/sct_pwm_18xx_43xx.o
Chip_SCT_DeInit                                   projects/TP2/TP2/out/libs/board/lpc_chip_43xx/src/sct_18xx_43xx.o
Chip_SCT_Init                                     projects/TP2/TP2/out/libs/board/lpc_chip_43xx/src/sct_18xx_43xx.o
Chip_SCT_SetClrControl                            projects/TP2/TP2/out/libs/board/lpc_chip_43xx/src/sct_18xx_43xx.o
Chip_SCT_SetConflictResolution                    projects/TP2/TP2/out/libs/board/lpc_chip_43xx/src/sct_18xx_43xx.o
Chip_SDIF_DeInit                                  projects/TP2/TP2/out/libs/board/lpc_chip_43xx/src/sdif_18xx_43xx.o
Chip_SDIF_DmaSetup                                projects/TP2/TP2/out/libs/board/lpc_chip_43xx/src/sdif_18xx_43xx.o
                                                  projects/TP2/TP2/out/libs/board/lpc_chip_43xx/src/sdio_18xx_43xx.o
                                                  projects/TP2/TP2/out/libs/board/lpc_chip_43xx/src/sdmmc_18xx_43xx.o
Chip_SDIF_GetResponse                             projects/TP2/TP2/out/libs/board/lpc_chip_43xx/src/sdif_18xx_43xx.o
                                                  projects/TP2/TP2/out/libs/board/lpc_chip_43xx/src/sdio_18xx_43xx.o
                                                  projects/TP2/TP2/out/libs/board/lpc_chip_43xx/src/sdmmc_18xx_43xx.o
Chip_SDIF_Init                                    projects/TP2/TP2/out/libs/board/lpc_chip_43xx/src/sdif_18xx_43xx.o
Chip_SDIF_SendCmd                                 projects/TP2/TP2/out/libs/board/lpc_chip_43xx/src/sdif_18xx_43xx.o
                                                  projects/TP2/TP2/out/libs/board/lpc_chip_43xx/src/sdio_18xx_43xx.o
                                                  projects/TP2/TP2/out/libs/board/lpc_chip_43xx/src/sdmmc_18xx_43xx.o
Chip_SDIF_SetClearIntFifo                         projects/TP2/TP2/out/libs/board/lpc_chip_43xx/src/sdif_18xx_43xx.o
                                                  projects/TP2/TP2/out/libs/board/lpc_chip_43xx/src/sdmmc_18xx_43xx.o
Chip_SDIF_SetClock                                projects/TP2/TP2/out/libs/board/lpc_chip_43xx/src/sdif_18xx_43xx.o
                                                  projects/TP2/TP2/out/libs/board/lpc_chip_43xx/src/sdio_18xx_43xx.o
                                                  projects/TP2/TP2/out/libs/board/lpc_chip_43xx/src/sdmmc_18xx_43xx.o
Chip_SDMMC_Acquire                                projects/TP2/TP2/out/libs/board/lpc_chip_43xx/src/sdmmc_18xx_43xx.o
Chip_SDMMC_GetDeviceBlocks                        projects/TP2/TP2/out/libs/board/lpc_chip_43xx/src/sdmmc_18xx_43xx.o
Chip_SDMMC_GetDeviceSize                          projects/TP2/TP2/out/libs/board/lpc_chip_43xx/src/sdmmc_18xx_43xx.o
Chip_SDMMC_GetState                               projects/TP2/TP2/out/libs/board/lpc_chip_43xx/src/sdmmc_18xx_43xx.o
Chip_SDMMC_ReadBlocks                             projects/TP2/TP2/out/libs/board/lpc_chip_43xx/src/sdmmc_18xx_43xx.o
Chip_SDMMC_WriteBlocks                            projects/TP2/TP2/out/libs/board/lpc_chip_43xx/src/sdmmc_18xx_43xx.o