Archive member included to satisfy reference by file (symbol)

/home/lucas/Embebidos/CIAA_Software_1.1-linux-x64/tools/gcc-arm-embedded/bin/../lib/gcc/arm-none-eabi/8.2.1/thumb/v7e-m+fp/hard/libgcc.a(_aeabi_uldivmod.o)
                              TP1/PanelDeControl/out/libs/board/lpc_chip_43xx/src/uart_18xx_43xx.o (__aeabi_uldivmod)
/home/lucas/Embebidos/CIAA_Software_1.1-linux-x64/tools/gcc-arm-embedded/bin/../lib/gcc/arm-none-eabi/8.2.1/thumb/v7e-m+fp/hard/libgcc.a(_udivmoddi4.o)
                              /home/lucas/Embebidos/CIAA_Software_1.1-linux-x64/tools/gcc-arm-embedded/bin/../lib/gcc/arm-none-eabi/8.2.1/thumb/v7e-m+fp/hard/libgcc.a(_aeabi_uldivmod.o) (__udivmoddi4)
/home/lucas/Embebidos/CIAA_Software_1.1-linux-x64/tools/gcc-arm-embedded/bin/../lib/gcc/arm-none-eabi/8.2.1/thumb/v7e-m+fp/hard/libgcc.a(_dvmd_tls.o)
                              /home/lucas/Embebidos/CIAA_Software_1.1-linux-x64/tools/gcc-arm-embedded/bin/../lib/gcc/arm-none-eabi/8.2.1/thumb/v7e-m+fp/hard/libgcc.a(_aeabi_uldivmod.o) (__aeabi_ldiv0)
/home/lucas/Embebidos/CIAA_Software_1.1-linux-x64/tools/gcc-arm-embedded/bin/../lib/gcc/arm-none-eabi/8.2.1/../../../../arm-none-eabi/lib/thumb/v7e-m+fp/hard/libc_nano.a(lib_a-init.o)
                              TP1/PanelDeControl/out/libs/cmsis_core/src/armv7m_startup.o (__libc_init_array)
/home/lucas/Embebidos/CIAA_Software_1.1-linux-x64/tools/gcc-arm-embedded/bin/../lib/gcc/arm-none-eabi/8.2.1/../../../../arm-none-eabi/lib/thumb/v7e-m+fp/hard/libc_nano.a(lib_a-memcpy-stub.o)
                              TP1/PanelDeControl/out/libs/board/lpc_chip_43xx/src/ring_buffer.o (memcpy)
/home/lucas/Embebidos/CIAA_Software_1.1-linux-x64/tools/gcc-arm-embedded/bin/../lib/gcc/arm-none-eabi/8.2.1/../../../../arm-none-eabi/lib/thumb/v7e-m+fp/hard/libc_nano.a(lib_a-memset.o)
                              TP1/PanelDeControl/out/libs/board/lpc_chip_43xx/src/clock_18xx_43xx.o (memset)

Allocating common symbols
Common symbol       size              file

SystemCoreClock     0x4               TP1/PanelDeControl/out/libs/board/lpc_chip_43xx/src/chip_18xx_43xx.o
ticks               0x50              TP1/PanelDeControl/out/TP1/PanelDeControl/src/main.o

Discarded input sections

 .group         0x0000000000000000        0xc TP1/PanelDeControl/out/TP1/PanelDeControl/gen/Model.o
 .group         0x0000000000000000        0xc TP1/PanelDeControl/out/TP1/PanelDeControl/gen/Model.o
 .group         0x0000000000000000        0xc TP1/PanelDeControl/out/TP1/PanelDeControl/gen/Model.o
 .group         0x0000000000000000        0xc TP1/PanelDeControl/out/TP1/PanelDeControl/gen/Model.o
 .group         0x0000000000000000        0xc TP1/PanelDeControl/out/TP1/PanelDeControl/gen/Model.o
 .group         0x0000000000000000        0xc TP1/PanelDeControl/out/TP1/PanelDeControl/gen/Model.o
 .group         0x0000000000000000        0xc TP1/PanelDeControl/out/TP1/PanelDeControl/gen/Model.o
 .group         0x0000000000000000        0xc TP1/PanelDeControl/out/TP1/PanelDeControl/gen/Model.o
 .group         0x0000000000000000        0xc TP1/PanelDeControl/out/TP1/PanelDeControl/gen/Model.o
 .group         0x0000000000000000        0xc TP1/PanelDeControl/out/TP1/PanelDeControl/gen/Model.o
 .text          0x0000000000000000        0x0 TP1/PanelDeControl/out/TP1/PanelDeControl/gen/Model.o
 .data          0x0000000000000000        0x0 TP1/PanelDeControl/out/TP1/PanelDeControl/gen/Model.o
 .bss           0x0000000000000000        0x0 TP1/PanelDeControl/out/TP1/PanelDeControl/gen/Model.o
 .text.exseq_Funcion
                0x0000000000000000       0x32 TP1/PanelDeControl/out/TP1/PanelDeControl/gen/Model.o
 .text.model_exit
                0x0000000000000000        0x8 TP1/PanelDeControl/out/TP1/PanelDeControl/gen/Model.o
 .text.model_isActive
                0x0000000000000000       0x22 TP1/PanelDeControl/out/TP1/PanelDeControl/gen/Model.o
 .text.model_isFinal
                0x0000000000000000        0x4 TP1/PanelDeControl/out/TP1/PanelDeControl/gen/Model.o
 .text.model_isStateActive
                0x0000000000000000       0x50 TP1/PanelDeControl/out/TP1/PanelDeControl/gen/Model.o
 .text.modelIface_raise_evClockAlert
                0x0000000000000000        0x6 TP1/PanelDeControl/out/TP1/PanelDeControl/gen/Model.o
 .text.modelIface_raise_evSendData
                0x0000000000000000        0x6 TP1/PanelDeControl/out/TP1/PanelDeControl/gen/Model.o
 .text.modelIface_get_tIME_CONFIG
                0x0000000000000000        0x4 TP1/PanelDeControl/out/TP1/PanelDeControl/gen/Model.o
 .text.modelIface_get_t
                0x0000000000000000        0x4 TP1/PanelDeControl/out/TP1/PanelDeControl/gen/Model.o
 .text.modelIface_set_t
                0x0000000000000000        0x4 TP1/PanelDeControl/out/TP1/PanelDeControl/gen/Model.o
 .text.modelIface_get_dataUpload
                0x0000000000000000        0x4 TP1/PanelDeControl/out/TP1/PanelDeControl/gen/Model.o
 .text.modelIface_set_dataUpload
[...]
Memory Configuration

Name             Origin             Length             Attributes
MFlashA512       0x000000001a000000 0x0000000000080000 xr
MFlashB512       0x000000001b000000 0x0000000000080000 xr
RamLoc32         0x0000000010000000 0x0000000000008000 xrw
RamLoc40         0x0000000010080000 0x000000000000a000 xrw
RamAHB32         0x0000000020000000 0x0000000000008000 xrw
RamAHB16         0x0000000020008000 0x0000000000004000 xrw
RamAHB_ETB16     0x000000002000c000 0x0000000000004000 xrw
*default*        0x0000000000000000 0xffffffffffffffff

Linker script and memory map

START GROUP
LOAD TP1/PanelDeControl/out/TP1/PanelDeControl/gen/Model.o
LOAD TP1/PanelDeControl/out/libs/board/edu_ciaa_nxp/src/board.o
LOAD TP1/PanelDeControl/out/libs/board/edu_ciaa_nxp/src/board_sysinit.o
LOAD TP1/PanelDeControl/out/libs/board/lpc_chip_43xx/src/gpiogroup_18xx_43xx.o
LOAD TP1/PanelDeControl/out/libs/board/lpc_chip_43xx/src/emc_18xx_43xx.o
LOAD TP1/PanelDeControl/out/libs/board/lpc_chip_43xx/src/ritimer_18xx_43xx.o
LOAD TP1/PanelDeControl/out/libs/board/lpc_chip_43xx/src/lcd_18xx_43xx.o
LOAD TP1/PanelDeControl/out/libs/board/lpc_chip_43xx/src/uart_18xx_43xx.o
LOAD TP1/PanelDeControl/out/libs/board/lpc_chip_43xx/src/adc_18xx_43xx.o
LOAD TP1/PanelDeControl/out/libs/board/lpc_chip_43xx/src/stopwatch_18xx_43xx.o
LOAD TP1/PanelDeControl/out/libs/board/lpc_chip_43xx/src/clock_18xx_43xx.o
LOAD TP1/PanelDeControl/out/libs/board/lpc_chip_43xx/src/ccan_18xx_43xx.o
LOAD TP1/PanelDeControl/out/libs/board/lpc_chip_43xx/src/sdif_18xx_43xx.o
LOAD TP1/PanelDeControl/out/libs/board/lpc_chip_43xx/src/chip_18xx_43xx.o
LOAD TP1/PanelDeControl/out/libs/board/lpc_chip_43xx/src/pmc_18xx_43xx.o
LOAD TP1/PanelDeControl/out/libs/board/lpc_chip_43xx/src/otp_18xx_43xx.o
LOAD TP1/PanelDeControl/out/libs/board/lpc_chip_43xx/src/sysinit_18xx_43xx.o
LOAD TP1/PanelDeControl/out/libs/board/lpc_chip_43xx/src/atimer_18xx_43xx.o
LOAD TP1/PanelDeControl/out/libs/board/lpc_chip_43xx/src/timer_18xx_43xx.o
LOAD TP1/PanelDeControl/out/libs/board/lpc_chip_43xx/src/iap_18xx_43xx.o
LOAD TP1/PanelDeControl/out/libs/board/lpc_chip_43xx/src/wwdt_18xx_43xx.o
LOAD TP1/PanelDeControl/out/libs/board/lpc_chip_43xx/src/ring_buffer.o
LOAD TP1/PanelDeControl/out/libs/board/lpc_chip_43xx/src/i2cm_18xx_43xx.o
LOAD TP1/PanelDeControl/out/libs/board/lpc_chip_43xx/src/pinint_18xx_43xx.o
LOAD TP1/PanelDeControl/out/libs/board/lpc_chip_43xx/src/dac_18xx_43xx.o
LOAD TP1/PanelDeControl/out/libs/board/lpc_chip_43xx/src/rtc_18xx_43xx.o
LOAD TP1/PanelDeControl/out/libs/board/lpc_chip_43xx/src/i2s_18xx_43xx.o
LOAD TP1/PanelDeControl/out/libs/board/lpc_chip_43xx/src/sct_18xx_43xx.o
LOAD TP1/PanelDeControl/out/libs/board/lpc_chip_43xx/src/eeprom_18xx_43xx.o
LOAD TP1/PanelDeControl/out/libs/board/lpc_chip_43xx/src/sdmmc_18xx_43xx.o
LOAD TP1/PanelDeControl/out/libs/board/lpc_chip_43xx/src/spi_18xx_43xx.o
LOAD TP1/PanelDeControl/out/libs/board/lpc_chip_43xx/src/gpio_18xx_43xx.o
LOAD TP1/PanelDeControl/out/libs/board/lpc_chip_43xx/src/i2c_18xx_43xx.o
LOAD TP1/PanelDeControl/out/libs/board/lpc_chip_43xx/src/gpdma_18xx_43xx.o
LOAD TP1/PanelDeControl/out/libs/board/lpc_chip_43xx/src/evrt_18xx_43xx.o
LOAD TP1/PanelDeControl/out/libs/board/lpc_chip_43xx/src/aes_18xx_43xx.o
LOAD TP1/PanelDeControl/out/libs/board/lpc_chip_43xx/src/sct_pwm_18xx_43xx.o
LOAD TP1/PanelDeControl/out/libs/board/lpc_chip_43xx/src/sdio_18xx_43xx.o
LOAD TP1/PanelDeControl/out/libs/board/lpc_chip_43xx/src/enet_18xx_43xx.o
LOAD TP1/PanelDeControl/out/libs/board/lpc_chip_43xx/src/ssp_18xx_43xx.o
LOAD TP1/PanelDeControl/out/libs/board/lpc_startup/src/crp.o
LOAD TP1/PanelDeControl/out/libs/board/lpc_startup/src/sysinit.o
LOAD TP1/PanelDeControl/out/libs/board/lpc_startup/src/vendor_interrupt.o
LOAD TP1/PanelDeControl/out/libs/cmsis_core/src/armv7m_startup.o
LOAD TP1/PanelDeControl/out/TP1/PanelDeControl/src/TimerTicks.o
LOAD TP1/PanelDeControl/out/TP1/PanelDeControl/src/main.o
END GROUP
LOAD /home/lucas/Embebidos/CIAA_Software_1.1-linux-x64/tools/gcc-arm-embedded/bin/../lib/gcc/arm-none-eabi/8.2.1/../../../../arm-none-eabi/lib/thumb/v7e-m+fp/hard/libstdc++_nano.a
LOAD /home/lucas/Embebidos/CIAA_Software_1.1-linux-x64/tools/gcc-arm-embedded/bin/../lib/gcc/arm-none-eabi/8.2.1/../../../../arm-none-eabi/lib/thumb/v7e-m+fp/hard/libm.a
START GROUP
LOAD /home/lucas/Embebidos/CIAA_Software_1.1-linux-x64/tools/gcc-arm-embedded/bin/../lib/gcc/arm-none-eabi/8.2.1/thumb/v7e-m+fp/hard/libgcc.a
LOAD /home/lucas/Embebidos/CIAA_Software_1.1-linux-x64/tools/gcc-arm-embedded/bin/../lib/gcc/arm-none-eabi/8.2.1/../../../../arm-none-eabi/lib/thumb/v7e-m+fp/hard/libc_nano.a
END GROUP
START GROUP
LOAD /home/lucas/Embebidos/CIAA_Software_1.1-linux-x64/tools/gcc-arm-embedded/bin/../lib/gcc/arm-none-eabi/8.2.1/thumb/v7e-m+fp/hard/libgcc.a
LOAD /home/lucas/Embebidos/CIAA_Software_1.1-linux-x64/tools/gcc-arm-embedded/bin/../lib/gcc/arm-none-eabi/8.2.1/../../../../arm-none-eabi/lib/thumb/v7e-m+fp/hard/libc_nano.a
END GROUP
                0x000000001a080000                __top_MFlashA512 = 0x1a080000
                0x000000001b080000                __top_MFlashB512 = 0x1b080000
                0x0000000010008000                __top_RamLoc32 = 0x10008000
                0x000000001008a000                __top_RamLoc40 = 0x1008a000
                0x0000000020008000                __top_RamAHB32 = 0x20008000
                0x000000002000c000                __top_RamAHB16 = 0x2000c000
                0x0000000020010000                __top_RamAHB_ETB16 = 0x20010000
START GROUP
LOAD /home/lucas/Embebidos/CIAA_Software_1.1-linux-x64/tools/gcc-arm-embedded/bin/../lib/gcc/arm-none-eabi/8.2.1/thumb/v7e-m+fp/hard/libgcc.a
LOAD /home/lucas/Embebidos/CIAA_Software_1.1-linux-x64/tools/gcc-arm-embedded/bin/../lib/gcc/arm-none-eabi/8.2.1/../../../../arm-none-eabi/lib/thumb/v7e-m+fp/hard/libc.a
LOAD /home/lucas/Embebidos/CIAA_Software_1.1-linux-x64/tools/gcc-arm-embedded/bin/../lib/gcc/arm-none-eabi/8.2.1/../../../../arm-none-eabi/lib/thumb/v7e-m+fp/hard/libm.a
END GROUP

.text_Flash2    0x000000001b000000        0x0
 FILL mask 0xff
 *(.text_Flash2*)
 *(.text_MFlashB512*)
 *(.text.$Flash2*)
 *(.text.$MFlashB512*)
 *(.rodata.$Flash2*)
 *(.rodata.$MFlashB512*)

.text           0x000000001a000000     0x1a78
 FILL mask 0xff
                0x000000001a000000                __vectors_start__ = ABSOLUTE (.)
 *(.isr_vector)
 .isr_vector    0x000000001a000000       0x40 TP1/PanelDeControl/out/libs/cmsis_core/src/armv7m_startup.o
                0x000000001a000000                g_pfnVectors
 *(.isr_vendor_vector)
 .isr_vendor_vector
                0x000000001a000040       0xd4 TP1/PanelDeControl/out/libs/board/lpc_startup/src/vendor_interrupt.o
                0x000000001a000040                g_pfnVendorVectors
                0x000000001a000114                . = ALIGN (0x4)
                0x000000001a000114                __section_table_start = .
                0x000000001a000114                __data_section_table = .
                0x000000001a000114        0x4 LONG 0x1a001a80 LOADADDR (.data)
                0x000000001a000118        0x4 LONG 0x10000000 ADDR (.data)
                0x000000001a00011c        0x4 LONG 0x38 SIZEOF (.data)
                0x000000001a000120        0x4 LONG 0x1a001a80 LOADADDR (.data_RAM2)
                0x000000001a000124        0x4 LONG 0x10080000 ADDR (.data_RAM2)
                0x000000001a000128        0x4 LONG 0x0 SIZEOF (.data_RAM2)
                0x000000001a00012c        0x4 LONG 0x1a001a80 LOADADDR (.data_RAM3)
                0x000000001a000130        0x4 LONG 0x20000000 ADDR (.data_RAM3)
                0x000000001a000134        0x4 LONG 0x0 SIZEOF (.data_RAM3)
                0x000000001a000138        0x4 LONG 0x1a001a80 LOADADDR (.data_RAM4)
                0x000000001a00013c        0x4 LONG 0x20008000 ADDR (.data_RAM4)
                0x000000001a000140        0x4 LONG 0x0 SIZEOF (.data_RAM4)
                0x000000001a000144        0x4 LONG 0x1a001a80 LOADADDR (.data_RAM5)
                0x000000001a000148        0x4 LONG 0x2000c000 ADDR (.data_RAM5)
                0x000000001a00014c        0x4 LONG 0x0 SIZEOF (.data_RAM5)
                0x000000001a000150                __data_section_table_end = .
                0x000000001a000150                __bss_section_table = .
                0x000000001a000150        0x4 LONG 0x10000038 ADDR (.bss)
                0x000000001a000154        0x4 LONG 0x7c SIZEOF (.bss)
                0x000000001a000158        0x4 LONG 0x10080000 ADDR (.bss_RAM2)
                0x000000001a00015c        0x4 LONG 0x0 SIZEOF (.bss_RAM2)
                0x000000001a000160        0x4 LONG 0x20000000 ADDR (.bss_RAM3)
                0x000000001a000164        0x4 LONG 0x0 SIZEOF (.bss_RAM3)
                0x000000001a000168        0x4 LONG 0x20008000 ADDR (.bss_RAM4)
                0x000000001a00016c        0x4 LONG 0x0 SIZEOF (.bss_RAM4)
                0x000000001a000170        0x4 LONG 0x2000c000 ADDR (.bss_RAM5)
                0x000000001a000174        0x4 LONG 0x0 SIZEOF (.bss_RAM5)
                0x000000001a000178                __bss_section_table_end = .
                0x000000001a000178                __section_table_end = .
 *(.after_vectors*)
 .after_vectors
                0x000000001a000178        0x2 TP1/PanelDeControl/out/libs/board/lpc_startup/src/vendor_interrupt.o
                0x000000001a000178                TIMER2_IRQHandler
                0x000000001a000178                RIT_IRQHandler
                0x000000001a000178                ADCHS_IRQHandler
                0x000000001a000178                FLASH_EEPROM_IRQHandler
                0x000000001a000178                I2C0_IRQHandler
                0x000000001a000178                SDIO_IRQHandler
                0x000000001a000178                ATIMER_IRQHandler
                0x000000001a000178                I2C1_IRQHandler
                0x000000001a000178                UART1_IRQHandler
                0x000000001a000178                GPIO5_IRQHandler
                0x000000001a000178                CAN1_IRQHandler
                0x000000001a000178                USB1_IRQHandler
                0x000000001a000178                I2S0_IRQHandler
                0x000000001a000178                TIMER3_IRQHandler
                0x000000001a000178                UART0_IRQHandler
                0x000000001a000178                SGPIO_IRQHandler
                0x000000001a000178                ADC0_IRQHandler
                0x000000001a000178                GPIO6_IRQHandler
                0x000000001a000178                IntDefaultHandler
                0x000000001a000178                GPIO1_IRQHandler
                0x000000001a000178                SSP0_IRQHandler
                0x000000001a000178                ADC1_IRQHandler
                0x000000001a000178                RTC_IRQHandler
                0x000000001a000178                TIMER0_IRQHandler
                0x000000001a000178                SPI_IRQHandler
                0x000000001a000178                LCD_IRQHandler
                0x000000001a000178                TIMER1_IRQHandler
                0x000000001a000178                UART2_IRQHandler
                0x000000001a000178                GPIO2_IRQHandler
                0x000000001a000178                I2S1_IRQHandler
                0x000000001a000178                SSP1_IRQHandler
                0x000000001a000178                USB0_IRQHandler
                0x000000001a000178                GPIO3_IRQHandler
                0x000000001a000178                SCT_IRQHandler
                0x000000001a000178                WDT_IRQHandler
                0x000000001a000178                GPIO7_IRQHandler
                0x000000001a000178                SPIFI_IRQHandler
                0x000000001a000178                QEI_IRQHandler
                0x000000001a000178                ETH_IRQHandler
                0x000000001a000178                CAN0_IRQHandler
                0x000000001a000178                GINT0_IRQHandler
                0x000000001a000178                DAC_IRQHandler
                0x000000001a000178                M0SUB_IRQHandler
                0x000000001a000178                GPIO0_IRQHandler
                0x000000001a000178                DMA_IRQHandler
                0x000000001a000178                EVRT_IRQHandler
                0x000000001a000178                UART3_IRQHandler
                0x000000001a000178                MCPWM_IRQHandler
                0x000000001a000178                M0APP_IRQHandler
                0x000000001a000178                GINT1_IRQHandler
                0x000000001a000178                GPIO4_IRQHandler
 .after_vectors
                0x000000001a00017a       0x42 TP1/PanelDeControl/out/libs/cmsis_core/src/armv7m_startup.o
                0x000000001a00017a                NMI_Handler
                0x000000001a00017c                HardFault_Handler
                0x000000001a00017e                MemManage_Handler
                0x000000001a000180                BusFault_Handler
                0x000000001a000182                UsageFault_Handler
                0x000000001a000184                SVC_Handler
                0x000000001a000186                DebugMon_Handler
                0x000000001a000188                PendSV_Handler
                0x000000001a00018c                data_init
                0x000000001a0001aa                bss_init
                0x00000000000002fc                . = 0x2fc
 *fill*         0x000000001a0001bc      0x140 ff
                0x000000001a0002fc                PROVIDE (__CRP_WORD_START__ = .)
 *(.crp)
 .crp           0x000000001a0002fc        0x4 TP1/PanelDeControl/out/libs/board/lpc_startup/src/crp.o
                0x000000001a0002fc                CRP_WORD
                0x000000001a000300                PROVIDE (__CRP_WORD_END__ = .)
                0x0000000000000001                ASSERT (! ((__CRP_WORD_START__ == __CRP_WORD_END__)), Linker CRP Enabled, but no CRP_WORD provided within application)
 *(.text*)
 .text.clearInEvents
                0x000000001a000300       0x12 TP1/PanelDeControl/out/TP1/PanelDeControl/gen/Model.o
 .text.react    0x000000001a000312        0x4 TP1/PanelDeControl/out/TP1/PanelDeControl/gen/Model.o
 .text.enact_Funcion_CLOCK_SIGNAL
                0x000000001a000316       0x18 TP1/PanelDeControl/out/TP1/PanelDeControl/gen/Model.o
 .text.enseq_Funcion_CLOCK_SIGNAL_default
                0x000000001a00032e       0x12 TP1/PanelDeControl/out/TP1/PanelDeControl/gen/Model.o
 .text.enact_Funcion_MEASURE
                0x000000001a000340       0x1a TP1/PanelDeControl/out/TP1/PanelDeControl/gen/Model.o
 .text.enseq_Funcion_MEASURE_default
                0x000000001a00035a       0x12 TP1/PanelDeControl/out/TP1/PanelDeControl/gen/Model.o
 .text.react_Funcion__entry_Default
                0x000000001a00036c        0x8 TP1/PanelDeControl/out/TP1/PanelDeControl/gen/Model.o
 .text.enseq_Funcion_default
                0x000000001a000374        0x8 TP1/PanelDeControl/out/TP1/PanelDeControl/gen/Model.o
 .text.exact_Funcion_MEASURE
                0x000000001a00037c        0xc TP1/PanelDeControl/out/TP1/PanelDeControl/gen/Model.o
 .text.exseq_Funcion_MEASURE
                0x000000001a000388        0xe TP1/PanelDeControl/out/TP1/PanelDeControl/gen/Model.o
 .text.exact_Funcion_SLEEP
                0x000000001a000396        0xc TP1/PanelDeControl/out/TP1/PanelDeControl/gen/Model.o
 .text.exseq_Funcion_SLEEP
                0x000000001a0003a2        0xe TP1/PanelDeControl/out/TP1/PanelDeControl/gen/Model.o
 .text.Funcion_SLEEP_react
                0x000000001a0003b0       0x26 TP1/PanelDeControl/out/TP1/PanelDeControl/gen/Model.o
 .text.exact_Funcion_CLOCK_SIGNAL
                0x000000001a0003d6        0xc TP1/PanelDeControl/out/TP1/PanelDeControl/gen/Model.o
 .text.exseq_Funcion_CLOCK_SIGNAL
                0x000000001a0003e2        0xe TP1/PanelDeControl/out/TP1/PanelDeControl/gen/Model.o
 .text.Funcion_CLOCK_SIGNAL_react
                0x000000001a0003f0       0x3a TP1/PanelDeControl/out/TP1/PanelDeControl/gen/Model.o
 .text.exact_Funcion_SEND_DATA
                0x000000001a00042a        0xc TP1/PanelDeControl/out/TP1/PanelDeControl/gen/Model.o
 .text.exseq_Funcion_SEND_DATA
                0x000000001a000436        0xe TP1/PanelDeControl/out/TP1/PanelDeControl/gen/Model.o
 .text.exact_Funcion_SERVER
                0x000000001a000444        0xc TP1/PanelDeControl/out/TP1/PanelDeControl/gen/Model.o
 .text.exseq_Funcion_SERVER
                0x000000001a000450        0xe TP1/PanelDeControl/out/TP1/PanelDeControl/gen/Model.o
 .text.enact_Funcion_SEND_DATA
                0x000000001a00045e       0x1a TP1/PanelDeControl/out/TP1/PanelDeControl/gen/Model.o
 .text.enseq_Funcion_SEND_DATA_default
                0x000000001a000478       0x12 TP1/PanelDeControl/out/TP1/PanelDeControl/gen/Model.o
 .text.Funcion_MEASURE_react
                0x000000001a00048a       0x26 TP1/PanelDeControl/out/TP1/PanelDeControl/gen/Model.o
 .text.Funcion_SERVER_react
                0x000000001a0004b0       0x26 TP1/PanelDeControl/out/TP1/PanelDeControl/gen/Model.o
 .text.enact_Funcion_SLEEP
                0x000000001a0004d6       0x1e TP1/PanelDeControl/out/TP1/PanelDeControl/gen/Model.o
 .text.enseq_Funcion_SLEEP_default
                0x000000001a0004f4       0x12 TP1/PanelDeControl/out/TP1/PanelDeControl/gen/Model.o
 .text.enact_Funcion_SERVER
                0x000000001a000506       0x1e TP1/PanelDeControl/out/TP1/PanelDeControl/gen/Model.o
 .text.enseq_Funcion_SERVER_default
                0x000000001a000524       0x12 TP1/PanelDeControl/out/TP1/PanelDeControl/gen/Model.o
 .text.Funcion_SEND_DATA_react
                0x000000001a000536       0x48 TP1/PanelDeControl/out/TP1/PanelDeControl/gen/Model.o
 .text.model_init
                0x000000001a00057e       0x22 TP1/PanelDeControl/out/TP1/PanelDeControl/gen/Model.o
                0x000000001a00057e                model_init
 .text.model_enter
                0x000000001a0005a0        0x8 TP1/PanelDeControl/out/TP1/PanelDeControl/gen/Model.o
                0x000000001a0005a0                model_enter
 .text.model_runCycle
                0x000000001a0005a8       0x70 TP1/PanelDeControl/out/TP1/PanelDeControl/gen/Model.o
                0x000000001a0005a8                model_runCycle
 .text.model_raiseTimeEvent
                0x000000001a000618       0x12 TP1/PanelDeControl/out/TP1/PanelDeControl/gen/Model.o
                0x000000001a000618                model_raiseTimeEvent
 *fill*         0x000000001a00062a        0x2 ff
 .text.Board_LED_Init
                0x000000001a00062c       0x44 TP1/PanelDeControl/out/libs/board/edu_ciaa_nxp/src/board.o
 .text.Board_TEC_Init
                0x000000001a000670       0x40 TP1/PanelDeControl/out/libs/board/edu_ciaa_nxp/src/board.o
 .text.Board_GPIO_Init
                0x000000001a0006b0       0x40 TP1/PanelDeControl/out/libs/board/edu_ciaa_nxp/src/board.o
 .text.Board_ADC_Init
                0x000000001a0006f0       0x30 TP1/PanelDeControl/out/libs/board/edu_ciaa_nxp/src/board.o
 .text.Board_SPI_Init
                0x000000001a000720       0x38 TP1/PanelDeControl/out/libs/board/edu_ciaa_nxp/src/board.o
 .text.Board_I2C_Init
                0x000000001a000758       0x24 TP1/PanelDeControl/out/libs/board/edu_ciaa_nxp/src/board.o
 .text.Board_Debug_Init
                0x000000001a00077c       0x24 TP1/PanelDeControl/out/libs/board/edu_ciaa_nxp/src/board.o
                0x000000001a00077c                Board_Debug_Init
 .text.Board_Init
                0x000000001a0007a0       0x30 TP1/PanelDeControl/out/libs/board/edu_ciaa_nxp/src/board.o
                0x000000001a0007a0                Board_Init
 .text.Board_SetupMuxing
                0x000000001a0007d0       0x38 TP1/PanelDeControl/out/libs/board/edu_ciaa_nxp/src/board_sysinit.o
                0x000000001a0007d0                Board_SetupMuxing
 .text.Board_SetupClocking
                0x000000001a000808       0x6c TP1/PanelDeControl/out/libs/board/edu_ciaa_nxp/src/board_sysinit.o
                0x000000001a000808                Board_SetupClocking
 .text.Board_SystemInit
                0x000000001a000874        0xc TP1/PanelDeControl/out/libs/board/edu_ciaa_nxp/src/board_sysinit.o
                0x000000001a000874                Board_SystemInit
 .text.Chip_UART_GetIndex
                0x000000001a000880       0x2c TP1/PanelDeControl/out/libs/board/lpc_chip_43xx/src/uart_18xx_43xx.o
 .text.Chip_UART_Init
                0x000000001a0008ac       0x54 TP1/PanelDeControl/out/libs/board/lpc_chip_43xx/src/uart_18xx_43xx.o
                0x000000001a0008ac                Chip_UART_Init
 .text.Chip_UART_SetBaudFDR
                0x000000001a000900       0xdc TP1/PanelDeControl/out/libs/board/lpc_chip_43xx/src/uart_18xx_43xx.o
                0x000000001a000900                Chip_UART_SetBaudFDR
 .text.Chip_ADC_GetClockIndex
                0x000000001a0009dc       0x14 TP1/PanelDeControl/out/libs/board/lpc_chip_43xx/src/adc_18xx_43xx.o
 .text.getClkDiv
                0x000000001a0009f0       0x32 TP1/PanelDeControl/out/libs/board/lpc_chip_43xx/src/adc_18xx_43xx.o
 *fill*         0x000000001a000a22        0x2 ff
 .text.Chip_ADC_Init
                0x000000001a000a24       0x40 TP1/PanelDeControl/out/libs/board/lpc_chip_43xx/src/adc_18xx_43xx.o
                0x000000001a000a24                Chip_ADC_Init
 .text.Chip_ADC_SetSampleRate
                0x000000001a000a64       0x32 TP1/PanelDeControl/out/libs/board/lpc_chip_43xx/src/adc_18xx_43xx.o
                0x000000001a000a64                Chip_ADC_SetSampleRate
 .text.Chip_ADC_SetResolution
                0x000000001a000a96        0xc TP1/PanelDeControl/out/libs/board/lpc_chip_43xx/src/adc_18xx_43xx.o
                0x000000001a000a96                Chip_ADC_SetResolution
 *fill*         0x000000001a000aa2        0x2 ff
 .text.pll_calc_divs
                0x000000001a000aa4       0xa0 TP1/PanelDeControl/out/libs/board/lpc_chip_43xx/src/clock_18xx_43xx.o
 .text.pll_get_frac
                0x000000001a000b44      0x10c TP1/PanelDeControl/out/libs/board/lpc_chip_43xx/src/clock_18xx_43xx.o
 .text.Chip_Clock_FindBaseClock
                0x000000001a000c50       0x4c TP1/PanelDeControl/out/libs/board/lpc_chip_43xx/src/clock_18xx_43xx.o
 .text.Chip_Clock_EnableCrystal
                0x000000001a000c9c       0x4c TP1/PanelDeControl/out/libs/board/lpc_chip_43xx/src/clock_18xx_43xx.o
                0x000000001a000c9c                Chip_Clock_EnableCrystal
 .text.Chip_Clock_GetDividerSource
                0x000000001a000ce8       0x1c TP1/PanelDeControl/out/libs/board/lpc_chip_43xx/src/clock_18xx_43xx.o
                0x000000001a000ce8                Chip_Clock_GetDividerSource
 .text.Chip_Clock_GetDividerDivisor
                0x000000001a000d04       0x1c TP1/PanelDeControl/out/libs/board/lpc_chip_43xx/src/clock_18xx_43xx.o
                0x000000001a000d04                Chip_Clock_GetDividerDivisor
 .text.Chip_Clock_GetClockInputHz
                0x000000001a000d20       0xb8 TP1/PanelDeControl/out/libs/board/lpc_chip_43xx/src/clock_18xx_43xx.o
                0x000000001a000d20                Chip_Clock_GetClockInputHz
 .text.Chip_Clock_CalcMainPLLValue
                0x000000001a000dd8       0x80 TP1/PanelDeControl/out/libs/board/lpc_chip_43xx/src/clock_18xx_43xx.o
                0x000000001a000dd8                Chip_Clock_CalcMainPLLValue
 .text.Chip_Clock_GetMainPLLHz
                0x000000001a000e58       0x6c TP1/PanelDeControl/out/libs/board/lpc_chip_43xx/src/clock_18xx_43xx.o
                0x000000001a000e58                Chip_Clock_GetMainPLLHz
 .text.Chip_Clock_GetDivRate
                0x000000001a000ec4       0x22 TP1/PanelDeControl/out/libs/board/lpc_chip_43xx/src/clock_18xx_43xx.o
 *fill*         0x000000001a000ee6        0x2 ff
 .text.Chip_Clock_SetBaseClock
                0x000000001a000ee8       0x58 TP1/PanelDeControl/out/libs/board/lpc_chip_43xx/src/clock_18xx_43xx.o
                0x000000001a000ee8                Chip_Clock_SetBaseClock
 .text.Chip_Clock_GetBaseClock
                0x000000001a000f40       0x26 TP1/PanelDeControl/out/libs/board/lpc_chip_43xx/src/clock_18xx_43xx.o
                0x000000001a000f40                Chip_Clock_GetBaseClock
 .text.Chip_Clock_GetBaseClocktHz
                0x000000001a000f66        0xc TP1/PanelDeControl/out/libs/board/lpc_chip_43xx/src/clock_18xx_43xx.o
                0x000000001a000f66                Chip_Clock_GetBaseClocktHz
 *fill*         0x000000001a000f72        0x2 ff
 .text.Chip_Clock_EnableOpts
                0x000000001a000f74       0x3c TP1/PanelDeControl/out/libs/board/lpc_chip_43xx/src/clock_18xx_43xx.o
                0x000000001a000f74                Chip_Clock_EnableOpts
 .text.Chip_Clock_Enable
                0x000000001a000fb0       0x34 TP1/PanelDeControl/out/libs/board/lpc_chip_43xx/src/clock_18xx_43xx.o
                0x000000001a000fb0                Chip_Clock_Enable
 .text.Chip_Clock_GetRate
                0x000000001a000fe4       0x4c TP1/PanelDeControl/out/libs/board/lpc_chip_43xx/src/clock_18xx_43xx.o
                0x000000001a000fe4                Chip_Clock_GetRate
 .text.SystemCoreClockUpdate
                0x000000001a001030       0x14 TP1/PanelDeControl/out/libs/board/lpc_chip_43xx/src/chip_18xx_43xx.o
                0x000000001a001030                SystemCoreClockUpdate
 .text.Chip_SetupCoreClock
                0x000000001a001044      0x158 TP1/PanelDeControl/out/libs/board/lpc_chip_43xx/src/sysinit_18xx_43xx.o
                0x000000001a001044                Chip_SetupCoreClock
 .text.Chip_GPIO_Init
                0x000000001a00119c        0x2 TP1/PanelDeControl/out/libs/board/lpc_chip_43xx/src/gpio_18xx_43xx.o
                0x000000001a00119c                Chip_GPIO_Init
 *fill*         0x000000001a00119e        0x2 ff
 .text.Chip_I2C_EventHandler
                0x000000001a0011a0       0x20 TP1/PanelDeControl/out/libs/board/lpc_chip_43xx/src/i2c_18xx_43xx.o
                0x000000001a0011a0                Chip_I2C_EventHandler
 .text.Chip_I2C_Init
                0x000000001a0011c0       0x24 TP1/PanelDeControl/out/libs/board/lpc_chip_43xx/src/i2c_18xx_43xx.o
                0x000000001a0011c0                Chip_I2C_Init
 .text.Chip_I2C_SetClockRate
                0x000000001a0011e4       0x38 TP1/PanelDeControl/out/libs/board/lpc_chip_43xx/src/i2c_18xx_43xx.o
                0x000000001a0011e4                Chip_I2C_SetClockRate
 .text.Chip_SSP_GetClockIndex
                0x000000001a00121c       0x14 TP1/PanelDeControl/out/libs/board/lpc_chip_43xx/src/ssp_18xx_43xx.o
 .text.Chip_SSP_GetPeriphClockIndex
                0x000000001a001230       0x18 TP1/PanelDeControl/out/libs/board/lpc_chip_43xx/src/ssp_18xx_43xx.o
 .text.Chip_SSP_SetClockRate
                0x000000001a001248       0x12 TP1/PanelDeControl/out/libs/board/lpc_chip_43xx/src/ssp_18xx_43xx.o
                0x000000001a001248                Chip_SSP_SetClockRate
 .text.Chip_SSP_SetBitRate
                0x000000001a00125a       0x3e TP1/PanelDeControl/out/libs/board/lpc_chip_43xx/src/ssp_18xx_43xx.o
                0x000000001a00125a                Chip_SSP_SetBitRate
 .text.Chip_SSP_Init
                0x000000001a001298       0x38 TP1/PanelDeControl/out/libs/board/lpc_chip_43xx/src/ssp_18xx_43xx.o
                0x000000001a001298                Chip_SSP_Init
 .text.SystemInit
                0x000000001a0012d0       0x38 TP1/PanelDeControl/out/libs/board/lpc_startup/src/sysinit.o
                0x000000001a0012d0                SystemInit
 .text.initialise_monitor_handles
                0x000000001a001308        0x2 TP1/PanelDeControl/out/libs/cmsis_core/src/armv7m_startup.o
                0x000000001a001308                initialise_monitor_handles
 *fill*         0x000000001a00130a        0x2 ff
 .text.Reset_Handler
                0x000000001a00130c       0x88 TP1/PanelDeControl/out/libs/cmsis_core/src/armv7m_startup.o
                0x000000001a00130c                Reset_Handler
 .text._fini    0x000000001a001394        0x2 TP1/PanelDeControl/out/libs/cmsis_core/src/armv7m_startup.o
                0x000000001a001394                _fini
 .text._init    0x000000001a001396        0x2 TP1/PanelDeControl/out/libs/cmsis_core/src/armv7m_startup.o
                0x000000001a001396                _init
 .text.InitTimerTicks
                0x000000001a001398       0x22 TP1/PanelDeControl/out/TP1/PanelDeControl/src/TimerTicks.o
                0x000000001a001398                InitTimerTicks
 .text.SetNewTimerTick
                0x000000001a0013ba       0x32 TP1/PanelDeControl/out/TP1/PanelDeControl/src/TimerTicks.o
                0x000000001a0013ba                SetNewTimerTick
 .text.UnsetTimerTick
                0x000000001a0013ec       0x34 TP1/PanelDeControl/out/TP1/PanelDeControl/src/TimerTicks.o
                0x000000001a0013ec                UnsetTimerTick
 .text.IsPendEvent
                0x000000001a001420       0x2e TP1/PanelDeControl/out/TP1/PanelDeControl/src/TimerTicks.o
                0x000000001a001420                IsPendEvent
 .text.MarkAsAttEvent
                0x000000001a00144e       0x24 TP1/PanelDeControl/out/TP1/PanelDeControl/src/TimerTicks.o
                0x000000001a00144e                MarkAsAttEvent
 .text.UpdateTimers
                0x000000001a001472       0x44 TP1/PanelDeControl/out/TP1/PanelDeControl/src/TimerTicks.o
                0x000000001a001472                UpdateTimers
 *fill*         0x000000001a0014b6        0x2 ff
 .text.model_setTimer
                0x000000001a0014b8       0x1c TP1/PanelDeControl/out/TP1/PanelDeControl/src/main.o
                0x000000001a0014b8                model_setTimer
 .text.model_unsetTimer
                0x000000001a0014d4       0x14 TP1/PanelDeControl/out/TP1/PanelDeControl/src/main.o
                0x000000001a0014d4                model_unsetTimer
 .text.SysTick_Handler
                0x000000001a0014e8        0xc TP1/PanelDeControl/out/TP1/PanelDeControl/src/main.o
                0x000000001a0014e8                SysTick_Handler
 .text.main     0x000000001a0014f4       0xb0 TP1/PanelDeControl/out/TP1/PanelDeControl/src/main.o
                0x000000001a0014f4                main
 .text          0x000000001a0015a4       0x30 /home/lucas/Embebidos/CIAA_Software_1.1-linux-x64/tools/gcc-arm-embedded/bin/../lib/gcc/arm-none-eabi/8.2.1/thumb/v7e-m+fp/hard/libgcc.a(_aeabi_uldivmod.o)
                0x000000001a0015a4                __aeabi_uldivmod
 .text.__udivmoddi4
                0x000000001a0015d4      0x2d0 /home/lucas/Embebidos/CIAA_Software_1.1-linux-x64/tools/gcc-arm-embedded/bin/../lib/gcc/arm-none-eabi/8.2.1/thumb/v7e-m+fp/hard/libgcc.a(_udivmoddi4.o)
                0x000000001a0015d4                __udivmoddi4
 .text          0x000000001a0018a4        0x4 /home/lucas/Embebidos/CIAA_Software_1.1-linux-x64/tools/gcc-arm-embedded/bin/../lib/gcc/arm-none-eabi/8.2.1/thumb/v7e-m+fp/hard/libgcc.a(_dvmd_tls.o)
                0x000000001a0018a4                __aeabi_ldiv0
                0x000000001a0018a4                __aeabi_idiv0
 .text.__libc_init_array
                0x000000001a0018a8       0x48 /home/lucas/Embebidos/CIAA_Software_1.1-linux-x64/tools/gcc-arm-embedded/bin/../lib/gcc/arm-none-eabi/8.2.1/../../../../arm-none-eabi/lib/thumb/v7e-m+fp/hard/libc_nano.a(lib_a-init.o)
                0x000000001a0018a8                __libc_init_array
 .text.memset   0x000000001a0018f0       0x10 /home/lucas/Embebidos/CIAA_Software_1.1-linux-x64/tools/gcc-arm-embedded/bin/../lib/gcc/arm-none-eabi/8.2.1/../../../../arm-none-eabi/lib/thumb/v7e-m+fp/hard/libc_nano.a(lib_a-memset.o)
                0x000000001a0018f0                memset
 *(.rodata .rodata.* .constdata .constdata.*)
 .rodata.ExtRateIn
                0x000000001a001900        0x4 TP1/PanelDeControl/out/libs/board/edu_ciaa_nxp/src/board.o
                0x000000001a001900                ExtRateIn
 .rodata.GpioButtons
                0x000000001a001904        0x8 TP1/PanelDeControl/out/libs/board/edu_ciaa_nxp/src/board.o
 .rodata.GpioLeds
                0x000000001a00190c        0xc TP1/PanelDeControl/out/libs/board/edu_ciaa_nxp/src/board.o
 .rodata.GpioPorts
                0x000000001a001918       0x12 TP1/PanelDeControl/out/libs/board/edu_ciaa_nxp/src/board.o
 *fill*         0x000000001a00192a        0x2 ff
 .rodata.OscRateIn
                0x000000001a00192c        0x4 TP1/PanelDeControl/out/libs/board/edu_ciaa_nxp/src/board.o
                0x000000001a00192c                OscRateIn
 .rodata.InitClkStates
                0x000000001a001930        0x4 TP1/PanelDeControl/out/libs/board/edu_ciaa_nxp/src/board_sysinit.o
 .rodata.pinmuxing
                0x000000001a001934       0x74 TP1/PanelDeControl/out/libs/board/edu_ciaa_nxp/src/board_sysinit.o
 .rodata.UART_BClock
                0x000000001a0019a8        0x8 TP1/PanelDeControl/out/libs/board/lpc_chip_43xx/src/uart_18xx_43xx.o
 .rodata.UART_PClock
                0x000000001a0019b0        0x8 TP1/PanelDeControl/out/libs/board/lpc_chip_43xx/src/uart_18xx_43xx.o
 .rodata        0x000000001a0019b8        0x4 TP1/PanelDeControl/out/libs/board/lpc_chip_43xx/src/clock_18xx_43xx.o
 .rodata.Chip_Clock_SetDivider.str1.4
                0x000000001a0019bc        0x8 TP1/PanelDeControl/out/libs/board/lpc_chip_43xx/src/clock_18xx_43xx.o
                                          0x6 (size before relaxing)
 .rodata.periph_to_base
                0x000000001a0019c4       0x6c TP1/PanelDeControl/out/libs/board/lpc_chip_43xx/src/clock_18xx_43xx.o
 .rodata.InitClkStates
                0x000000001a001a30       0x48 TP1/PanelDeControl/out/libs/board/lpc_chip_43xx/src/sysinit_18xx_43xx.o
                0x000000001a001a78                . = ALIGN (0x4)

.glue_7         0x000000001a001a78        0x0
 .glue_7        0x000000001a001a78        0x0 linker stubs

.glue_7t        0x000000001a001a78        0x0
 .glue_7t       0x000000001a001a78        0x0 linker stubs

.vfp11_veneer   0x000000001a001a78        0x0
 .vfp11_veneer  0x000000001a001a78        0x0 linker stubs

.v4_bx          0x000000001a001a78        0x0
 .v4_bx         0x000000001a001a78        0x0 linker stubs

.iplt           0x000000001a001a78        0x0
 .iplt          0x000000001a001a78        0x0 TP1/PanelDeControl/out/TP1/PanelDeControl/gen/Model.o
                0x000000001a001a78                . = ALIGN (0x4)

.preinit_array  0x000000001a001a78        0x0
                0x000000001a001a78                PROVIDE (__preinit_array_start = .)
 *(.preinit_array*)
                0x000000001a001a78                PROVIDE (__preinit_array_end = .)

.init_array     0x000000001a001a78        0x0
                0x000000001a001a78                PROVIDE (__init_array_start = .)
 *(SORT_BY_NAME(.init_array.*))
 *(.init_array*)
                0x000000001a001a78                PROVIDE (__init_array_end = .)
                0x000000001a001a78                . = ALIGN (0x4)

.ARM.extab
 *(.ARM.extab* .gnu.linkonce.armextab.*)
                0x000000001a001a78                __exidx_start = .

.ARM.exidx      0x000000001a001a78        0x8
 *(.ARM.exidx* .gnu.linkonce.armexidx.*)
 .ARM.exidx.text.__udivmoddi4
                0x000000001a001a78        0x8 /home/lucas/Embebidos/CIAA_Software_1.1-linux-x64/tools/gcc-arm-embedded/bin/../lib/gcc/arm-none-eabi/8.2.1/thumb/v7e-m+fp/hard/libgcc.a(_udivmoddi4.o)
                0x000000001a001a80                __exidx_end = .
                0x000000001a001a80                _etext = .

.rel.dyn        0x000000001a001a80        0x0
 .rel.iplt      0x000000001a001a80        0x0 TP1/PanelDeControl/out/TP1/PanelDeControl/gen/Model.o

.data_RAM2      0x0000000010080000        0x0 load address 0x000000001a001a80
 FILL mask 0xff
 *(.ramfunc.$RAM2)
 *(.ramfunc.$RamLoc40)
 *(.data.$RAM2*)
 *(.data.$RamLoc40*)
                0x0000000010080000                . = ALIGN (0x4)

.data_RAM3      0x0000000020000000        0x0 load address 0x000000001a001a80
 FILL mask 0xff
 *(.ramfunc.$RAM3)
 *(.ramfunc.$RamAHB32)
 *(.data.$RAM3*)
 *(.data.$RamAHB32*)
                0x0000000020000000                . = ALIGN (0x4)

.data_RAM4      0x0000000020008000        0x0 load address 0x000000001a001a80
 FILL mask 0xff
 *(.ramfunc.$RAM4)
 *(.ramfunc.$RamAHB16)
 *(.data.$RAM4*)
 *(.data.$RamAHB16*)
                0x0000000020008000                . = ALIGN (0x4)

.data_RAM5      0x000000002000c000        0x0 load address 0x000000001a001a80
 FILL mask 0xff
 *(.ramfunc.$RAM5)
 *(.ramfunc.$RamAHB_ETB16)
 *(.data.$RAM5*)
 *(.data.$RamAHB_ETB16*)
                0x000000002000c000                . = ALIGN (0x4)

.uninit_RESERVED
                0x0000000010000000        0x0
 *(.bss.$RESERVED*)
                0x0000000010000000                . = ALIGN (0x4)
                0x0000000010000000                _end_uninit_RESERVED = .

.data           0x0000000010000000       0x38 load address 0x000000001a001a80
 FILL mask 0xff
                0x0000000010000000                _data = .
 *(vtable)
 *(.ramfunc*)
 *(.data*)
 .data.i2c      0x0000000010000000       0x38 TP1/PanelDeControl/out/libs/board/lpc_chip_43xx/src/i2c_18xx_43xx.o
                0x0000000010000038                . = ALIGN (0x4)
                0x0000000010000038                _edata = .

.igot.plt       0x0000000010000038        0x0 load address 0x000000001a001ab8
 .igot.plt      0x0000000010000038        0x0 TP1/PanelDeControl/out/TP1/PanelDeControl/gen/Model.o

.bss_RAM2       0x0000000010080000        0x0
 *(.bss.$RAM2*)
 *(.bss.$RamLoc40*)
                0x0000000010080000                . = ALIGN (0x4)

.bss_RAM3       0x0000000020000000        0x0
 *(.bss.$RAM3*)
 *(.bss.$RamAHB32*)
                0x0000000020000000                . = ALIGN (0x4)

.bss_RAM4       0x0000000020008000        0x0
 *(.bss.$RAM4*)
 *(.bss.$RamAHB16*)
                0x0000000020008000                . = ALIGN (0x4)

.bss_RAM5       0x000000002000c000        0x0
 *(.bss.$RAM5*)
 *(.bss.$RamAHB_ETB16*)
                0x000000002000c000                . = ALIGN (0x4)

.bss            0x0000000010000038       0x7c
                0x0000000010000038                _bss = .
 *(.bss*)
 .bss.audio_usb_pll_freq
                0x0000000010000038        0x8 TP1/PanelDeControl/out/libs/board/lpc_chip_43xx/src/clock_18xx_43xx.o
 .bss.SysTick_Time_Flag
                0x0000000010000040        0x1 TP1/PanelDeControl/out/TP1/PanelDeControl/src/main.o
                0x0000000010000040                SysTick_Time_Flag
 *fill*         0x0000000010000041        0x3 
 .bss.statechart
                0x0000000010000044       0x1c TP1/PanelDeControl/out/TP1/PanelDeControl/src/main.o
 *(COMMON)
 COMMON         0x0000000010000060        0x4 TP1/PanelDeControl/out/libs/board/lpc_chip_43xx/src/chip_18xx_43xx.o
                0x0000000010000060                SystemCoreClock
 COMMON         0x0000000010000064       0x50 TP1/PanelDeControl/out/TP1/PanelDeControl/src/main.o
                0x0000000010000064                ticks
                0x00000000100000b4                . = ALIGN (0x4)
                0x00000000100000b4                _ebss = .
                [!provide]                        PROVIDE (end = .)

.noinit_RAM2    0x0000000010080000        0x0
 *(.noinit.$RAM2*)
 *(.noinit.$RamLoc40*)
                0x0000000010080000                . = ALIGN (0x4)

.noinit_RAM3    0x0000000020000000        0x0
 *(.noinit.$RAM3*)
 *(.noinit.$RamAHB32*)
                0x0000000020000000                . = ALIGN (0x4)

.noinit_RAM4    0x0000000020008000        0x0
 *(.noinit.$RAM4*)
 *(.noinit.$RamAHB16*)
                0x0000000020008000                . = ALIGN (0x4)

.noinit_RAM5    0x000000002000c000        0x0
 *(.noinit.$RAM5*)
 *(.noinit.$RamAHB_ETB16*)
                0x000000002000c000                . = ALIGN (0x4)

.noinit         0x00000000100000b4        0x0
                0x00000000100000b4                _noinit = .
 *(.noinit*)
                0x00000000100000b4                . = ALIGN (0x4)
                0x00000000100000b4                _end_noinit = .
                [!provide]                        PROVIDE (_pvHeapStart = .)
                0x0000000010008000                PROVIDE (_vStackTop = (__top_RamLoc32 - 0x0))
                0xffffffff53ff6578                PROVIDE (__valid_user_code_checksum = (0x0 - ((((((_vStackTop + (Reset_Handler + 0x1)) + (NMI_Handler + 0x1)) + (HardFault_Handler + 0x1)) + (DEFINED (MemManage_Handler)?MemManage_Handler:0x0 + 0x1)) + (DEFINED (BusFault_Handler)?BusFault_Handler:0x0 + 0x1)) + (DEFINED (UsageFault_Handler)?UsageFault_Handler:0x0 + 0x1))))
OUTPUT(TP1/PanelDeControl/out/PanelDeControl.elf elf32-littlearm)

.debug_info     0x0000000000000000    0x10270
 .debug_info    0x0000000000000000     0x1086 TP1/PanelDeControl/out/TP1/PanelDeControl/gen/Model.o
 .debug_info    0x0000000000001086     0x23f7 TP1/PanelDeControl/out/libs/board/edu_ciaa_nxp/src/board.o
 .debug_info    0x000000000000347d     0x15d2 TP1/PanelDeControl/out/libs/board/edu_ciaa_nxp/src/board_sysinit.o
 .debug_info    0x0000000000004a4f     0x1981 TP1/PanelDeControl/out/libs/board/lpc_chip_43xx/src/uart_18xx_43xx.o
 .debug_info    0x00000000000063d0      0xc0c TP1/PanelDeControl/out/libs/board/lpc_chip_43xx/src/adc_18xx_43xx.o
 .debug_info    0x0000000000006fdc     0x1b68 TP1/PanelDeControl/out/libs/board/lpc_chip_43xx/src/clock_18xx_43xx.o
 .debug_info    0x0000000000008b44      0xc97 TP1/PanelDeControl/out/libs/board/lpc_chip_43xx/src/chip_18xx_43xx.o
 .debug_info    0x00000000000097db      0xb39 TP1/PanelDeControl/out/libs/board/lpc_chip_43xx/src/sysinit_18xx_43xx.o
 .debug_info    0x000000000000a314      0x232 TP1/PanelDeControl/out/libs/board/lpc_chip_43xx/src/gpio_18xx_43xx.o
 .debug_info    0x000000000000a546     0x159b TP1/PanelDeControl/out/libs/board/lpc_chip_43xx/src/i2c_18xx_43xx.o
 .debug_info    0x000000000000bae1     0x1a33 TP1/PanelDeControl/out/libs/board/lpc_chip_43xx/src/ssp_18xx_43xx.o
 .debug_info    0x000000000000d514       0x40 TP1/PanelDeControl/out/libs/board/lpc_startup/src/crp.o
 .debug_info    0x000000000000d554      0xc8b TP1/PanelDeControl/out/libs/board/lpc_startup/src/sysinit.o
 .debug_info    0x000000000000e1df       0x76 TP1/PanelDeControl/out/libs/board/lpc_startup/src/vendor_interrupt.o
 .debug_info    0x000000000000e255      0x35d TP1/PanelDeControl/out/libs/cmsis_core/src/armv7m_startup.o
 .debug_info    0x000000000000e5b2      0x3ac TP1/PanelDeControl/out/TP1/PanelDeControl/src/TimerTicks.o
 .debug_info    0x000000000000e95e     0x1912 TP1/PanelDeControl/out/TP1/PanelDeControl/src/main.o

.debug_abbrev   0x0000000000000000     0x2a37
 .debug_abbrev  0x0000000000000000      0x235 TP1/PanelDeControl/out/TP1/PanelDeControl/gen/Model.o
 .debug_abbrev  0x0000000000000235      0x512 TP1/PanelDeControl/out/libs/board/edu_ciaa_nxp/src/board.o
 .debug_abbrev  0x0000000000000747      0x352 TP1/PanelDeControl/out/libs/board/edu_ciaa_nxp/src/board_sysinit.o
 .debug_abbrev  0x0000000000000a99      0x42c TP1/PanelDeControl/out/libs/board/lpc_chip_43xx/src/uart_18xx_43xx.o
 .debug_abbrev  0x0000000000000ec5      0x219 TP1/PanelDeControl/out/libs/board/lpc_chip_43xx/src/adc_18xx_43xx.o
 .debug_abbrev  0x00000000000010de      0x3ef TP1/PanelDeControl/out/libs/board/lpc_chip_43xx/src/clock_18xx_43xx.o
 .debug_abbrev  0x00000000000014cd      0x1ee TP1/PanelDeControl/out/libs/board/lpc_chip_43xx/src/chip_18xx_43xx.o
 .debug_abbrev  0x00000000000016bb      0x245 TP1/PanelDeControl/out/libs/board/lpc_chip_43xx/src/sysinit_18xx_43xx.o
 .debug_abbrev  0x0000000000001900      0x114 TP1/PanelDeControl/out/libs/board/lpc_chip_43xx/src/gpio_18xx_43xx.o
 .debug_abbrev  0x0000000000001a14      0x3af TP1/PanelDeControl/out/libs/board/lpc_chip_43xx/src/i2c_18xx_43xx.o
 .debug_abbrev  0x0000000000001dc3      0x38a TP1/PanelDeControl/out/libs/board/lpc_chip_43xx/src/ssp_18xx_43xx.o
 .debug_abbrev  0x000000000000214d       0x38 TP1/PanelDeControl/out/libs/board/lpc_startup/src/crp.o
 .debug_abbrev  0x0000000000002185      0x260 TP1/PanelDeControl/out/libs/board/lpc_startup/src/sysinit.o
 .debug_abbrev  0x00000000000023e5       0x78 TP1/PanelDeControl/out/libs/board/lpc_startup/src/vendor_interrupt.o
 .debug_abbrev  0x000000000000245d      0x127 TP1/PanelDeControl/out/libs/cmsis_core/src/armv7m_startup.o
 .debug_abbrev  0x0000000000002584      0x124 TP1/PanelDeControl/out/TP1/PanelDeControl/src/TimerTicks.o
 .debug_abbrev  0x00000000000026a8      0x38f TP1/PanelDeControl/out/TP1/PanelDeControl/src/main.o

.debug_loc      0x0000000000000000     0x6511
 .debug_loc     0x0000000000000000      0xa7b TP1/PanelDeControl/out/TP1/PanelDeControl/gen/Model.o
 .debug_loc     0x0000000000000a7b      0x659 TP1/PanelDeControl/out/libs/board/edu_ciaa_nxp/src/board.o
 .debug_loc     0x00000000000010d4      0x10f TP1/PanelDeControl/out/libs/board/edu_ciaa_nxp/src/board_sysinit.o
 .debug_loc     0x00000000000011e3      0xf38 TP1/PanelDeControl/out/libs/board/lpc_chip_43xx/src/uart_18xx_43xx.o
 .debug_loc     0x000000000000211b      0x738 TP1/PanelDeControl/out/libs/board/lpc_chip_43xx/src/adc_18xx_43xx.o
 .debug_loc     0x0000000000002853     0x1505 TP1/PanelDeControl/out/libs/board/lpc_chip_43xx/src/clock_18xx_43xx.o
 .debug_loc     0x0000000000003d58      0x1e2 TP1/PanelDeControl/out/libs/board/lpc_chip_43xx/src/sysinit_18xx_43xx.o
 .debug_loc     0x0000000000003f3a      0xe82 TP1/PanelDeControl/out/libs/board/lpc_chip_43xx/src/i2c_18xx_43xx.o
 .debug_loc     0x0000000000004dbc      0xfd3 TP1/PanelDeControl/out/libs/board/lpc_chip_43xx/src/ssp_18xx_43xx.o
 .debug_loc     0x0000000000005d8f       0x15 TP1/PanelDeControl/out/libs/board/lpc_startup/src/sysinit.o
 .debug_loc     0x0000000000005da4      0x282 TP1/PanelDeControl/out/libs/cmsis_core/src/armv7m_startup.o
 .debug_loc     0x0000000000006026      0x2f1 TP1/PanelDeControl/out/TP1/PanelDeControl/src/TimerTicks.o
 .debug_loc     0x0000000000006317      0x1fa TP1/PanelDeControl/out/TP1/PanelDeControl/src/main.o

.debug_aranges  0x0000000000000000      0x850
 .debug_aranges
                0x0000000000000000      0x180 TP1/PanelDeControl/out/TP1/PanelDeControl/gen/Model.o
 .debug_aranges
                0x0000000000000180       0xc0 TP1/PanelDeControl/out/libs/board/edu_ciaa_nxp/src/board.o
 .debug_aranges
                0x0000000000000240       0x30 TP1/PanelDeControl/out/libs/board/edu_ciaa_nxp/src/board_sysinit.o
 .debug_aranges
                0x0000000000000270       0xa8 TP1/PanelDeControl/out/libs/board/lpc_chip_43xx/src/uart_18xx_43xx.o
 .debug_aranges
                0x0000000000000318       0x90 TP1/PanelDeControl/out/libs/board/lpc_chip_43xx/src/adc_18xx_43xx.o
 .debug_aranges
                0x00000000000003a8      0x128 TP1/PanelDeControl/out/libs/board/lpc_chip_43xx/src/clock_18xx_43xx.o
 .debug_aranges
                0x00000000000004d0       0x38 TP1/PanelDeControl/out/libs/board/lpc_chip_43xx/src/chip_18xx_43xx.o
 .debug_aranges
                0x0000000000000508       0x38 TP1/PanelDeControl/out/libs/board/lpc_chip_43xx/src/sysinit_18xx_43xx.o
 .debug_aranges
                0x0000000000000540       0x28 TP1/PanelDeControl/out/libs/board/lpc_chip_43xx/src/gpio_18xx_43xx.o
 .debug_aranges
                0x0000000000000568       0xd8 TP1/PanelDeControl/out/libs/board/lpc_chip_43xx/src/i2c_18xx_43xx.o
 .debug_aranges
                0x0000000000000640       0xa0 TP1/PanelDeControl/out/libs/board/lpc_chip_43xx/src/ssp_18xx_43xx.o
 .debug_aranges
                0x00000000000006e0       0x18 TP1/PanelDeControl/out/libs/board/lpc_startup/src/crp.o
 .debug_aranges
                0x00000000000006f8       0x20 TP1/PanelDeControl/out/libs/board/lpc_startup/src/sysinit.o
 .debug_aranges
                0x0000000000000718       0x20 TP1/PanelDeControl/out/libs/board/lpc_startup/src/vendor_interrupt.o
 .debug_aranges
                0x0000000000000738       0x90 TP1/PanelDeControl/out/libs/cmsis_core/src/armv7m_startup.o
 .debug_aranges
                0x00000000000007c8       0x48 TP1/PanelDeControl/out/TP1/PanelDeControl/src/TimerTicks.o
 .debug_aranges
                0x0000000000000810       0x40 TP1/PanelDeControl/out/TP1/PanelDeControl/src/main.o

.debug_ranges   0x0000000000000000      0x878
 .debug_ranges  0x0000000000000000      0x170 TP1/PanelDeControl/out/TP1/PanelDeControl/gen/Model.o
 .debug_ranges  0x0000000000000170       0xf8 TP1/PanelDeControl/out/libs/board/edu_ciaa_nxp/src/board.o
 .debug_ranges  0x0000000000000268       0x50 TP1/PanelDeControl/out/libs/board/edu_ciaa_nxp/src/board_sysinit.o
 .debug_ranges  0x00000000000002b8       0xb0 TP1/PanelDeControl/out/libs/board/lpc_chip_43xx/src/uart_18xx_43xx.o
 .debug_ranges  0x0000000000000368       0x80 TP1/PanelDeControl/out/libs/board/lpc_chip_43xx/src/adc_18xx_43xx.o
 .debug_ranges  0x00000000000003e8      0x198 TP1/PanelDeControl/out/libs/board/lpc_chip_43xx/src/clock_18xx_43xx.o
 .debug_ranges  0x0000000000000580       0x28 TP1/PanelDeControl/out/libs/board/lpc_chip_43xx/src/chip_18xx_43xx.o
 .debug_ranges  0x00000000000005a8       0x28 TP1/PanelDeControl/out/libs/board/lpc_chip_43xx/src/sysinit_18xx_43xx.o
 .debug_ranges  0x00000000000005d0       0x18 TP1/PanelDeControl/out/libs/board/lpc_chip_43xx/src/gpio_18xx_43xx.o
 .debug_ranges  0x00000000000005e8       0xc8 TP1/PanelDeControl/out/libs/board/lpc_chip_43xx/src/i2c_18xx_43xx.o
 .debug_ranges  0x00000000000006b0       0xc0 TP1/PanelDeControl/out/libs/board/lpc_chip_43xx/src/ssp_18xx_43xx.o
 .debug_ranges  0x0000000000000770       0x10 TP1/PanelDeControl/out/libs/board/lpc_startup/src/sysinit.o
 .debug_ranges  0x0000000000000780       0x10 TP1/PanelDeControl/out/libs/board/lpc_startup/src/vendor_interrupt.o
 .debug_ranges  0x0000000000000790       0x80 TP1/PanelDeControl/out/libs/cmsis_core/src/armv7m_startup.o
 .debug_ranges  0x0000000000000810       0x38 TP1/PanelDeControl/out/TP1/PanelDeControl/src/TimerTicks.o
 .debug_ranges  0x0000000000000848       0x30 TP1/PanelDeControl/out/TP1/PanelDeControl/src/main.o

.debug_macro    0x0000000000000000     0x8156
 .debug_macro   0x0000000000000000       0x9a TP1/PanelDeControl/out/TP1/PanelDeControl/gen/Model.o
 .debug_macro   0x000000000000009a      0xaae TP1/PanelDeControl/out/TP1/PanelDeControl/gen/Model.o
 .debug_macro   0x0000000000000b48       0x22 TP1/PanelDeControl/out/TP1/PanelDeControl/gen/Model.o
 .debug_macro   0x0000000000000b6a       0x56 TP1/PanelDeControl/out/TP1/PanelDeControl/gen/Model.o
 .debug_macro   0x0000000000000bc0       0x51 TP1/PanelDeControl/out/TP1/PanelDeControl/gen/Model.o
 .debug_macro   0x0000000000000c11       0xef TP1/PanelDeControl/out/TP1/PanelDeControl/gen/Model.o
 .debug_macro   0x0000000000000d00       0x6a TP1/PanelDeControl/out/TP1/PanelDeControl/gen/Model.o
 .debug_macro   0x0000000000000d6a      0x1df TP1/PanelDeControl/out/TP1/PanelDeControl/gen/Model.o
 .debug_macro   0x0000000000000f49       0x22 TP1/PanelDeControl/out/TP1/PanelDeControl/gen/Model.o
 .debug_macro   0x0000000000000f6b       0x1c TP1/PanelDeControl/out/TP1/PanelDeControl/gen/Model.o
 .debug_macro   0x0000000000000f87       0x34 TP1/PanelDeControl/out/TP1/PanelDeControl/gen/Model.o
 .debug_macro   0x0000000000000fbb      0x43d TP1/PanelDeControl/out/libs/board/edu_ciaa_nxp/src/board.o
 .debug_macro   0x00000000000013f8       0x10 TP1/PanelDeControl/out/libs/board/edu_ciaa_nxp/src/board.o
 .debug_macro   0x0000000000001408       0x73 TP1/PanelDeControl/out/libs/board/edu_ciaa_nxp/src/board.o
 .debug_macro   0x000000000000147b       0x22 TP1/PanelDeControl/out/libs/board/edu_ciaa_nxp/src/board.o
 .debug_macro   0x000000000000149d       0x1c TP1/PanelDeControl/out/libs/board/edu_ciaa_nxp/src/board.o
 .debug_macro   0x00000000000014b9       0x22 TP1/PanelDeControl/out/libs/board/edu_ciaa_nxp/src/board.o
 .debug_macro   0x00000000000014db       0xdf TP1/PanelDeControl/out/libs/board/edu_ciaa_nxp/src/board.o
 .debug_macro   0x00000000000015ba     0x102d TP1/PanelDeControl/out/libs/board/edu_ciaa_nxp/src/board.o
 .debug_macro   0x00000000000025e7      0x11f TP1/PanelDeControl/out/libs/board/edu_ciaa_nxp/src/board.o
 .debug_macro   0x0000000000002706      0x2c3 TP1/PanelDeControl/out/libs/board/edu_ciaa_nxp/src/board.o
 .debug_macro   0x00000000000029c9      0x112 TP1/PanelDeControl/out/libs/board/edu_ciaa_nxp/src/board.o
 .debug_macro   0x0000000000002adb       0x11 TP1/PanelDeControl/out/libs/board/edu_ciaa_nxp/src/board.o
 .debug_macro   0x0000000000002aec       0x2a TP1/PanelDeControl/out/libs/board/edu_ciaa_nxp/src/board.o
 .debug_macro   0x0000000000002b16       0x16 TP1/PanelDeControl/out/libs/board/edu_ciaa_nxp/src/board.o
 .debug_macro   0x0000000000002b2c      0x2e6 TP1/PanelDeControl/out/libs/board/edu_ciaa_nxp/src/board.o
 .debug_macro   0x0000000000002e12       0x82 TP1/PanelDeControl/out/libs/board/edu_ciaa_nxp/src/board.o
 .debug_macro   0x0000000000002e94      0x13d TP1/PanelDeControl/out/libs/board/edu_ciaa_nxp/src/board.o
 .debug_macro   0x0000000000002fd1      0x198 TP1/PanelDeControl/out/libs/board/edu_ciaa_nxp/src/board.o
 .debug_macro   0x0000000000003169       0x34 TP1/PanelDeControl/out/libs/board/edu_ciaa_nxp/src/board.o
 .debug_macro   0x000000000000319d       0x58 TP1/PanelDeControl/out/libs/board/edu_ciaa_nxp/src/board.o
 .debug_macro   0x00000000000031f5      0x236 TP1/PanelDeControl/out/libs/board/edu_ciaa_nxp/src/board.o
 .debug_macro   0x000000000000342b      0x572 TP1/PanelDeControl/out/libs/board/edu_ciaa_nxp/src/board.o
 .debug_macro   0x000000000000399d       0x16 TP1/PanelDeControl/out/libs/board/edu_ciaa_nxp/src/board.o
 .debug_macro   0x00000000000039b3      0x18a TP1/PanelDeControl/out/libs/board/edu_ciaa_nxp/src/board.o
 .debug_macro   0x0000000000003b3d       0x88 TP1/PanelDeControl/out/libs/board/edu_ciaa_nxp/src/board.o
 .debug_macro   0x0000000000003bc5      0x1b9 TP1/PanelDeControl/out/libs/board/edu_ciaa_nxp/src/board.o
 .debug_macro   0x0000000000003d7e      0x1da TP1/PanelDeControl/out/libs/board/edu_ciaa_nxp/src/board.o
 .debug_macro   0x0000000000003f58       0x40 TP1/PanelDeControl/out/libs/board/edu_ciaa_nxp/src/board.o
 .debug_macro   0x0000000000003f98       0x1c TP1/PanelDeControl/out/libs/board/edu_ciaa_nxp/src/board.o
 .debug_macro   0x0000000000003fb4       0x2e TP1/PanelDeControl/out/libs/board/edu_ciaa_nxp/src/board.o
 .debug_macro   0x0000000000003fe2       0x2e TP1/PanelDeControl/out/libs/board/edu_ciaa_nxp/src/board.o
 .debug_macro   0x0000000000004010       0x22 TP1/PanelDeControl/out/libs/board/edu_ciaa_nxp/src/board.o
 .debug_macro   0x0000000000004032      0x201 TP1/PanelDeControl/out/libs/board/edu_ciaa_nxp/src/board.o
 .debug_macro   0x0000000000004233       0xe0 TP1/PanelDeControl/out/libs/board/edu_ciaa_nxp/src/board.o
 .debug_macro   0x0000000000004313      0x34c TP1/PanelDeControl/out/libs/board/edu_ciaa_nxp/src/board.o
 .debug_macro   0x000000000000465f       0xdc TP1/PanelDeControl/out/libs/board/edu_ciaa_nxp/src/board.o
 .debug_macro   0x000000000000473b       0xc4 TP1/PanelDeControl/out/libs/board/edu_ciaa_nxp/src/board.o
 .debug_macro   0x00000000000047ff       0x8f TP1/PanelDeControl/out/libs/board/edu_ciaa_nxp/src/board.o
 .debug_macro   0x000000000000488e       0x94 TP1/PanelDeControl/out/libs/board/edu_ciaa_nxp/src/board.o
 .debug_macro   0x0000000000004922       0xb8 TP1/PanelDeControl/out/libs/board/edu_ciaa_nxp/src/board.o
 .debug_macro   0x00000000000049da       0x4c TP1/PanelDeControl/out/libs/board/edu_ciaa_nxp/src/board.o
 .debug_macro   0x0000000000004a26       0x16 TP1/PanelDeControl/out/libs/board/edu_ciaa_nxp/src/board.o
 .debug_macro   0x0000000000004a3c      0x328 TP1/PanelDeControl/out/libs/board/edu_ciaa_nxp/src/board.o
 .debug_macro   0x0000000000004d64       0x3a TP1/PanelDeControl/out/libs/board/edu_ciaa_nxp/src/board.o
 .debug_macro   0x0000000000004d9e       0xd0 TP1/PanelDeControl/out/libs/board/edu_ciaa_nxp/src/board.o
 .debug_macro   0x0000000000004e6e       0x18 TP1/PanelDeControl/out/libs/board/edu_ciaa_nxp/src/board.o
 .debug_macro   0x0000000000004e86       0x22 TP1/PanelDeControl/out/libs/board/edu_ciaa_nxp/src/board.o
 .debug_macro   0x0000000000004ea8       0x40 TP1/PanelDeControl/out/libs/board/edu_ciaa_nxp/src/board.o
 .debug_macro   0x0000000000004ee8       0x64 TP1/PanelDeControl/out/libs/board/edu_ciaa_nxp/src/board.o
 .debug_macro   0x0000000000004f4c       0x18 TP1/PanelDeControl/out/libs/board/edu_ciaa_nxp/src/board.o
 .debug_macro   0x0000000000004f64       0x35 TP1/PanelDeControl/out/libs/board/edu_ciaa_nxp/src/board.o
 .debug_macro   0x0000000000004f99       0x34 TP1/PanelDeControl/out/libs/board/edu_ciaa_nxp/src/board.o
 .debug_macro   0x0000000000004fcd       0x16 TP1/PanelDeControl/out/libs/board/edu_ciaa_nxp/src/board.o
 .debug_macro   0x0000000000004fe3       0x97 TP1/PanelDeControl/out/libs/board/edu_ciaa_nxp/src/board.o
 .debug_macro   0x000000000000507a      0x356 TP1/PanelDeControl/out/libs/board/edu_ciaa_nxp/src/board.o
 .debug_macro   0x00000000000053d0       0xf6 TP1/PanelDeControl/out/libs/board/edu_ciaa_nxp/src/board.o
 .debug_macro   0x00000000000054c6       0x10 TP1/PanelDeControl/out/libs/board/edu_ciaa_nxp/src/board.o
 .debug_macro   0x00000000000054d6       0x58 TP1/PanelDeControl/out/libs/board/edu_ciaa_nxp/src/board.o
 .debug_macro   0x000000000000552e       0x1f TP1/PanelDeControl/out/libs/board/edu_ciaa_nxp/src/board.o
 .debug_macro   0x000000000000554d       0x43 TP1/PanelDeControl/out/libs/board/edu_ciaa_nxp/src/board.o
 .debug_macro   0x0000000000005590       0x20 TP1/PanelDeControl/out/libs/board/edu_ciaa_nxp/src/board.o
 .debug_macro   0x00000000000055b0      0x18e TP1/PanelDeControl/out/libs/board/edu_ciaa_nxp/src/board.o
 .debug_macro   0x000000000000573e       0x10 TP1/PanelDeControl/out/libs/board/edu_ciaa_nxp/src/board.o
 .debug_macro   0x000000000000574e       0xb6 TP1/PanelDeControl/out/libs/board/edu_ciaa_nxp/src/board.o
 .debug_macro   0x0000000000005804       0x16 TP1/PanelDeControl/out/libs/board/edu_ciaa_nxp/src/board.o
 .debug_macro   0x000000000000581a      0x129 TP1/PanelDeControl/out/libs/board/edu_ciaa_nxp/src/board.o
 .debug_macro   0x0000000000005943       0x20 TP1/PanelDeControl/out/libs/board/edu_ciaa_nxp/src/board.o
 .debug_macro   0x0000000000005963       0xee TP1/PanelDeControl/out/libs/board/edu_ciaa_nxp/src/board.o
 .debug_macro   0x0000000000005a51      0x42b TP1/PanelDeControl/out/libs/board/edu_ciaa_nxp/src/board_sysinit.o
 .debug_macro   0x0000000000005e7c      0x315 TP1/PanelDeControl/out/libs/board/lpc_chip_43xx/src/uart_18xx_43xx.o
 .debug_macro   0x0000000000006191      0x315 TP1/PanelDeControl/out/libs/board/lpc_chip_43xx/src/adc_18xx_43xx.o
 .debug_macro   0x00000000000064a6      0x31b TP1/PanelDeControl/out/libs/board/lpc_chip_43xx/src/clock_18xx_43xx.o
 .debug_macro   0x00000000000067c1      0x315 TP1/PanelDeControl/out/libs/board/lpc_chip_43xx/src/chip_18xx_43xx.o
 .debug_macro   0x0000000000006ad6      0x315 TP1/PanelDeControl/out/libs/board/lpc_chip_43xx/src/sysinit_18xx_43xx.o
 .debug_macro   0x0000000000006deb      0x315 TP1/PanelDeControl/out/libs/board/lpc_chip_43xx/src/gpio_18xx_43xx.o
 .debug_macro   0x0000000000007100      0x327 TP1/PanelDeControl/out/libs/board/lpc_chip_43xx/src/i2c_18xx_43xx.o
 .debug_macro   0x0000000000007427      0x315 TP1/PanelDeControl/out/libs/board/lpc_chip_43xx/src/ssp_18xx_43xx.o
 .debug_macro   0x000000000000773c       0x17 TP1/PanelDeControl/out/libs/board/lpc_startup/src/crp.o
 .debug_macro   0x0000000000007753      0x42b TP1/PanelDeControl/out/libs/board/lpc_startup/src/sysinit.o
 .debug_macro   0x0000000000007b7e       0x1d TP1/PanelDeControl/out/libs/board/lpc_startup/src/vendor_interrupt.o
 .debug_macro   0x0000000000007b9b       0x1d TP1/PanelDeControl/out/libs/cmsis_core/src/armv7m_startup.o
 .debug_macro   0x0000000000007bb8       0x94 TP1/PanelDeControl/out/TP1/PanelDeControl/src/TimerTicks.o
 .debug_macro   0x0000000000007c4c      0x491 TP1/PanelDeControl/out/TP1/PanelDeControl/src/main.o
 .debug_macro   0x00000000000080dd       0x79 TP1/PanelDeControl/out/TP1/PanelDeControl/src/main.o

.debug_line     0x0000000000000000     0xa663
 .debug_line    0x0000000000000000      0xaad TP1/PanelDeControl/out/TP1/PanelDeControl/gen/Model.o
 .debug_line    0x0000000000000aad      0xd85 TP1/PanelDeControl/out/libs/board/edu_ciaa_nxp/src/board.o
 .debug_line    0x0000000000001832      0x91c TP1/PanelDeControl/out/libs/board/edu_ciaa_nxp/src/board_sysinit.o
 .debug_line    0x000000000000214e      0xf0c TP1/PanelDeControl/out/libs/board/lpc_chip_43xx/src/uart_18xx_43xx.o
 .debug_line    0x000000000000305a      0xac1 TP1/PanelDeControl/out/libs/board/lpc_chip_43xx/src/adc_18xx_43xx.o
 .debug_line    0x0000000000003b1b     0x1479 TP1/PanelDeControl/out/libs/board/lpc_chip_43xx/src/clock_18xx_43xx.o
 .debug_line    0x0000000000004f94      0x7d5 TP1/PanelDeControl/out/libs/board/lpc_chip_43xx/src/chip_18xx_43xx.o
 .debug_line    0x0000000000005769      0x960 TP1/PanelDeControl/out/libs/board/lpc_chip_43xx/src/sysinit_18xx_43xx.o
 .debug_line    0x00000000000060c9      0x74e TP1/PanelDeControl/out/libs/board/lpc_chip_43xx/src/gpio_18xx_43xx.o
 .debug_line    0x0000000000006817     0x1080 TP1/PanelDeControl/out/libs/board/lpc_chip_43xx/src/i2c_18xx_43xx.o
 .debug_line    0x0000000000007897     0x1287 TP1/PanelDeControl/out/libs/board/lpc_chip_43xx/src/ssp_18xx_43xx.o
 .debug_line    0x0000000000008b1e       0x41 TP1/PanelDeControl/out/libs/board/lpc_startup/src/crp.o
 .debug_line    0x0000000000008b5f      0x864 TP1/PanelDeControl/out/libs/board/lpc_startup/src/sysinit.o
 .debug_line    0x00000000000093c3       0x6c TP1/PanelDeControl/out/libs/board/lpc_startup/src/vendor_interrupt.o
 .debug_line    0x000000000000942f      0x266 TP1/PanelDeControl/out/libs/cmsis_core/src/armv7m_startup.o
 .debug_line    0x0000000000009695      0x5bf TP1/PanelDeControl/out/TP1/PanelDeControl/src/TimerTicks.o
 .debug_line    0x0000000000009c54      0xa0f TP1/PanelDeControl/out/TP1/PanelDeControl/src/main.o

.debug_str      0x0000000000000000    0x1de57
 .debug_str     0x0000000000000000     0x4367 TP1/PanelDeControl/out/TP1/PanelDeControl/gen/Model.o
                                       0x4516 (size before relaxing)
 .debug_str     0x0000000000004367    0x178e5 TP1/PanelDeControl/out/libs/board/edu_ciaa_nxp/src/board.o
                                      0x1b728 (size before relaxing)
 .debug_str     0x000000000001bc4c      0x348 TP1/PanelDeControl/out/libs/board/edu_ciaa_nxp/src/board_sysinit.o
                                      0x1b0a3 (size before relaxing)
 .debug_str     0x000000000001bf94      0x3d7 TP1/PanelDeControl/out/libs/board/lpc_chip_43xx/src/uart_18xx_43xx.o
                                      0x17750 (size before relaxing)
 .debug_str     0x000000000001c36b      0x147 TP1/PanelDeControl/out/libs/board/lpc_chip_43xx/src/adc_18xx_43xx.o
                                      0x170eb (size before relaxing)
 .debug_str     0x000000000001c4b2      0x5d4 TP1/PanelDeControl/out/libs/board/lpc_chip_43xx/src/clock_18xx_43xx.o
                                      0x17b13 (size before relaxing)
 .debug_str     0x000000000001ca86       0x73 TP1/PanelDeControl/out/libs/board/lpc_chip_43xx/src/chip_18xx_43xx.o
                                      0x17640 (size before relaxing)
 .debug_str     0x000000000001caf9       0xb9 TP1/PanelDeControl/out/libs/board/lpc_chip_43xx/src/sysinit_18xx_43xx.o
                                      0x175a1 (size before relaxing)
 .debug_str     0x000000000001cbb2       0x3f TP1/PanelDeControl/out/libs/board/lpc_chip_43xx/src/gpio_18xx_43xx.o
                                      0x168a2 (size before relaxing)
 .debug_str     0x000000000001cbf1      0x597 TP1/PanelDeControl/out/libs/board/lpc_chip_43xx/src/i2c_18xx_43xx.o
                                      0x17882 (size before relaxing)
 .debug_str     0x000000000001d188      0x3e5 TP1/PanelDeControl/out/libs/board/lpc_chip_43xx/src/ssp_18xx_43xx.o
                                      0x172e1 (size before relaxing)
 .debug_str     0x000000000001d56d       0x40 TP1/PanelDeControl/out/libs/board/lpc_startup/src/crp.o
                                       0x2e09 (size before relaxing)
 .debug_str     0x000000000001d5ad       0xc3 TP1/PanelDeControl/out/libs/board/lpc_startup/src/sysinit.o
                                      0x1a37c (size before relaxing)
 .debug_str     0x000000000001d670       0xaf TP1/PanelDeControl/out/libs/board/lpc_startup/src/vendor_interrupt.o
                                       0x2e78 (size before relaxing)
 .debug_str     0x000000000001d71f      0x219 TP1/PanelDeControl/out/libs/cmsis_core/src/armv7m_startup.o
                                       0x300b (size before relaxing)
 .debug_str     0x000000000001d938       0xb7 TP1/PanelDeControl/out/TP1/PanelDeControl/src/TimerTicks.o
                                       0x3ef9 (size before relaxing)
 .debug_str     0x000000000001d9ef      0x468 TP1/PanelDeControl/out/TP1/PanelDeControl/src/main.o
                                      0x1b670 (size before relaxing)

.comment        0x0000000000000000       0x68
 .comment       0x0000000000000000       0x68 TP1/PanelDeControl/out/TP1/PanelDeControl/gen/Model.o
                                         0x69 (size before relaxing)
 .comment       0x0000000000000068       0x69 TP1/PanelDeControl/out/libs/board/edu_ciaa_nxp/src/board.o
 .comment       0x0000000000000068       0x69 TP1/PanelDeControl/out/libs/board/edu_ciaa_nxp/src/board_sysinit.o
 .comment       0x0000000000000068       0x69 TP1/PanelDeControl/out/libs/board/lpc_chip_43xx/src/uart_18xx_43xx.o
 .comment       0x0000000000000068       0x69 TP1/PanelDeControl/out/libs/board/lpc_chip_43xx/src/adc_18xx_43xx.o
 .comment       0x0000000000000068       0x69 TP1/PanelDeControl/out/libs/board/lpc_chip_43xx/src/clock_18xx_43xx.o
 .comment       0x0000000000000068       0x69 TP1/PanelDeControl/out/libs/board/lpc_chip_43xx/src/chip_18xx_43xx.o
 .comment       0x0000000000000068       0x69 TP1/PanelDeControl/out/libs/board/lpc_chip_43xx/src/sysinit_18xx_43xx.o
 .comment       0x0000000000000068       0x69 TP1/PanelDeControl/out/libs/board/lpc_chip_43xx/src/gpio_18xx_43xx.o
 .comment       0x0000000000000068       0x69 TP1/PanelDeControl/out/libs/board/lpc_chip_43xx/src/i2c_18xx_43xx.o
 .comment       0x0000000000000068       0x69 TP1/PanelDeControl/out/libs/board/lpc_chip_43xx/src/ssp_18xx_43xx.o
 .comment       0x0000000000000068       0x69 TP1/PanelDeControl/out/libs/board/lpc_startup/src/crp.o
 .comment       0x0000000000000068       0x69 TP1/PanelDeControl/out/libs/board/lpc_startup/src/sysinit.o
 .comment       0x0000000000000068       0x69 TP1/PanelDeControl/out/libs/board/lpc_startup/src/vendor_interrupt.o
 .comment       0x0000000000000068       0x69 TP1/PanelDeControl/out/libs/cmsis_core/src/armv7m_startup.o
 .comment       0x0000000000000068       0x69 TP1/PanelDeControl/out/TP1/PanelDeControl/src/TimerTicks.o
 .comment       0x0000000000000068       0x69 TP1/PanelDeControl/out/TP1/PanelDeControl/src/main.o

.ARM.attributes
                0x0000000000000000       0x34
 .ARM.attributes
                0x0000000000000000       0x34 TP1/PanelDeControl/out/TP1/PanelDeControl/gen/Model.o
 .ARM.attributes
                0x0000000000000034       0x34 TP1/PanelDeControl/out/libs/board/edu_ciaa_nxp/src/board.o
 .ARM.attributes
                0x0000000000000068       0x34 TP1/PanelDeControl/out/libs/board/edu_ciaa_nxp/src/board_sysinit.o
 .ARM.attributes
                0x000000000000009c       0x34 TP1/PanelDeControl/out/libs/board/lpc_chip_43xx/src/uart_18xx_43xx.o
 .ARM.attributes
                0x00000000000000d0       0x34 TP1/PanelDeControl/out/libs/board/lpc_chip_43xx/src/adc_18xx_43xx.o
 .ARM.attributes
                0x0000000000000104       0x34 TP1/PanelDeControl/out/libs/board/lpc_chip_43xx/src/clock_18xx_43xx.o
 .ARM.attributes
                0x0000000000000138       0x34 TP1/PanelDeControl/out/libs/board/lpc_chip_43xx/src/chip_18xx_43xx.o
 .ARM.attributes
                0x000000000000016c       0x34 TP1/PanelDeControl/out/libs/board/lpc_chip_43xx/src/sysinit_18xx_43xx.o
 .ARM.attributes
                0x00000000000001a0       0x34 TP1/PanelDeControl/out/libs/board/lpc_chip_43xx/src/gpio_18xx_43xx.o
 .ARM.attributes
                0x00000000000001d4       0x34 TP1/PanelDeControl/out/libs/board/lpc_chip_43xx/src/i2c_18xx_43xx.o
 .ARM.attributes
                0x0000000000000208       0x34 TP1/PanelDeControl/out/libs/board/lpc_chip_43xx/src/ssp_18xx_43xx.o
 .ARM.attributes
                0x000000000000023c       0x39 TP1/PanelDeControl/out/libs/board/lpc_startup/src/crp.o
 .ARM.attributes
                0x0000000000000275       0x34 TP1/PanelDeControl/out/libs/board/lpc_startup/src/sysinit.o
 .ARM.attributes
                0x00000000000002a9       0x34 TP1/PanelDeControl/out/libs/board/lpc_startup/src/vendor_interrupt.o
 .ARM.attributes
                0x00000000000002dd       0x34 TP1/PanelDeControl/out/libs/cmsis_core/src/armv7m_startup.o
 .ARM.attributes
                0x0000000000000311       0x34 TP1/PanelDeControl/out/TP1/PanelDeControl/src/TimerTicks.o
 .ARM.attributes
                0x0000000000000345       0x34 TP1/PanelDeControl/out/TP1/PanelDeControl/src/main.o
 .ARM.attributes
                0x0000000000000379       0x1e /home/lucas/Embebidos/CIAA_Software_1.1-linux-x64/tools/gcc-arm-embedded/bin/../lib/gcc/arm-none-eabi/8.2.1/thumb/v7e-m+fp/hard/libgcc.a(_aeabi_uldivmod.o)
 .ARM.attributes
                0x0000000000000397       0x34 /home/lucas/Embebidos/CIAA_Software_1.1-linux-x64/tools/gcc-arm-embedded/bin/../lib/gcc/arm-none-eabi/8.2.1/thumb/v7e-m+fp/hard/libgcc.a(_udivmoddi4.o)
 .ARM.attributes
                0x00000000000003cb       0x1e /home/lucas/Embebidos/CIAA_Software_1.1-linux-x64/tools/gcc-arm-embedded/bin/../lib/gcc/arm-none-eabi/8.2.1/thumb/v7e-m+fp/hard/libgcc.a(_dvmd_tls.o)
 .ARM.attributes
                0x00000000000003e9       0x34 /home/lucas/Embebidos/CIAA_Software_1.1-linux-x64/tools/gcc-arm-embedded/bin/../lib/gcc/arm-none-eabi/8.2.1/../../../../arm-none-eabi/lib/thumb/v7e-m+fp/hard/libc_nano.a(lib_a-init.o)
 .ARM.attributes
                0x000000000000041d       0x34 /home/lucas/Embebidos/CIAA_Software_1.1-linux-x64/tools/gcc-arm-embedded/bin/../lib/gcc/arm-none-eabi/8.2.1/../../../../arm-none-eabi/lib/thumb/v7e-m+fp/hard/libc_nano.a(lib_a-memset.o)

.debug_frame    0x0000000000000000     0x155c
 .debug_frame   0x0000000000000000      0x3f8 TP1/PanelDeControl/out/TP1/PanelDeControl/gen/Model.o
 .debug_frame   0x00000000000003f8      0x204 TP1/PanelDeControl/out/libs/board/edu_ciaa_nxp/src/board.o
 .debug_frame   0x00000000000005fc       0x5c TP1/PanelDeControl/out/libs/board/edu_ciaa_nxp/src/board_sysinit.o
 .debug_frame   0x0000000000000658      0x1f4 TP1/PanelDeControl/out/libs/board/lpc_chip_43xx/src/uart_18xx_43xx.o
 .debug_frame   0x000000000000084c      0x178 TP1/PanelDeControl/out/libs/board/lpc_chip_43xx/src/adc_18xx_43xx.o
 .debug_frame   0x00000000000009c4      0x31c TP1/PanelDeControl/out/libs/board/lpc_chip_43xx/src/clock_18xx_43xx.o
 .debug_frame   0x0000000000000ce0       0x70 TP1/PanelDeControl/out/libs/board/lpc_chip_43xx/src/chip_18xx_43xx.o
 .debug_frame   0x0000000000000d50       0x80 TP1/PanelDeControl/out/libs/board/lpc_chip_43xx/src/sysinit_18xx_43xx.o
 .debug_frame   0x0000000000000dd0       0x30 TP1/PanelDeControl/out/libs/board/lpc_chip_43xx/src/gpio_18xx_43xx.o
 .debug_frame   0x0000000000000e00      0x278 TP1/PanelDeControl/out/libs/board/lpc_chip_43xx/src/i2c_18xx_43xx.o
 .debug_frame   0x0000000000001078      0x198 TP1/PanelDeControl/out/libs/board/lpc_chip_43xx/src/ssp_18xx_43xx.o
 .debug_frame   0x0000000000001210       0x28 TP1/PanelDeControl/out/libs/board/lpc_startup/src/sysinit.o
 .debug_frame   0x0000000000001238       0x20 TP1/PanelDeControl/out/libs/board/lpc_startup/src/vendor_interrupt.o
 .debug_frame   0x0000000000001258      0x114 TP1/PanelDeControl/out/libs/cmsis_core/src/armv7m_startup.o
 .debug_frame   0x000000000000136c       0xbc TP1/PanelDeControl/out/TP1/PanelDeControl/src/TimerTicks.o
 .debug_frame   0x0000000000001428       0x88 TP1/PanelDeControl/out/TP1/PanelDeControl/src/main.o
 .debug_frame   0x00000000000014b0       0x2c /home/lucas/Embebidos/CIAA_Software_1.1-linux-x64/tools/gcc-arm-embedded/bin/../lib/gcc/arm-none-eabi/8.2.1/thumb/v7e-m+fp/hard/libgcc.a(_aeabi_uldivmod.o)
 .debug_frame   0x00000000000014dc       0x34 /home/lucas/Embebidos/CIAA_Software_1.1-linux-x64/tools/gcc-arm-embedded/bin/../lib/gcc/arm-none-eabi/8.2.1/thumb/v7e-m+fp/hard/libgcc.a(_udivmoddi4.o)
 .debug_frame   0x0000000000001510       0x2c /home/lucas/Embebidos/CIAA_Software_1.1-linux-x64/tools/gcc-arm-embedded/bin/../lib/gcc/arm-none-eabi/8.2.1/../../../../arm-none-eabi/lib/thumb/v7e-m+fp/hard/libc_nano.a(lib_a-init.o)
 .debug_frame   0x000000000000153c       0x20 /home/lucas/Embebidos/CIAA_Software_1.1-linux-x64/tools/gcc-arm-embedded/bin/../lib/gcc/arm-none-eabi/8.2.1/../../../../arm-none-eabi/lib/thumb/v7e-m+fp/hard/libc_nano.a(lib_a-memset.o)

Cross Reference Table

Symbol                                            File
ADC0_IRQHandler                                   TP1/PanelDeControl/out/libs/board/lpc_startup/src/vendor_interrupt.o
ADC1_IRQHandler                                   TP1/PanelDeControl/out/libs/board/lpc_startup/src/vendor_interrupt.o
ADCHS_IRQHandler                                  TP1/PanelDeControl/out/libs/board/lpc_startup/src/vendor_interrupt.o
ATIMER_IRQHandler                                 TP1/PanelDeControl/out/libs/board/lpc_startup/src/vendor_interrupt.o
Board_ADC_ReadBegin                               TP1/PanelDeControl/out/libs/board/edu_ciaa_nxp/src/board.o
Board_ADC_ReadEnd                                 TP1/PanelDeControl/out/libs/board/edu_ciaa_nxp/src/board.o
Board_ADC_ReadWait                                TP1/PanelDeControl/out/libs/board/edu_ciaa_nxp/src/board.o
Board_Debug_Init                                  TP1/PanelDeControl/out/libs/board/edu_ciaa_nxp/src/board.o
Board_Init                                        TP1/PanelDeControl/out/libs/board/edu_ciaa_nxp/src/board.o
                                                  TP1/PanelDeControl/out/TP1/PanelDeControl/src/main.o
                                                  TP1/PanelDeControl/out/libs/board/lpc_startup/src/sysinit.o
Board_LED_Set                                     TP1/PanelDeControl/out/libs/board/edu_ciaa_nxp/src/board.o
                                                  TP1/PanelDeControl/out/TP1/PanelDeControl/src/main.o
Board_LED_Test                                    TP1/PanelDeControl/out/libs/board/edu_ciaa_nxp/src/board.o
Board_LED_Toggle                                  TP1/PanelDeControl/out/libs/board/edu_ciaa_nxp/src/board.o
Board_SetupClocking                               TP1/PanelDeControl/out/libs/board/edu_ciaa_nxp/src/board_sysinit.o
Board_SetupMuxing                                 TP1/PanelDeControl/out/libs/board/edu_ciaa_nxp/src/board_sysinit.o
Board_SystemInit                                  TP1/PanelDeControl/out/libs/board/edu_ciaa_nxp/src/board_sysinit.o
                                                  TP1/PanelDeControl/out/libs/board/lpc_startup/src/sysinit.o
Board_TEC_GetStatus                               TP1/PanelDeControl/out/libs/board/edu_ciaa_nxp/src/board.o
Board_UARTGetChar                                 TP1/PanelDeControl/out/libs/board/edu_ciaa_nxp/src/board.o
Board_UARTPutChar                                 TP1/PanelDeControl/out/libs/board/edu_ciaa_nxp/src/board.o
Board_UARTPutSTR                                  TP1/PanelDeControl/out/libs/board/edu_ciaa_nxp/src/board.o
BusFault_Handler                                  TP1/PanelDeControl/out/libs/cmsis_core/src/armv7m_startup.o
CAN0_IRQHandler                                   TP1/PanelDeControl/out/libs/board/lpc_startup/src/vendor_interrupt.o
CAN1_IRQHandler                                   TP1/PanelDeControl/out/libs/board/lpc_startup/src/vendor_interrupt.o
CRP_WORD                                          TP1/PanelDeControl/out/libs/board/lpc_startup/src/crp.o
Chip_ADC_DeInit                                   TP1/PanelDeControl/out/libs/board/lpc_chip_43xx/src/adc_18xx_43xx.o
Chip_ADC_EnableChannel                            TP1/PanelDeControl/out/libs/board/lpc_chip_43xx/src/adc_18xx_43xx.o
                                                  TP1/PanelDeControl/out/libs/board/edu_ciaa_nxp/src/board.o
Chip_ADC_Init                                     TP1/PanelDeControl/out/libs/board/lpc_chip_43xx/src/adc_18xx_43xx.o
                                                  TP1/PanelDeControl/out/libs/board/edu_ciaa_nxp/src/board.o
Chip_ADC_Int_SetChannelCmd                        TP1/PanelDeControl/out/libs/board/lpc_chip_43xx/src/adc_18xx_43xx.o
Chip_ADC_ReadByte                                 TP1/PanelDeControl/out/libs/board/lpc_chip_43xx/src/adc_18xx_43xx.o
Chip_ADC_ReadStatus                               TP1/PanelDeControl/out/libs/board/lpc_chip_43xx/src/adc_18xx_43xx.o
                                                  TP1/PanelDeControl/out/libs/board/edu_ciaa_nxp/src/board.o
Chip_ADC_ReadValue                                TP1/PanelDeControl/out/libs/board/lpc_chip_43xx/src/adc_18xx_43xx.o
                                                  TP1/PanelDeControl/out/libs/board/edu_ciaa_nxp/src/board.o
Chip_ADC_SetBurstCmd                              TP1/PanelDeControl/out/libs/board/lpc_chip_43xx/src/adc_18xx_43xx.o
                                                  TP1/PanelDeControl/out/libs/board/edu_ciaa_nxp/src/board.o
Chip_ADC_SetResolution                            TP1/PanelDeControl/out/libs/board/lpc_chip_43xx/src/adc_18xx_43xx.o
                                                  TP1/PanelDeControl/out/libs/board/edu_ciaa_nxp/src/board.o
Chip_ADC_SetSampleRate                            TP1/PanelDeControl/out/libs/board/lpc_chip_43xx/src/adc_18xx_43xx.o
                                                  TP1/PanelDeControl/out/libs/board/edu_ciaa_nxp/src/board.o
Chip_ADC_SetStartMode                             TP1/PanelDeControl/out/libs/board/lpc_chip_43xx/src/adc_18xx_43xx.o
                                                  TP1/PanelDeControl/out/libs/board/edu_ciaa_nxp/src/board.o
Chip_AES_Config_DMA                               TP1/PanelDeControl/out/libs/board/lpc_chip_43xx/src/aes_18xx_43xx.o
Chip_AES_GetStatusDMA                             TP1/PanelDeControl/out/libs/board/lpc_chip_43xx/src/aes_18xx_43xx.o
Chip_AES_Init                                     TP1/PanelDeControl/out/libs/board/lpc_chip_43xx/src/aes_18xx_43xx.o
Chip_AES_LoadIV_IC                                TP1/PanelDeControl/out/libs/board/lpc_chip_43xx/src/aes_18xx_43xx.o
Chip_AES_LoadIV_SW                                TP1/PanelDeControl/out/libs/board/lpc_chip_43xx/src/aes_18xx_43xx.o
Chip_AES_LoadKey                                  TP1/PanelDeControl/out/libs/board/lpc_chip_43xx/src/aes_18xx_43xx.o
Chip_AES_LoadKeyRNG                               TP1/PanelDeControl/out/libs/board/lpc_chip_43xx/src/aes_18xx_43xx.o
Chip_AES_LoadKeySW                                TP1/PanelDeControl/out/libs/board/lpc_chip_43xx/src/aes_18xx_43xx.o
Chip_AES_Operate                                  TP1/PanelDeControl/out/libs/board/lpc_chip_43xx/src/aes_18xx_43xx.o
Chip_AES_OperateDMA                               TP1/PanelDeControl/out/libs/board/lpc_chip_43xx/src/aes_18xx_43xx.o
Chip_AES_ProgramKey                               TP1/PanelDeControl/out/libs/board/lpc_chip_43xx/src/aes_18xx_43xx.o
Chip_AES_SetMode                                  TP1/PanelDeControl/out/libs/board/lpc_chip_43xx/src/aes_18xx_43xx.o
Chip_ATIMER_DeInit                                TP1/PanelDeControl/out/libs/board/lpc_chip_43xx/src/atimer_18xx_43xx.o
Chip_ATIMER_Init                                  TP1/PanelDeControl/out/libs/board/lpc_chip_43xx/src/atimer_18xx_43xx.o
Chip_CCAN_AddReceiveID                            TP1/PanelDeControl/out/libs/board/lpc_chip_43xx/src/ccan_18xx_43xx.o
Chip_CCAN_ClearStatus                             TP1/PanelDeControl/out/libs/board/lpc_chip_43xx/src/ccan_18xx_43xx.o
Chip_CCAN_DeInit                                  TP1/PanelDeControl/out/libs/board/lpc_chip_43xx/src/ccan_18xx_43xx.o
Chip_CCAN_DeleteReceiveID                         TP1/PanelDeControl/out/libs/board/lpc_chip_43xx/src/ccan_18xx_43xx.o
Chip_CCAN_GetMsgObject                            TP1/PanelDeControl/out/libs/board/lpc_chip_43xx/src/ccan_18xx_43xx.o
Chip_CCAN_Init                                    TP1/PanelDeControl/out/libs/board/lpc_chip_43xx/src/ccan_18xx_43xx.o
Chip_CCAN_Send                                    TP1/PanelDeControl/out/libs/board/lpc_chip_43xx/src/ccan_18xx_43xx.o
Chip_CCAN_SetBitRate                              TP1/PanelDeControl/out/libs/board/lpc_chip_43xx/src/ccan_18xx_43xx.o
Chip_CCAN_SetMsgObject                            TP1/PanelDeControl/out/libs/board/lpc_chip_43xx/src/ccan_18xx_43xx.o
Chip_CCAN_SetValidMsg                             TP1/PanelDeControl/out/libs/board/lpc_chip_43xx/src/ccan_18xx_43xx.o
Chip_CCAN_TransferMsgObject                       TP1/PanelDeControl/out/libs/board/lpc_chip_43xx/src/ccan_18xx_43xx.o
Chip_Clock_CalcMainPLLValue                       TP1/PanelDeControl/out/libs/board/lpc_chip_43xx/src/clock_18xx_43xx.o
                                                  TP1/PanelDeControl/out/libs/board/lpc_chip_43xx/src/sysinit_18xx_43xx.o
Chip_Clock_ClearPowerDown                         TP1/PanelDeControl/out/libs/board/lpc_chip_43xx/src/clock_18xx_43xx.o
Chip_Clock_Disable                                TP1/PanelDeControl/out/libs/board/lpc_chip_43xx/src/clock_18xx_43xx.o
                                                  TP1/PanelDeControl/out/libs/board/lpc_chip_43xx/src/ssp_18xx_43xx.o
                                                  TP1/PanelDeControl/out/libs/board/lpc_chip_43xx/src/enet_18xx_43xx.o
                                                  TP1/PanelDeControl/out/libs/board/lpc_chip_43xx/src/gpdma_18xx_43xx.o
                                                  TP1/PanelDeControl/out/libs/board/lpc_chip_43xx/src/i2c_18xx_43xx.o
                                                  TP1/PanelDeControl/out/libs/board/lpc_chip_43xx/src/spi_18xx_43xx.o
                                                  TP1/PanelDeControl/out/libs/board/lpc_chip_43xx/src/sct_18xx_43xx.o
                                                  TP1/PanelDeControl/out/libs/board/lpc_chip_43xx/src/i2s_18xx_43xx.o
                                                  TP1/PanelDeControl/out/libs/board/lpc_chip_43xx/src/dac_18xx_43xx.o
                                                  TP1/PanelDeControl/out/libs/board/lpc_chip_43xx/src/i2cm_18xx_43xx.o
                                                  TP1/PanelDeControl/out/libs/board/lpc_chip_43xx/src/timer_18xx_43xx.o
                                                  TP1/PanelDeControl/out/libs/board/lpc_chip_43xx/src/sdif_18xx_43xx.o
                                                  TP1/PanelDeControl/out/libs/board/lpc_chip_43xx/src/ccan_18xx_43xx.o
                                                  TP1/PanelDeControl/out/libs/board/lpc_chip_43xx/src/adc_18xx_43xx.o
                                                  TP1/PanelDeControl/out/libs/board/lpc_chip_43xx/src/uart_18xx_43xx.o
                                                  TP1/PanelDeControl/out/libs/board/lpc_chip_43xx/src/lcd_18xx_43xx.o
                                                  TP1/PanelDeControl/out/libs/board/lpc_chip_43xx/src/ritimer_18xx_43xx.o
Chip_Clock_DisableBaseClock                       TP1/PanelDeControl/out/libs/board/lpc_chip_43xx/src/clock_18xx_43xx.o
Chip_Clock_DisableCrystal                         TP1/PanelDeControl/out/libs/board/lpc_chip_43xx/src/clock_18xx_43xx.o
Chip_Clock_DisablePLL                             TP1/PanelDeControl/out/libs/board/lpc_chip_43xx/src/clock_18xx_43xx.o
Chip_Clock_Enable                                 TP1/PanelDeControl/out/libs/board/lpc_chip_43xx/src/clock_18xx_43xx.o
                                                  TP1/PanelDeControl/out/libs/board/lpc_chip_43xx/src/ssp_18xx_43xx.o
                                                  TP1/PanelDeControl/out/libs/board/lpc_chip_43xx/src/i2c_18xx_43xx.o
                                                  TP1/PanelDeControl/out/libs/board/lpc_chip_43xx/src/spi_18xx_43xx.o
                                                  TP1/PanelDeControl/out/libs/board/lpc_chip_43xx/src/i2s_18xx_43xx.o
                                                  TP1/PanelDeControl/out/libs/board/lpc_chip_43xx/src/i2cm_18xx_43xx.o
                                                  TP1/PanelDeControl/out/libs/board/lpc_chip_43xx/src/timer_18xx_43xx.o
Chip_Clock_EnableBaseClock                        TP1/PanelDeControl/out/libs/board/lpc_chip_43xx/src/clock_18xx_43xx.o
                                                  TP1/PanelDeControl/out/libs/board/lpc_chip_43xx/src/chip_18xx_43xx.o
Chip_Clock_EnableCrystal                          TP1/PanelDeControl/out/libs/board/lpc_chip_43xx/src/clock_18xx_43xx.o
                                                  TP1/PanelDeControl/out/libs/board/lpc_chip_43xx/src/sysinit_18xx_43xx.o
Chip_Clock_EnableOpts                             TP1/PanelDeControl/out/libs/board/lpc_chip_43xx/src/clock_18xx_43xx.o
                                                  TP1/PanelDeControl/out/libs/board/lpc_chip_43xx/src/enet_18xx_43xx.o
                                                  TP1/PanelDeControl/out/libs/board/lpc_chip_43xx/src/gpdma_18xx_43xx.o
                                                  TP1/PanelDeControl/out/libs/board/lpc_chip_43xx/src/sct_18xx_43xx.o
                                                  TP1/PanelDeControl/out/libs/board/lpc_chip_43xx/src/dac_18xx_43xx.o
                                                  TP1/PanelDeControl/out/libs/board/lpc_chip_43xx/src/chip_18xx_43xx.o
                                                  TP1/PanelDeControl/out/libs/board/lpc_chip_43xx/src/sdif_18xx_43xx.o
                                                  TP1/PanelDeControl/out/libs/board/lpc_chip_43xx/src/ccan_18xx_43xx.o
                                                  TP1/PanelDeControl/out/libs/board/lpc_chip_43xx/src/adc_18xx_43xx.o
                                                  TP1/PanelDeControl/out/libs/board/lpc_chip_43xx/src/uart_18xx_43xx.o
                                                  TP1/PanelDeControl/out/libs/board/lpc_chip_43xx/src/lcd_18xx_43xx.o
                                                  TP1/PanelDeControl/out/libs/board/lpc_chip_43xx/src/ritimer_18xx_43xx.o
Chip_Clock_EnablePLL                              TP1/PanelDeControl/out/libs/board/lpc_chip_43xx/src/clock_18xx_43xx.o
                                                  TP1/PanelDeControl/out/libs/board/lpc_chip_43xx/src/chip_18xx_43xx.o
Chip_Clock_GetBaseClock                           TP1/PanelDeControl/out/libs/board/lpc_chip_43xx/src/clock_18xx_43xx.o
Chip_Clock_GetBaseClockOpts                       TP1/PanelDeControl/out/libs/board/lpc_chip_43xx/src/clock_18xx_43xx.o
Chip_Clock_GetBaseClocktHz                        TP1/PanelDeControl/out/libs/board/lpc_chip_43xx/src/clock_18xx_43xx.o
                                                  TP1/PanelDeControl/out/libs/board/lpc_chip_43xx/src/sdio_18xx_43xx.o
                                                  TP1/PanelDeControl/out/libs/board/lpc_chip_43xx/src/sdmmc_18xx_43xx.o
Chip_Clock_GetClockInputHz                        TP1/PanelDeControl/out/libs/board/lpc_chip_43xx/src/clock_18xx_43xx.o
                                                  TP1/PanelDeControl/out/libs/board/lpc_chip_43xx/src/chip_18xx_43xx.o
Chip_Clock_GetDividerDivisor                      TP1/PanelDeControl/out/libs/board/lpc_chip_43xx/src/clock_18xx_43xx.o
Chip_Clock_GetDividerSource                       TP1/PanelDeControl/out/libs/board/lpc_chip_43xx/src/clock_18xx_43xx.o
Chip_Clock_GetEMCRate                             TP1/PanelDeControl/out/libs/board/lpc_chip_43xx/src/clock_18xx_43xx.o
                                                  TP1/PanelDeControl/out/libs/board/lpc_chip_43xx/src/emc_18xx_43xx.o
Chip_Clock_GetMainPLLHz                           TP1/PanelDeControl/out/libs/board/lpc_chip_43xx/src/clock_18xx_43xx.o
Chip_Clock_GetPLLStatus                           TP1/PanelDeControl/out/libs/board/lpc_chip_43xx/src/clock_18xx_43xx.o
                                                  TP1/PanelDeControl/out/libs/board/lpc_chip_43xx/src/chip_18xx_43xx.o
Chip_Clock_GetRate                                TP1/PanelDeControl/out/libs/board/lpc_chip_43xx/src/clock_18xx_43xx.o
                                                  TP1/PanelDeControl/out/libs/board/lpc_chip_43xx/src/ssp_18xx_43xx.o
                                                  TP1/PanelDeControl/out/libs/board/lpc_chip_43xx/src/sct_pwm_18xx_43xx.o
                                                  TP1/PanelDeControl/out/libs/board/lpc_chip_43xx/src/i2c_18xx_43xx.o
                                                  TP1/PanelDeControl/out/libs/board/lpc_chip_43xx/src/spi_18xx_43xx.o
                                                  TP1/PanelDeControl/out/libs/board/lpc_chip_43xx/src/eeprom_18xx_43xx.o
                                                  TP1/PanelDeControl/out/libs/board/lpc_chip_43xx/src/i2s_18xx_43xx.o
                                                  TP1/PanelDeControl/out/libs/board/lpc_chip_43xx/src/i2cm_18xx_43xx.o
                                                  TP1/PanelDeControl/out/libs/board/lpc_chip_43xx/src/chip_18xx_43xx.o
                                                  TP1/PanelDeControl/out/libs/board/lpc_chip_43xx/src/ccan_18xx_43xx.o
                                                  TP1/PanelDeControl/out/libs/board/lpc_chip_43xx/src/stopwatch_18xx_43xx.o
                                                  TP1/PanelDeControl/out/libs/board/lpc_chip_43xx/src/adc_18xx_43xx.o
                                                  TP1/PanelDeControl/out/libs/board/lpc_chip_43xx/src/uart_18xx_43xx.o
                                                  TP1/PanelDeControl/out/libs/board/lpc_chip_43xx/src/ritimer_18xx_43xx.o
Chip_Clock_IsBaseClockEnabled                     TP1/PanelDeControl/out/libs/board/lpc_chip_43xx/src/clock_18xx_43xx.o
Chip_Clock_RTCEnable                              TP1/PanelDeControl/out/libs/board/lpc_chip_43xx/src/clock_18xx_43xx.o
                                                  TP1/PanelDeControl/out/libs/board/lpc_chip_43xx/src/rtc_18xx_43xx.o
Chip_Clock_SetBaseClock                           TP1/PanelDeControl/out/libs/board/lpc_chip_43xx/src/clock_18xx_43xx.o
                                                  TP1/PanelDeControl/out/libs/board/lpc_chip_43xx/src/sysinit_18xx_43xx.o
                                                  TP1/PanelDeControl/out/libs/board/lpc_chip_43xx/src/chip_18xx_43xx.o
                                                  TP1/PanelDeControl/out/libs/board/edu_ciaa_nxp/src/board_sysinit.o
Chip_Clock_SetDivider                             TP1/PanelDeControl/out/libs/board/lpc_chip_43xx/src/clock_18xx_43xx.o
                                                  TP1/PanelDeControl/out/libs/board/lpc_chip_43xx/src/chip_18xx_43xx.o
Chip_Clock_SetupMainPLLHz                         TP1/PanelDeControl/out/libs/board/lpc_chip_43xx/src/clock_18xx_43xx.o
Chip_Clock_SetupMainPLLMult                       TP1/PanelDeControl/out/libs/board/lpc_chip_43xx/src/clock_18xx_43xx.o
Chip_Clock_SetupPLL                               TP1/PanelDeControl/out/libs/board/lpc_chip_43xx/src/clock_18xx_43xx.o
                                                  TP1/PanelDeControl/out/libs/board/lpc_chip_43xx/src/chip_18xx_43xx.o
Chip_Clock_StartPowerDown                         TP1/PanelDeControl/out/libs/board/lpc_chip_43xx/src/clock_18xx_43xx.o
Chip_DAC_DeInit                                   TP1/PanelDeControl/out/libs/board/lpc_chip_43xx/src/dac_18xx_43xx.o
Chip_DAC_Init                                     TP1/PanelDeControl/out/libs/board/lpc_chip_43xx/src/dac_18xx_43xx.o
Chip_DAC_SetBias                                  TP1/PanelDeControl/out/libs/board/lpc_chip_43xx/src/dac_18xx_43xx.o
Chip_DAC_UpdateValue                              TP1/PanelDeControl/out/libs/board/lpc_chip_43xx/src/dac_18xx_43xx.o
Chip_EEPROM_EraseProgramPage                      TP1/PanelDeControl/out/libs/board/lpc_chip_43xx/src/eeprom_18xx_43xx.o
Chip_EEPROM_Init                                  TP1/PanelDeControl/out/libs/board/lpc_chip_43xx/src/eeprom_18xx_43xx.o
Chip_EEPROM_WaitForIntStatus                      TP1/PanelDeControl/out/libs/board/lpc_chip_43xx/src/eeprom_18xx_43xx.o
Chip_EMC_Dynamic_Enable                           TP1/PanelDeControl/out/libs/board/lpc_chip_43xx/src/emc_18xx_43xx.o
Chip_EMC_Dynamic_Init                             TP1/PanelDeControl/out/libs/board/lpc_chip_43xx/src/emc_18xx_43xx.o
Chip_EMC_Enable                                   TP1/PanelDeControl/out/libs/board/lpc_chip_43xx/src/emc_18xx_43xx.o
Chip_EMC_Init                                     TP1/PanelDeControl/out/libs/board/lpc_chip_43xx/src/emc_18xx_43xx.o
Chip_EMC_LowPowerMode                             TP1/PanelDeControl/out/libs/board/lpc_chip_43xx/src/emc_18xx_43xx.o
Chip_EMC_Mirror                                   TP1/PanelDeControl/out/libs/board/lpc_chip_43xx/src/emc_18xx_43xx.o
Chip_EMC_Static_Init                              TP1/PanelDeControl/out/libs/board/lpc_chip_43xx/src/emc_18xx_43xx.o
Chip_ENET_DeInit                                  TP1/PanelDeControl/out/libs/board/lpc_chip_43xx/src/enet_18xx_43xx.o
Chip_ENET_Init                                    TP1/PanelDeControl/out/libs/board/lpc_chip_43xx/src/enet_18xx_43xx.o
Chip_ENET_SetDuplex                               TP1/PanelDeControl/out/libs/board/lpc_chip_43xx/src/enet_18xx_43xx.o
Chip_ENET_SetSpeed                                TP1/PanelDeControl/out/libs/board/lpc_chip_43xx/src/enet_18xx_43xx.o
Chip_ENET_SetupMII                                TP1/PanelDeControl/out/libs/board/lpc_chip_43xx/src/enet_18xx_43xx.o
Chip_ENET_StartMIIRead                            TP1/PanelDeControl/out/libs/board/lpc_chip_43xx/src/enet_18xx_43xx.o
Chip_ENET_StartMIIWrite                           TP1/PanelDeControl/out/libs/board/lpc_chip_43xx/src/enet_18xx_43xx.o