Archive member included to satisfy reference by file (symbol)

c:/nxp/mcuxpressoide_11.2.1_4149/ide/plugins/com.nxp.mcuxpresso.tools.win32_11.2.0.202008311134/tools/bin/../lib/gcc/arm-none-eabi/9.2.1/thumb/v7e-m+fp/hard\libgcc.a(_aeabi_uldivmod.o)
                              projects/yakindu-project/out/libs/board/lpc_chip_43xx/src/i2s_18xx_43xx.o (__aeabi_uldivmod)
c:/nxp/mcuxpressoide_11.2.1_4149/ide/plugins/com.nxp.mcuxpresso.tools.win32_11.2.0.202008311134/tools/bin/../lib/gcc/arm-none-eabi/9.2.1/thumb/v7e-m+fp/hard\libgcc.a(_udivmoddi4.o)
                              c:/nxp/mcuxpressoide_11.2.1_4149/ide/plugins/com.nxp.mcuxpresso.tools.win32_11.2.0.202008311134/tools/bin/../lib/gcc/arm-none-eabi/9.2.1/thumb/v7e-m+fp/hard\libgcc.a(_aeabi_uldivmod.o) (__udivmoddi4)
c:/nxp/mcuxpressoide_11.2.1_4149/ide/plugins/com.nxp.mcuxpresso.tools.win32_11.2.0.202008311134/tools/bin/../lib/gcc/arm-none-eabi/9.2.1/thumb/v7e-m+fp/hard\libgcc.a(_dvmd_tls.o)
                              c:/nxp/mcuxpressoide_11.2.1_4149/ide/plugins/com.nxp.mcuxpresso.tools.win32_11.2.0.202008311134/tools/bin/../lib/gcc/arm-none-eabi/9.2.1/thumb/v7e-m+fp/hard\libgcc.a(_aeabi_uldivmod.o) (__aeabi_ldiv0)
c:/nxp/mcuxpressoide_11.2.1_4149/ide/plugins/com.nxp.mcuxpresso.tools.win32_11.2.0.202008311134/tools/bin/../lib/gcc/arm-none-eabi/9.2.1/../../../../arm-none-eabi/lib/thumb/v7e-m+fp/hard\libc_nano.a(lib_a-init.o)
                              projects/yakindu-project/out/libs/cmsis_core/src/armv7m_startup.o (__libc_init_array)
c:/nxp/mcuxpressoide_11.2.1_4149/ide/plugins/com.nxp.mcuxpresso.tools.win32_11.2.0.202008311134/tools/bin/../lib/gcc/arm-none-eabi/9.2.1/../../../../arm-none-eabi/lib/thumb/v7e-m+fp/hard\libc_nano.a(lib_a-memcpy-stub.o)
                              projects/yakindu-project/out/libs/board/lpc_chip_43xx/src/ring_buffer.o (memcpy)
c:/nxp/mcuxpressoide_11.2.1_4149/ide/plugins/com.nxp.mcuxpresso.tools.win32_11.2.0.202008311134/tools/bin/../lib/gcc/arm-none-eabi/9.2.1/../../../../arm-none-eabi/lib/thumb/v7e-m+fp/hard\libc_nano.a(lib_a-memset.o)
                              projects/yakindu-project/out/libs/board/lpc_chip_43xx/src/clock_18xx_43xx.o (memset)

Allocating common symbols
Common symbol       size              file

SystemCoreClock     0x4               projects/yakindu-project/out/libs/board/lpc_chip_43xx/src/chip_18xx_43xx.o
ticks               0x20              projects/yakindu-project/out/projects/yakindu-project/src/main.o

Discarded input sections

 .group         0x00000000        0xc projects/yakindu-project/out/projects/yakindu-project/gen/Blink.o
 .group         0x00000000        0xc projects/yakindu-project/out/projects/yakindu-project/gen/Blink.o
 .group         0x00000000        0xc projects/yakindu-project/out/projects/yakindu-project/gen/Blink.o
 .group         0x00000000        0xc projects/yakindu-project/out/projects/yakindu-project/gen/Blink.o
 .group         0x00000000        0xc projects/yakindu-project/out/projects/yakindu-project/gen/Blink.o
 .group         0x00000000        0xc projects/yakindu-project/out/projects/yakindu-project/gen/Blink.o
 .group         0x00000000        0xc projects/yakindu-project/out/projects/yakindu-project/gen/Blink.o
 .group         0x00000000        0xc projects/yakindu-project/out/projects/yakindu-project/gen/Blink.o
 .group         0x00000000        0xc projects/yakindu-project/out/projects/yakindu-project/gen/Blink.o
 .group         0x00000000        0xc projects/yakindu-project/out/projects/yakindu-project/gen/Blink.o
 .text          0x00000000        0x0 projects/yakindu-project/out/projects/yakindu-project/gen/Blink.o
 .data          0x00000000        0x0 projects/yakindu-project/out/projects/yakindu-project/gen/Blink.o
 .bss           0x00000000        0x0 projects/yakindu-project/out/projects/yakindu-project/gen/Blink.o
 .text.exseq_main_region
                0x00000000       0x1a projects/yakindu-project/out/projects/yakindu-project/gen/Blink.o
 .text.blink_exit
                0x00000000        0x8 projects/yakindu-project/out/projects/yakindu-project/gen/Blink.o
 .text.blink_isActive
                0x00000000       0x20 projects/yakindu-project/out/projects/yakindu-project/gen/Blink.o
 .text.blink_isFinal
                0x00000000        0x4 projects/yakindu-project/out/projects/yakindu-project/gen/Blink.o
 .text.blink_isStateActive
                0x00000000       0x24 projects/yakindu-project/out/projects/yakindu-project/gen/Blink.o
 .text.blinkIface_get_lED3
                0x00000000        0x4 projects/yakindu-project/out/projects/yakindu-project/gen/Blink.o
 .text.blinkIface_get_lED_ON
                0x00000000        0x4 projects/yakindu-project/out/projects/yakindu-project/gen/Blink.o
 .text.blinkIface_get_lED_OFF
                0x00000000        0x4 projects/yakindu-project/out/projects/yakindu-project/gen/Blink.o
 .rodata.BLINK_BLINKIFACE_LED3
[...]
Memory Configuration

Name             Origin             Length             Attributes
MFlashA512       0x1a000000         0x00080000         xr
MFlashB512       0x1b000000         0x00080000         xr
RamLoc32         0x10000000         0x00008000         xrw
RamLoc40         0x10080000         0x0000a000         xrw
RamAHB32         0x20000000         0x00008000         xrw
RamAHB16         0x20008000         0x00004000         xrw
RamAHB_ETB16     0x2000c000         0x00004000         xrw
*default*        0x00000000         0xffffffff

Linker script and memory map

START GROUP
LOAD projects/yakindu-project/out/projects/yakindu-project/gen/Blink.o
LOAD projects/yakindu-project/out/libs/board/edu_ciaa_nxp/src/board_sysinit.o
LOAD projects/yakindu-project/out/libs/board/edu_ciaa_nxp/src/board.o
LOAD projects/yakindu-project/out/libs/board/lpc_chip_43xx/src/pinint_18xx_43xx.o
LOAD projects/yakindu-project/out/libs/board/lpc_chip_43xx/src/otp_18xx_43xx.o
LOAD projects/yakindu-project/out/libs/board/lpc_chip_43xx/src/gpio_18xx_43xx.o
LOAD projects/yakindu-project/out/libs/board/lpc_chip_43xx/src/emc_18xx_43xx.o
LOAD projects/yakindu-project/out/libs/board/lpc_chip_43xx/src/chip_18xx_43xx.o
LOAD projects/yakindu-project/out/libs/board/lpc_chip_43xx/src/wwdt_18xx_43xx.o
LOAD projects/yakindu-project/out/libs/board/lpc_chip_43xx/src/sdif_18xx_43xx.o
LOAD projects/yakindu-project/out/libs/board/lpc_chip_43xx/src/spi_18xx_43xx.o
LOAD projects/yakindu-project/out/libs/board/lpc_chip_43xx/src/i2s_18xx_43xx.o
LOAD projects/yakindu-project/out/libs/board/lpc_chip_43xx/src/clock_18xx_43xx.o
LOAD projects/yakindu-project/out/libs/board/lpc_chip_43xx/src/pmc_18xx_43xx.o
LOAD projects/yakindu-project/out/libs/board/lpc_chip_43xx/src/ring_buffer.o
LOAD projects/yakindu-project/out/libs/board/lpc_chip_43xx/src/stopwatch_18xx_43xx.o
LOAD projects/yakindu-project/out/libs/board/lpc_chip_43xx/src/ssp_18xx_43xx.o
LOAD projects/yakindu-project/out/libs/board/lpc_chip_43xx/src/uart_18xx_43xx.o
LOAD projects/yakindu-project/out/libs/board/lpc_chip_43xx/src/enet_18xx_43xx.o
LOAD projects/yakindu-project/out/libs/board/lpc_chip_43xx/src/i2c_18xx_43xx.o
LOAD projects/yakindu-project/out/libs/board/lpc_chip_43xx/src/sdmmc_18xx_43xx.o
LOAD projects/yakindu-project/out/libs/board/lpc_chip_43xx/src/timer_18xx_43xx.o
LOAD projects/yakindu-project/out/libs/board/lpc_chip_43xx/src/ritimer_18xx_43xx.o
LOAD projects/yakindu-project/out/libs/board/lpc_chip_43xx/src/sct_pwm_18xx_43xx.o
LOAD projects/yakindu-project/out/libs/board/lpc_chip_43xx/src/adc_18xx_43xx.o
LOAD projects/yakindu-project/out/libs/board/lpc_chip_43xx/src/sysinit_18xx_43xx.o
LOAD projects/yakindu-project/out/libs/board/lpc_chip_43xx/src/iap_18xx_43xx.o
LOAD projects/yakindu-project/out/libs/board/lpc_chip_43xx/src/i2cm_18xx_43xx.o
LOAD projects/yakindu-project/out/libs/board/lpc_chip_43xx/src/evrt_18xx_43xx.o
LOAD projects/yakindu-project/out/libs/board/lpc_chip_43xx/src/sct_18xx_43xx.o
LOAD projects/yakindu-project/out/libs/board/lpc_chip_43xx/src/rtc_18xx_43xx.o
LOAD projects/yakindu-project/out/libs/board/lpc_chip_43xx/src/gpdma_18xx_43xx.o
LOAD projects/yakindu-project/out/libs/board/lpc_chip_43xx/src/atimer_18xx_43xx.o
LOAD projects/yakindu-project/out/libs/board/lpc_chip_43xx/src/eeprom_18xx_43xx.o
LOAD projects/yakindu-project/out/libs/board/lpc_chip_43xx/src/aes_18xx_43xx.o
LOAD projects/yakindu-project/out/libs/board/lpc_chip_43xx/src/lcd_18xx_43xx.o
LOAD projects/yakindu-project/out/libs/board/lpc_chip_43xx/src/dac_18xx_43xx.o
LOAD projects/yakindu-project/out/libs/board/lpc_chip_43xx/src/sdio_18xx_43xx.o
LOAD projects/yakindu-project/out/libs/board/lpc_chip_43xx/src/gpiogroup_18xx_43xx.o
LOAD projects/yakindu-project/out/libs/board/lpc_chip_43xx/src/ccan_18xx_43xx.o
LOAD projects/yakindu-project/out/libs/board/lpc_startup/src/vendor_interrupt.o
LOAD projects/yakindu-project/out/libs/board/lpc_startup/src/sysinit.o
LOAD projects/yakindu-project/out/libs/board/lpc_startup/src/crp.o
LOAD projects/yakindu-project/out/libs/cmsis_core/src/armv7m_startup.o
LOAD projects/yakindu-project/out/projects/yakindu-project/src/main.o
LOAD projects/yakindu-project/out/projects/yakindu-project/src/TimerTicks.o
END GROUP
LOAD c:/nxp/mcuxpressoide_11.2.1_4149/ide/plugins/com.nxp.mcuxpresso.tools.win32_11.2.0.202008311134/tools/bin/../lib/gcc/arm-none-eabi/9.2.1/../../../../arm-none-eabi/lib/thumb/v7e-m+fp/hard\libstdc++_nano.a
LOAD c:/nxp/mcuxpressoide_11.2.1_4149/ide/plugins/com.nxp.mcuxpresso.tools.win32_11.2.0.202008311134/tools/bin/../lib/gcc/arm-none-eabi/9.2.1/../../../../arm-none-eabi/lib/thumb/v7e-m+fp/hard\libm.a
START GROUP
LOAD c:/nxp/mcuxpressoide_11.2.1_4149/ide/plugins/com.nxp.mcuxpresso.tools.win32_11.2.0.202008311134/tools/bin/../lib/gcc/arm-none-eabi/9.2.1/thumb/v7e-m+fp/hard\libgcc.a
LOAD c:/nxp/mcuxpressoide_11.2.1_4149/ide/plugins/com.nxp.mcuxpresso.tools.win32_11.2.0.202008311134/tools/bin/../lib/gcc/arm-none-eabi/9.2.1/../../../../arm-none-eabi/lib/thumb/v7e-m+fp/hard\libc_nano.a
END GROUP
START GROUP
LOAD c:/nxp/mcuxpressoide_11.2.1_4149/ide/plugins/com.nxp.mcuxpresso.tools.win32_11.2.0.202008311134/tools/bin/../lib/gcc/arm-none-eabi/9.2.1/thumb/v7e-m+fp/hard\libgcc.a
LOAD c:/nxp/mcuxpressoide_11.2.1_4149/ide/plugins/com.nxp.mcuxpresso.tools.win32_11.2.0.202008311134/tools/bin/../lib/gcc/arm-none-eabi/9.2.1/../../../../arm-none-eabi/lib/thumb/v7e-m+fp/hard\libc_nano.a
END GROUP
                0x1a080000                __top_MFlashA512 = 0x1a080000
                0x1b080000                __top_MFlashB512 = 0x1b080000
                0x10008000                __top_RamLoc32 = 0x10008000
                0x1008a000                __top_RamLoc40 = 0x1008a000
                0x20008000                __top_RamAHB32 = 0x20008000
                0x2000c000                __top_RamAHB16 = 0x2000c000
                0x20010000                __top_RamAHB_ETB16 = 0x20010000
START GROUP
LOAD c:/nxp/mcuxpressoide_11.2.1_4149/ide/plugins/com.nxp.mcuxpresso.tools.win32_11.2.0.202008311134/tools/bin/../lib/gcc/arm-none-eabi/9.2.1/thumb/v7e-m+fp/hard\libgcc.a
LOAD c:/nxp/mcuxpressoide_11.2.1_4149/ide/plugins/com.nxp.mcuxpresso.tools.win32_11.2.0.202008311134/tools/bin/../lib/gcc/arm-none-eabi/9.2.1/../../../../arm-none-eabi/lib/thumb/v7e-m+fp/hard\libc.a
LOAD c:/nxp/mcuxpressoide_11.2.1_4149/ide/plugins/com.nxp.mcuxpresso.tools.win32_11.2.0.202008311134/tools/bin/../lib/gcc/arm-none-eabi/9.2.1/../../../../arm-none-eabi/lib/thumb/v7e-m+fp/hard\libm.a
END GROUP

.text_Flash2    0x1b000000        0x0
 FILL mask 0xff
 *(.text_Flash2*)
 *(.text_MFlashB512*)
 *(.text.$Flash2*)
 *(.text.$MFlashB512*)
 *(.rodata.$Flash2*)
 *(.rodata.$MFlashB512*)

.text           0x1a000000     0x18d8
 FILL mask 0xff
                0x1a000000                __vectors_start__ = ABSOLUTE (.)
 *(.isr_vector)
 .isr_vector    0x1a000000       0x40 projects/yakindu-project/out/libs/cmsis_core/src/armv7m_startup.o
                0x1a000000                g_pfnVectors
 *(.isr_vendor_vector)
 .isr_vendor_vector
                0x1a000040       0xd4 projects/yakindu-project/out/libs/board/lpc_startup/src/vendor_interrupt.o
                0x1a000040                g_pfnVendorVectors
                0x1a000114                . = ALIGN (0x4)
                0x1a000114                __section_table_start = .
                0x1a000114                __data_section_table = .
                0x1a000114        0x4 LONG 0x1a0018e0 LOADADDR (.data)
                0x1a000118        0x4 LONG 0x10000000 ADDR (.data)
                0x1a00011c        0x4 LONG 0x38 SIZEOF (.data)
                0x1a000120        0x4 LONG 0x1a0018e0 LOADADDR (.data_RAM2)
                0x1a000124        0x4 LONG 0x10080000 ADDR (.data_RAM2)
                0x1a000128        0x4 LONG 0x0 SIZEOF (.data_RAM2)
                0x1a00012c        0x4 LONG 0x1a0018e0 LOADADDR (.data_RAM3)
                0x1a000130        0x4 LONG 0x20000000 ADDR (.data_RAM3)
                0x1a000134        0x4 LONG 0x0 SIZEOF (.data_RAM3)
                0x1a000138        0x4 LONG 0x1a0018e0 LOADADDR (.data_RAM4)
                0x1a00013c        0x4 LONG 0x20008000 ADDR (.data_RAM4)
                0x1a000140        0x4 LONG 0x0 SIZEOF (.data_RAM4)
                0x1a000144        0x4 LONG 0x1a0018e0 LOADADDR (.data_RAM5)
                0x1a000148        0x4 LONG 0x2000c000 ADDR (.data_RAM5)
                0x1a00014c        0x4 LONG 0x0 SIZEOF (.data_RAM5)
                0x1a000150                __data_section_table_end = .
                0x1a000150                __bss_section_table = .
                0x1a000150        0x4 LONG 0x10000038 ADDR (.bss)
                0x1a000154        0x4 LONG 0x3c SIZEOF (.bss)
                0x1a000158        0x4 LONG 0x10080000 ADDR (.bss_RAM2)
                0x1a00015c        0x4 LONG 0x0 SIZEOF (.bss_RAM2)
                0x1a000160        0x4 LONG 0x20000000 ADDR (.bss_RAM3)
                0x1a000164        0x4 LONG 0x0 SIZEOF (.bss_RAM3)
                0x1a000168        0x4 LONG 0x20008000 ADDR (.bss_RAM4)
                0x1a00016c        0x4 LONG 0x0 SIZEOF (.bss_RAM4)
                0x1a000170        0x4 LONG 0x2000c000 ADDR (.bss_RAM5)
                0x1a000174        0x4 LONG 0x0 SIZEOF (.bss_RAM5)
                0x1a000178                __bss_section_table_end = .
                0x1a000178                __section_table_end = .
 *(.after_vectors*)
 .after_vectors
                0x1a000178        0x2 projects/yakindu-project/out/libs/board/lpc_startup/src/vendor_interrupt.o
                0x1a000178                TIMER2_IRQHandler
                0x1a000178                RIT_IRQHandler
                0x1a000178                ADCHS_IRQHandler
                0x1a000178                FLASH_EEPROM_IRQHandler
                0x1a000178                I2C0_IRQHandler
                0x1a000178                SDIO_IRQHandler
                0x1a000178                ATIMER_IRQHandler
                0x1a000178                I2C1_IRQHandler
                0x1a000178                UART1_IRQHandler
                0x1a000178                GPIO5_IRQHandler
                0x1a000178                CAN1_IRQHandler
                0x1a000178                USB1_IRQHandler
                0x1a000178                I2S0_IRQHandler
                0x1a000178                TIMER3_IRQHandler
                0x1a000178                UART0_IRQHandler
                0x1a000178                SGPIO_IRQHandler
                0x1a000178                ADC0_IRQHandler
                0x1a000178                GPIO6_IRQHandler
                0x1a000178                IntDefaultHandler
                0x1a000178                GPIO1_IRQHandler
                0x1a000178                SSP0_IRQHandler
                0x1a000178                ADC1_IRQHandler
                0x1a000178                RTC_IRQHandler
                0x1a000178                TIMER0_IRQHandler
                0x1a000178                SPI_IRQHandler
                0x1a000178                LCD_IRQHandler
                0x1a000178                TIMER1_IRQHandler
                0x1a000178                UART2_IRQHandler
                0x1a000178                GPIO2_IRQHandler
                0x1a000178                I2S1_IRQHandler
                0x1a000178                SSP1_IRQHandler
                0x1a000178                USB0_IRQHandler
                0x1a000178                GPIO3_IRQHandler
                0x1a000178                SCT_IRQHandler
                0x1a000178                WDT_IRQHandler
                0x1a000178                GPIO7_IRQHandler
                0x1a000178                SPIFI_IRQHandler
                0x1a000178                QEI_IRQHandler
                0x1a000178                ETH_IRQHandler
                0x1a000178                CAN0_IRQHandler
                0x1a000178                GINT0_IRQHandler
                0x1a000178                DAC_IRQHandler
                0x1a000178                M0SUB_IRQHandler
                0x1a000178                GPIO0_IRQHandler
                0x1a000178                DMA_IRQHandler
                0x1a000178                EVRT_IRQHandler
                0x1a000178                UART3_IRQHandler
                0x1a000178                MCPWM_IRQHandler
                0x1a000178                M0APP_IRQHandler
                0x1a000178                GINT1_IRQHandler
                0x1a000178                GPIO4_IRQHandler
 .after_vectors
                0x1a00017a       0x42 projects/yakindu-project/out/libs/cmsis_core/src/armv7m_startup.o
                0x1a00017a                NMI_Handler
                0x1a00017c                HardFault_Handler
                0x1a00017e                MemManage_Handler
                0x1a000180                BusFault_Handler
                0x1a000182                UsageFault_Handler
                0x1a000184                SVC_Handler
                0x1a000186                DebugMon_Handler
                0x1a000188                PendSV_Handler
                0x1a00018c                data_init
                0x1a0001aa                bss_init
                0x000002fc                . = 0x2fc
 *fill*         0x1a0001bc      0x140 ff
                0x1a0002fc                PROVIDE (__CRP_WORD_START__ = .)
 *(.crp)
 .crp           0x1a0002fc        0x4 projects/yakindu-project/out/libs/board/lpc_startup/src/crp.o
                0x1a0002fc                CRP_WORD
                0x1a000300                PROVIDE (__CRP_WORD_END__ = .)
                0x00000001                ASSERT (! ((__CRP_WORD_START__ == __CRP_WORD_END__)), Linker CRP Enabled, but no CRP_WORD provided within application)
 *(.text*)
 .text.clearInEvents
                0x1a000300        0x8 projects/yakindu-project/out/projects/yakindu-project/gen/Blink.o
 .text.react    0x1a000308        0x4 projects/yakindu-project/out/projects/yakindu-project/gen/Blink.o
 .text.enact_main_region_APAGADO
                0x1a00030c       0x1c projects/yakindu-project/out/projects/yakindu-project/gen/Blink.o
 .text.enseq_main_region_APAGADO_default
                0x1a000328       0x12 projects/yakindu-project/out/projects/yakindu-project/gen/Blink.o
 .text.react_main_region__entry_Default
                0x1a00033a        0x8 projects/yakindu-project/out/projects/yakindu-project/gen/Blink.o
 .text.enseq_main_region_default
                0x1a000342        0x8 projects/yakindu-project/out/projects/yakindu-project/gen/Blink.o
 .text.enact_main_region_ENCENDIDO
                0x1a00034a       0x1e projects/yakindu-project/out/projects/yakindu-project/gen/Blink.o
 .text.enseq_main_region_ENCENDIDO_default
                0x1a000368       0x12 projects/yakindu-project/out/projects/yakindu-project/gen/Blink.o
 .text.exact_main_region_APAGADO
                0x1a00037a        0xc projects/yakindu-project/out/projects/yakindu-project/gen/Blink.o
 .text.exseq_main_region_APAGADO
                0x1a000386        0xe projects/yakindu-project/out/projects/yakindu-project/gen/Blink.o
 .text.main_region_APAGADO_react
                0x1a000394       0x26 projects/yakindu-project/out/projects/yakindu-project/gen/Blink.o
 .text.exact_main_region_ENCENDIDO
                0x1a0003ba        0xc projects/yakindu-project/out/projects/yakindu-project/gen/Blink.o
 .text.exseq_main_region_ENCENDIDO
                0x1a0003c6        0xe projects/yakindu-project/out/projects/yakindu-project/gen/Blink.o
 .text.main_region_ENCENDIDO_react
                0x1a0003d4       0x26 projects/yakindu-project/out/projects/yakindu-project/gen/Blink.o
 .text.blink_init
                0x1a0003fa       0x1a projects/yakindu-project/out/projects/yakindu-project/gen/Blink.o
                0x1a0003fa                blink_init
 .text.blink_enter
                0x1a000414        0x8 projects/yakindu-project/out/projects/yakindu-project/gen/Blink.o
                0x1a000414                blink_enter
 .text.blink_runCycle
                0x1a00041c       0x38 projects/yakindu-project/out/projects/yakindu-project/gen/Blink.o
                0x1a00041c                blink_runCycle
 .text.blink_raiseTimeEvent
                0x1a000454       0x12 projects/yakindu-project/out/projects/yakindu-project/gen/Blink.o
                0x1a000454                blink_raiseTimeEvent
 *fill*         0x1a000466        0x2 ff
 .text.Board_SetupMuxing
                0x1a000468       0x38 projects/yakindu-project/out/libs/board/edu_ciaa_nxp/src/board_sysinit.o
                0x1a000468                Board_SetupMuxing
 .text.Board_SetupClocking
                0x1a0004a0       0x6c projects/yakindu-project/out/libs/board/edu_ciaa_nxp/src/board_sysinit.o
                0x1a0004a0                Board_SetupClocking
 .text.Board_SystemInit
                0x1a00050c        0xc projects/yakindu-project/out/libs/board/edu_ciaa_nxp/src/board_sysinit.o
                0x1a00050c                Board_SystemInit
 .text.Board_LED_Init
                0x1a000518       0x44 projects/yakindu-project/out/libs/board/edu_ciaa_nxp/src/board.o
 .text.Board_TEC_Init
                0x1a00055c       0x40 projects/yakindu-project/out/libs/board/edu_ciaa_nxp/src/board.o
 .text.Board_GPIO_Init
                0x1a00059c       0x40 projects/yakindu-project/out/libs/board/edu_ciaa_nxp/src/board.o
 .text.Board_ADC_Init
                0x1a0005dc       0x30 projects/yakindu-project/out/libs/board/edu_ciaa_nxp/src/board.o
 .text.Board_SPI_Init
                0x1a00060c       0x38 projects/yakindu-project/out/libs/board/edu_ciaa_nxp/src/board.o
 .text.Board_I2C_Init
                0x1a000644       0x24 projects/yakindu-project/out/libs/board/edu_ciaa_nxp/src/board.o
 .text.Board_Debug_Init
                0x1a000668       0x24 projects/yakindu-project/out/libs/board/edu_ciaa_nxp/src/board.o
                0x1a000668                Board_Debug_Init
 .text.Board_LED_Set
                0x1a00068c       0x24 projects/yakindu-project/out/libs/board/edu_ciaa_nxp/src/board.o
                0x1a00068c                Board_LED_Set
 .text.Board_Init
                0x1a0006b0       0x30 projects/yakindu-project/out/libs/board/edu_ciaa_nxp/src/board.o
                0x1a0006b0                Board_Init
 .text.Chip_GPIO_Init
                0x1a0006e0        0x2 projects/yakindu-project/out/libs/board/lpc_chip_43xx/src/gpio_18xx_43xx.o
                0x1a0006e0                Chip_GPIO_Init
 *fill*         0x1a0006e2        0x2 ff
 .text.SystemCoreClockUpdate
                0x1a0006e4       0x14 projects/yakindu-project/out/libs/board/lpc_chip_43xx/src/chip_18xx_43xx.o
                0x1a0006e4                SystemCoreClockUpdate
 .text.pll_calc_divs
                0x1a0006f8       0xa0 projects/yakindu-project/out/libs/board/lpc_chip_43xx/src/clock_18xx_43xx.o
 .text.pll_get_frac
                0x1a000798      0x10c projects/yakindu-project/out/libs/board/lpc_chip_43xx/src/clock_18xx_43xx.o
 .text.Chip_Clock_FindBaseClock
                0x1a0008a4       0x48 projects/yakindu-project/out/libs/board/lpc_chip_43xx/src/clock_18xx_43xx.o
 .text.Chip_Clock_EnableCrystal
                0x1a0008ec       0x4c projects/yakindu-project/out/libs/board/lpc_chip_43xx/src/clock_18xx_43xx.o
                0x1a0008ec                Chip_Clock_EnableCrystal
 .text.Chip_Clock_GetDividerSource
                0x1a000938       0x1c projects/yakindu-project/out/libs/board/lpc_chip_43xx/src/clock_18xx_43xx.o
                0x1a000938                Chip_Clock_GetDividerSource
 .text.Chip_Clock_GetDividerDivisor
                0x1a000954       0x1c projects/yakindu-project/out/libs/board/lpc_chip_43xx/src/clock_18xx_43xx.o
                0x1a000954                Chip_Clock_GetDividerDivisor
 .text.Chip_Clock_GetClockInputHz
                0x1a000970       0xb8 projects/yakindu-project/out/libs/board/lpc_chip_43xx/src/clock_18xx_43xx.o
                0x1a000970                Chip_Clock_GetClockInputHz
 .text.Chip_Clock_CalcMainPLLValue
                0x1a000a28       0x80 projects/yakindu-project/out/libs/board/lpc_chip_43xx/src/clock_18xx_43xx.o
                0x1a000a28                Chip_Clock_CalcMainPLLValue
 .text.Chip_Clock_GetMainPLLHz
                0x1a000aa8       0x68 projects/yakindu-project/out/libs/board/lpc_chip_43xx/src/clock_18xx_43xx.o
                0x1a000aa8                Chip_Clock_GetMainPLLHz
 .text.Chip_Clock_GetDivRate
                0x1a000b10       0x22 projects/yakindu-project/out/libs/board/lpc_chip_43xx/src/clock_18xx_43xx.o
 *fill*         0x1a000b32        0x2 ff
 .text.Chip_Clock_SetBaseClock
                0x1a000b34       0x58 projects/yakindu-project/out/libs/board/lpc_chip_43xx/src/clock_18xx_43xx.o
                0x1a000b34                Chip_Clock_SetBaseClock
 .text.Chip_Clock_GetBaseClock
                0x1a000b8c       0x28 projects/yakindu-project/out/libs/board/lpc_chip_43xx/src/clock_18xx_43xx.o
                0x1a000b8c                Chip_Clock_GetBaseClock
 .text.Chip_Clock_GetBaseClocktHz
                0x1a000bb4        0xc projects/yakindu-project/out/libs/board/lpc_chip_43xx/src/clock_18xx_43xx.o
                0x1a000bb4                Chip_Clock_GetBaseClocktHz
 .text.Chip_Clock_EnableOpts
                0x1a000bc0       0x3c projects/yakindu-project/out/libs/board/lpc_chip_43xx/src/clock_18xx_43xx.o
                0x1a000bc0                Chip_Clock_EnableOpts
 .text.Chip_Clock_Enable
                0x1a000bfc       0x34 projects/yakindu-project/out/libs/board/lpc_chip_43xx/src/clock_18xx_43xx.o
                0x1a000bfc                Chip_Clock_Enable
 .text.Chip_Clock_GetRate
                0x1a000c30       0x4c projects/yakindu-project/out/libs/board/lpc_chip_43xx/src/clock_18xx_43xx.o
                0x1a000c30                Chip_Clock_GetRate
 .text.Chip_SSP_GetClockIndex
                0x1a000c7c       0x14 projects/yakindu-project/out/libs/board/lpc_chip_43xx/src/ssp_18xx_43xx.o
 .text.Chip_SSP_GetPeriphClockIndex
                0x1a000c90       0x18 projects/yakindu-project/out/libs/board/lpc_chip_43xx/src/ssp_18xx_43xx.o
 .text.Chip_SSP_SetClockRate
                0x1a000ca8       0x12 projects/yakindu-project/out/libs/board/lpc_chip_43xx/src/ssp_18xx_43xx.o
                0x1a000ca8                Chip_SSP_SetClockRate
 .text.Chip_SSP_SetBitRate
                0x1a000cba       0x3e projects/yakindu-project/out/libs/board/lpc_chip_43xx/src/ssp_18xx_43xx.o
                0x1a000cba                Chip_SSP_SetBitRate
 .text.Chip_SSP_Init
                0x1a000cf8       0x38 projects/yakindu-project/out/libs/board/lpc_chip_43xx/src/ssp_18xx_43xx.o
                0x1a000cf8                Chip_SSP_Init
 .text.Chip_UART_GetIndex
                0x1a000d30       0x2c projects/yakindu-project/out/libs/board/lpc_chip_43xx/src/uart_18xx_43xx.o
 .text.Chip_UART_Init
                0x1a000d5c       0x54 projects/yakindu-project/out/libs/board/lpc_chip_43xx/src/uart_18xx_43xx.o
                0x1a000d5c                Chip_UART_Init
 .text.Chip_UART_SetBaudFDR
                0x1a000db0       0xdc projects/yakindu-project/out/libs/board/lpc_chip_43xx/src/uart_18xx_43xx.o
                0x1a000db0                Chip_UART_SetBaudFDR
 .text.Chip_I2C_EventHandler
                0x1a000e8c       0x20 projects/yakindu-project/out/libs/board/lpc_chip_43xx/src/i2c_18xx_43xx.o
                0x1a000e8c                Chip_I2C_EventHandler
 .text.Chip_I2C_Init
                0x1a000eac       0x28 projects/yakindu-project/out/libs/board/lpc_chip_43xx/src/i2c_18xx_43xx.o
                0x1a000eac                Chip_I2C_Init
 .text.Chip_I2C_SetClockRate
                0x1a000ed4       0x3c projects/yakindu-project/out/libs/board/lpc_chip_43xx/src/i2c_18xx_43xx.o
                0x1a000ed4                Chip_I2C_SetClockRate
 .text.Chip_ADC_GetClockIndex
                0x1a000f10       0x14 projects/yakindu-project/out/libs/board/lpc_chip_43xx/src/adc_18xx_43xx.o
 .text.getClkDiv
                0x1a000f24       0x32 projects/yakindu-project/out/libs/board/lpc_chip_43xx/src/adc_18xx_43xx.o
 *fill*         0x1a000f56        0x2 ff
 .text.Chip_ADC_Init
                0x1a000f58       0x40 projects/yakindu-project/out/libs/board/lpc_chip_43xx/src/adc_18xx_43xx.o
                0x1a000f58                Chip_ADC_Init
 .text.Chip_ADC_SetSampleRate
                0x1a000f98       0x32 projects/yakindu-project/out/libs/board/lpc_chip_43xx/src/adc_18xx_43xx.o
                0x1a000f98                Chip_ADC_SetSampleRate
 .text.Chip_ADC_SetResolution
                0x1a000fca        0xc projects/yakindu-project/out/libs/board/lpc_chip_43xx/src/adc_18xx_43xx.o
                0x1a000fca                Chip_ADC_SetResolution
 *fill*         0x1a000fd6        0x2 ff
 .text.Chip_SetupCoreClock
                0x1a000fd8      0x158 projects/yakindu-project/out/libs/board/lpc_chip_43xx/src/sysinit_18xx_43xx.o
                0x1a000fd8                Chip_SetupCoreClock
 .text.SystemInit
                0x1a001130       0x38 projects/yakindu-project/out/libs/board/lpc_startup/src/sysinit.o
                0x1a001130                SystemInit
 .text.initialise_monitor_handles
                0x1a001168        0x2 projects/yakindu-project/out/libs/cmsis_core/src/armv7m_startup.o
                0x1a001168                initialise_monitor_handles
 *fill*         0x1a00116a        0x2 ff
 .text.Reset_Handler
                0x1a00116c       0x88 projects/yakindu-project/out/libs/cmsis_core/src/armv7m_startup.o
                0x1a00116c                Reset_Handler
 .text._fini    0x1a0011f4        0x2 projects/yakindu-project/out/libs/cmsis_core/src/armv7m_startup.o
                0x1a0011f4                _fini
 .text._init    0x1a0011f6        0x2 projects/yakindu-project/out/libs/cmsis_core/src/armv7m_startup.o
                0x1a0011f6                _init
 .text.blinkIface_opLED
                0x1a0011f8        0xe projects/yakindu-project/out/projects/yakindu-project/src/main.o
                0x1a0011f8                blinkIface_opLED
 *fill*         0x1a001206        0x2 ff
 .text.blink_setTimer
                0x1a001208       0x1c projects/yakindu-project/out/projects/yakindu-project/src/main.o
                0x1a001208                blink_setTimer
 .text.blink_unsetTimer
                0x1a001224       0x14 projects/yakindu-project/out/projects/yakindu-project/src/main.o
                0x1a001224                blink_unsetTimer
 .text.SysTick_Handler
                0x1a001238        0xc projects/yakindu-project/out/projects/yakindu-project/src/main.o
                0x1a001238                SysTick_Handler
 .text.main     0x1a001244       0xb0 projects/yakindu-project/out/projects/yakindu-project/src/main.o
                0x1a001244                main
 .text.InitTimerTicks
                0x1a0012f4       0x24 projects/yakindu-project/out/projects/yakindu-project/src/TimerTicks.o
                0x1a0012f4                InitTimerTicks
 .text.SetNewTimerTick
                0x1a001318       0x34 projects/yakindu-project/out/projects/yakindu-project/src/TimerTicks.o
                0x1a001318                SetNewTimerTick
 .text.UnsetTimerTick
                0x1a00134c       0x36 projects/yakindu-project/out/projects/yakindu-project/src/TimerTicks.o
                0x1a00134c                UnsetTimerTick
 .text.IsPendEvent
                0x1a001382       0x28 projects/yakindu-project/out/projects/yakindu-project/src/TimerTicks.o
                0x1a001382                IsPendEvent
 .text.MarkAsAttEvent
                0x1a0013aa       0x26 projects/yakindu-project/out/projects/yakindu-project/src/TimerTicks.o
                0x1a0013aa                MarkAsAttEvent
 .text.UpdateTimers
                0x1a0013d0       0x44 projects/yakindu-project/out/projects/yakindu-project/src/TimerTicks.o
                0x1a0013d0                UpdateTimers
 .text          0x1a001414       0x30 c:/nxp/mcuxpressoide_11.2.1_4149/ide/plugins/com.nxp.mcuxpresso.tools.win32_11.2.0.202008311134/tools/bin/../lib/gcc/arm-none-eabi/9.2.1/thumb/v7e-m+fp/hard\libgcc.a(_aeabi_uldivmod.o)
                0x1a001414                __aeabi_uldivmod
 .text          0x1a001444      0x2c4 c:/nxp/mcuxpressoide_11.2.1_4149/ide/plugins/com.nxp.mcuxpresso.tools.win32_11.2.0.202008311134/tools/bin/../lib/gcc/arm-none-eabi/9.2.1/thumb/v7e-m+fp/hard\libgcc.a(_udivmoddi4.o)
                0x1a001444                __udivmoddi4
 .text          0x1a001708        0x4 c:/nxp/mcuxpressoide_11.2.1_4149/ide/plugins/com.nxp.mcuxpresso.tools.win32_11.2.0.202008311134/tools/bin/../lib/gcc/arm-none-eabi/9.2.1/thumb/v7e-m+fp/hard\libgcc.a(_dvmd_tls.o)
                0x1a001708                __aeabi_idiv0
                0x1a001708                __aeabi_ldiv0
 .text.__libc_init_array
                0x1a00170c       0x48 c:/nxp/mcuxpressoide_11.2.1_4149/ide/plugins/com.nxp.mcuxpresso.tools.win32_11.2.0.202008311134/tools/bin/../lib/gcc/arm-none-eabi/9.2.1/../../../../arm-none-eabi/lib/thumb/v7e-m+fp/hard\libc_nano.a(lib_a-init.o)
                0x1a00170c                __libc_init_array
 .text.memset   0x1a001754       0x10 c:/nxp/mcuxpressoide_11.2.1_4149/ide/plugins/com.nxp.mcuxpresso.tools.win32_11.2.0.202008311134/tools/bin/../lib/gcc/arm-none-eabi/9.2.1/../../../../arm-none-eabi/lib/thumb/v7e-m+fp/hard\libc_nano.a(lib_a-memset.o)
                0x1a001754                memset
 *(.rodata .rodata.* .constdata .constdata.*)
 .rodata.InitClkStates
                0x1a001764        0x4 projects/yakindu-project/out/libs/board/edu_ciaa_nxp/src/board_sysinit.o
 .rodata.pinmuxing
                0x1a001768       0x74 projects/yakindu-project/out/libs/board/edu_ciaa_nxp/src/board_sysinit.o
 .rodata.ExtRateIn
                0x1a0017dc        0x4 projects/yakindu-project/out/libs/board/edu_ciaa_nxp/src/board.o
                0x1a0017dc                ExtRateIn
 .rodata.GpioButtons
                0x1a0017e0        0x8 projects/yakindu-project/out/libs/board/edu_ciaa_nxp/src/board.o
 .rodata.GpioLeds
                0x1a0017e8        0xc projects/yakindu-project/out/libs/board/edu_ciaa_nxp/src/board.o
 .rodata.GpioPorts
                0x1a0017f4       0x12 projects/yakindu-project/out/libs/board/edu_ciaa_nxp/src/board.o
 *fill*         0x1a001806        0x2 ff
 .rodata.OscRateIn
                0x1a001808        0x4 projects/yakindu-project/out/libs/board/edu_ciaa_nxp/src/board.o
                0x1a001808                OscRateIn
 .rodata.Chip_Clock_SetDivider.str1.4
                0x1a00180c        0x6 projects/yakindu-project/out/libs/board/lpc_chip_43xx/src/clock_18xx_43xx.o
 *fill*         0x1a001812        0x2 ff
 .rodata.periph_to_base
                0x1a001814       0x6c projects/yakindu-project/out/libs/board/lpc_chip_43xx/src/clock_18xx_43xx.o
 .rodata.UART_BClock
                0x1a001880        0x8 projects/yakindu-project/out/libs/board/lpc_chip_43xx/src/uart_18xx_43xx.o
 .rodata.UART_PClock
                0x1a001888        0x8 projects/yakindu-project/out/libs/board/lpc_chip_43xx/src/uart_18xx_43xx.o
 .rodata.InitClkStates
                0x1a001890       0x48 projects/yakindu-project/out/libs/board/lpc_chip_43xx/src/sysinit_18xx_43xx.o
                0x1a0018d8                . = ALIGN (0x4)

.glue_7         0x1a0018d8        0x0
 .glue_7        0x1a0018d8        0x0 linker stubs

.glue_7t        0x1a0018d8        0x0
 .glue_7t       0x1a0018d8        0x0 linker stubs

.vfp11_veneer   0x1a0018d8        0x0
 .vfp11_veneer  0x1a0018d8        0x0 linker stubs

.v4_bx          0x1a0018d8        0x0
 .v4_bx         0x1a0018d8        0x0 linker stubs

.iplt           0x1a0018d8        0x0
 .iplt          0x1a0018d8        0x0 projects/yakindu-project/out/projects/yakindu-project/gen/Blink.o
                0x1a0018d8                . = ALIGN (0x4)

.preinit_array  0x1a0018d8        0x0
                0x1a0018d8                PROVIDE (__preinit_array_start = .)
 *(.preinit_array*)
                0x1a0018d8                PROVIDE (__preinit_array_end = .)

.init_array     0x1a0018d8        0x0
                0x1a0018d8                PROVIDE (__init_array_start = .)
 *(SORT_BY_NAME(.init_array.*))
 *(.init_array*)
                0x1a0018d8                PROVIDE (__init_array_end = .)
                0x1a0018d8                . = ALIGN (0x4)

.ARM.extab
 *(.ARM.extab* .gnu.linkonce.armextab.*)
                0x1a0018d8                __exidx_start = .

.ARM.exidx      0x1a0018d8        0x8
 *(.ARM.exidx* .gnu.linkonce.armexidx.*)
 .ARM.exidx     0x1a0018d8        0x8 c:/nxp/mcuxpressoide_11.2.1_4149/ide/plugins/com.nxp.mcuxpresso.tools.win32_11.2.0.202008311134/tools/bin/../lib/gcc/arm-none-eabi/9.2.1/thumb/v7e-m+fp/hard\libgcc.a(_udivmoddi4.o)
                0x1a0018e0                __exidx_end = .
                0x1a0018e0                _etext = .

.rel.dyn        0x1a0018e0        0x0
 .rel.iplt      0x1a0018e0        0x0 projects/yakindu-project/out/projects/yakindu-project/gen/Blink.o

.data_RAM2      0x10080000        0x0 load address 0x1a0018e0
 FILL mask 0xff
 *(.ramfunc.$RAM2)
 *(.ramfunc.$RamLoc40)
 *(.data.$RAM2*)
 *(.data.$RamLoc40*)
                0x10080000                . = ALIGN (0x4)

.data_RAM3      0x20000000        0x0 load address 0x1a0018e0
 FILL mask 0xff
 *(.ramfunc.$RAM3)
 *(.ramfunc.$RamAHB32)
 *(.data.$RAM3*)
 *(.data.$RamAHB32*)
                0x20000000                . = ALIGN (0x4)

.data_RAM4      0x20008000        0x0 load address 0x1a0018e0
 FILL mask 0xff
 *(.ramfunc.$RAM4)
 *(.ramfunc.$RamAHB16)
 *(.data.$RAM4*)
 *(.data.$RamAHB16*)
                0x20008000                . = ALIGN (0x4)

.data_RAM5      0x2000c000        0x0 load address 0x1a0018e0
 FILL mask 0xff
 *(.ramfunc.$RAM5)
 *(.ramfunc.$RamAHB_ETB16)
 *(.data.$RAM5*)
 *(.data.$RamAHB_ETB16*)
                0x2000c000                . = ALIGN (0x4)

.uninit_RESERVED
                0x10000000        0x0
 *(.bss.$RESERVED*)
                0x10000000                . = ALIGN (0x4)
                0x10000000                _end_uninit_RESERVED = .

.data           0x10000000       0x38 load address 0x1a0018e0
 FILL mask 0xff
                0x10000000                _data = .
 *(vtable)
 *(.ramfunc*)
 *(.data*)
 .data.i2c      0x10000000       0x38 projects/yakindu-project/out/libs/board/lpc_chip_43xx/src/i2c_18xx_43xx.o
                0x10000038                . = ALIGN (0x4)
                0x10000038                _edata = .

.igot.plt       0x10000038        0x0 load address 0x1a001918
 .igot.plt      0x10000038        0x0 projects/yakindu-project/out/projects/yakindu-project/gen/Blink.o

.bss_RAM2       0x10080000        0x0
 *(.bss.$RAM2*)
 *(.bss.$RamLoc40*)
                0x10080000                . = ALIGN (0x4)

.bss_RAM3       0x20000000        0x0
 *(.bss.$RAM3*)
 *(.bss.$RamAHB32*)
                0x20000000                . = ALIGN (0x4)

.bss_RAM4       0x20008000        0x0
 *(.bss.$RAM4*)
 *(.bss.$RamAHB16*)
                0x20008000                . = ALIGN (0x4)

.bss_RAM5       0x2000c000        0x0
 *(.bss.$RAM5*)
 *(.bss.$RamAHB_ETB16*)
                0x2000c000                . = ALIGN (0x4)

.bss            0x10000038       0x3c
                0x10000038                _bss = .
 *(.bss*)
 .bss.audio_usb_pll_freq
                0x10000038        0x8 projects/yakindu-project/out/libs/board/lpc_chip_43xx/src/clock_18xx_43xx.o
 .bss.SysTick_Time_Flag
                0x10000040        0x1 projects/yakindu-project/out/projects/yakindu-project/src/main.o
                0x10000040                SysTick_Time_Flag
 *fill*         0x10000041        0x3 
 .bss.statechart
                0x10000044        0xc projects/yakindu-project/out/projects/yakindu-project/src/main.o
 *(COMMON)
 COMMON         0x10000050        0x4 projects/yakindu-project/out/libs/board/lpc_chip_43xx/src/chip_18xx_43xx.o
                0x10000050                SystemCoreClock
 COMMON         0x10000054       0x20 projects/yakindu-project/out/projects/yakindu-project/src/main.o
                0x10000054                ticks
                0x10000074                . = ALIGN (0x4)
                0x10000074                _ebss = .
                [!provide]                PROVIDE (end = .)

.noinit_RAM2    0x10080000        0x0
 *(.noinit.$RAM2*)
 *(.noinit.$RamLoc40*)
                0x10080000                . = ALIGN (0x4)

.noinit_RAM3    0x20000000        0x0
 *(.noinit.$RAM3*)
 *(.noinit.$RamAHB32*)
                0x20000000                . = ALIGN (0x4)

.noinit_RAM4    0x20008000        0x0
 *(.noinit.$RAM4*)
 *(.noinit.$RamAHB16*)
                0x20008000                . = ALIGN (0x4)

.noinit_RAM5    0x2000c000        0x0
 *(.noinit.$RAM5*)
 *(.noinit.$RamAHB_ETB16*)
                0x2000c000                . = ALIGN (0x4)

.noinit         0x10000074        0x0
                0x10000074                _noinit = .
 *(.noinit*)
                0x10000074                . = ALIGN (0x4)
                0x10000074                _end_noinit = .
                [!provide]                PROVIDE (_pvHeapStart = .)
                0x10008000                PROVIDE (_vStackTop = (__top_RamLoc32 - 0x0))
                0x53ff6718                PROVIDE (__valid_user_code_checksum = (0x0 - ((((((_vStackTop + (Reset_Handler + 0x1)) + (NMI_Handler + 0x1)) + (HardFault_Handler + 0x1)) + (DEFINED (MemManage_Handler)?MemManage_Handler:0x0 + 0x1)) + (DEFINED (BusFault_Handler)?BusFault_Handler:0x0 + 0x1)) + (DEFINED (UsageFault_Handler)?UsageFault_Handler:0x0 + 0x1))))
OUTPUT(projects/yakindu-project/out/yakindu-project.elf elf32-littlearm)

.debug_info     0x00000000     0xfb32
 .debug_info    0x00000000      0x996 projects/yakindu-project/out/projects/yakindu-project/gen/Blink.o
 .debug_info    0x00000996     0x15c8 projects/yakindu-project/out/libs/board/edu_ciaa_nxp/src/board_sysinit.o
 .debug_info    0x00001f5e     0x23f7 projects/yakindu-project/out/libs/board/edu_ciaa_nxp/src/board.o
 .debug_info    0x00004355      0x232 projects/yakindu-project/out/libs/board/lpc_chip_43xx/src/gpio_18xx_43xx.o
 .debug_info    0x00004587      0xc97 projects/yakindu-project/out/libs/board/lpc_chip_43xx/src/chip_18xx_43xx.o
 .debug_info    0x0000521e     0x1b89 projects/yakindu-project/out/libs/board/lpc_chip_43xx/src/clock_18xx_43xx.o
 .debug_info    0x00006da7     0x1a32 projects/yakindu-project/out/libs/board/lpc_chip_43xx/src/ssp_18xx_43xx.o
 .debug_info    0x000087d9     0x1988 projects/yakindu-project/out/libs/board/lpc_chip_43xx/src/uart_18xx_43xx.o
 .debug_info    0x0000a161     0x158d projects/yakindu-project/out/libs/board/lpc_chip_43xx/src/i2c_18xx_43xx.o
 .debug_info    0x0000b6ee      0xc12 projects/yakindu-project/out/libs/board/lpc_chip_43xx/src/adc_18xx_43xx.o
 .debug_info    0x0000c300      0xb39 projects/yakindu-project/out/libs/board/lpc_chip_43xx/src/sysinit_18xx_43xx.o
 .debug_info    0x0000ce39       0x76 projects/yakindu-project/out/libs/board/lpc_startup/src/vendor_interrupt.o
 .debug_info    0x0000ceaf      0xc81 projects/yakindu-project/out/libs/board/lpc_startup/src/sysinit.o
 .debug_info    0x0000db30       0x40 projects/yakindu-project/out/libs/board/lpc_startup/src/crp.o
 .debug_info    0x0000db70      0x35d projects/yakindu-project/out/libs/cmsis_core/src/armv7m_startup.o
 .debug_info    0x0000decd     0x189c projects/yakindu-project/out/projects/yakindu-project/src/main.o
 .debug_info    0x0000f769      0x3c9 projects/yakindu-project/out/projects/yakindu-project/src/TimerTicks.o

.debug_abbrev   0x00000000     0x2a50
 .debug_abbrev  0x00000000      0x224 projects/yakindu-project/out/projects/yakindu-project/gen/Blink.o
 .debug_abbrev  0x00000224      0x352 projects/yakindu-project/out/libs/board/edu_ciaa_nxp/src/board_sysinit.o
 .debug_abbrev  0x00000576      0x512 projects/yakindu-project/out/libs/board/edu_ciaa_nxp/src/board.o
 .debug_abbrev  0x00000a88      0x114 projects/yakindu-project/out/libs/board/lpc_chip_43xx/src/gpio_18xx_43xx.o
 .debug_abbrev  0x00000b9c      0x1ee projects/yakindu-project/out/libs/board/lpc_chip_43xx/src/chip_18xx_43xx.o
 .debug_abbrev  0x00000d8a      0x3f1 projects/yakindu-project/out/libs/board/lpc_chip_43xx/src/clock_18xx_43xx.o
 .debug_abbrev  0x0000117b      0x393 projects/yakindu-project/out/libs/board/lpc_chip_43xx/src/ssp_18xx_43xx.o
 .debug_abbrev  0x0000150e      0x42c projects/yakindu-project/out/libs/board/lpc_chip_43xx/src/uart_18xx_43xx.o
 .debug_abbrev  0x0000193a      0x3d7 projects/yakindu-project/out/libs/board/lpc_chip_43xx/src/i2c_18xx_43xx.o
 .debug_abbrev  0x00001d11      0x219 projects/yakindu-project/out/libs/board/lpc_chip_43xx/src/adc_18xx_43xx.o
 .debug_abbrev  0x00001f2a      0x245 projects/yakindu-project/out/libs/board/lpc_chip_43xx/src/sysinit_18xx_43xx.o
 .debug_abbrev  0x0000216f       0x78 projects/yakindu-project/out/libs/board/lpc_startup/src/vendor_interrupt.o
 .debug_abbrev  0x000021e7      0x257 projects/yakindu-project/out/libs/board/lpc_startup/src/sysinit.o
 .debug_abbrev  0x0000243e       0x38 projects/yakindu-project/out/libs/board/lpc_startup/src/crp.o
 .debug_abbrev  0x00002476      0x127 projects/yakindu-project/out/libs/cmsis_core/src/armv7m_startup.o
 .debug_abbrev  0x0000259d      0x38f projects/yakindu-project/out/projects/yakindu-project/src/main.o
 .debug_abbrev  0x0000292c      0x124 projects/yakindu-project/out/projects/yakindu-project/src/TimerTicks.o

.debug_loc      0x00000000     0x60a9
 .debug_loc     0x00000000      0x5ed projects/yakindu-project/out/projects/yakindu-project/gen/Blink.o
 .debug_loc     0x000005ed      0x10f projects/yakindu-project/out/libs/board/edu_ciaa_nxp/src/board_sysinit.o
 .debug_loc     0x000006fc      0x659 projects/yakindu-project/out/libs/board/edu_ciaa_nxp/src/board.o
 .debug_loc     0x00000d55     0x156a projects/yakindu-project/out/libs/board/lpc_chip_43xx/src/clock_18xx_43xx.o
 .debug_loc     0x000022bf     0x1007 projects/yakindu-project/out/libs/board/lpc_chip_43xx/src/ssp_18xx_43xx.o
 .debug_loc     0x000032c6      0xf0e projects/yakindu-project/out/libs/board/lpc_chip_43xx/src/uart_18xx_43xx.o
 .debug_loc     0x000041d4      0xe23 projects/yakindu-project/out/libs/board/lpc_chip_43xx/src/i2c_18xx_43xx.o
 .debug_loc     0x00004ff7      0x7a3 projects/yakindu-project/out/libs/board/lpc_chip_43xx/src/adc_18xx_43xx.o
 .debug_loc     0x0000579a      0x1e2 projects/yakindu-project/out/libs/board/lpc_chip_43xx/src/sysinit_18xx_43xx.o
 .debug_loc     0x0000597c       0x15 projects/yakindu-project/out/libs/board/lpc_startup/src/sysinit.o
 .debug_loc     0x00005991      0x268 projects/yakindu-project/out/libs/cmsis_core/src/armv7m_startup.o
 .debug_loc     0x00005bf9      0x207 projects/yakindu-project/out/projects/yakindu-project/src/main.o
 .debug_loc     0x00005e00      0x2a9 projects/yakindu-project/out/projects/yakindu-project/src/TimerTicks.o

.debug_aranges  0x00000000      0x7b8
 .debug_aranges
                0x00000000       0xe8 projects/yakindu-project/out/projects/yakindu-project/gen/Blink.o
 .debug_aranges
                0x000000e8       0x30 projects/yakindu-project/out/libs/board/edu_ciaa_nxp/src/board_sysinit.o
 .debug_aranges
                0x00000118       0xc0 projects/yakindu-project/out/libs/board/edu_ciaa_nxp/src/board.o
 .debug_aranges
                0x000001d8       0x28 projects/yakindu-project/out/libs/board/lpc_chip_43xx/src/gpio_18xx_43xx.o
 .debug_aranges
                0x00000200       0x38 projects/yakindu-project/out/libs/board/lpc_chip_43xx/src/chip_18xx_43xx.o
 .debug_aranges
                0x00000238      0x128 projects/yakindu-project/out/libs/board/lpc_chip_43xx/src/clock_18xx_43xx.o
 .debug_aranges
                0x00000360       0xa0 projects/yakindu-project/out/libs/board/lpc_chip_43xx/src/ssp_18xx_43xx.o
 .debug_aranges
                0x00000400       0xa8 projects/yakindu-project/out/libs/board/lpc_chip_43xx/src/uart_18xx_43xx.o
 .debug_aranges
                0x000004a8       0xd8 projects/yakindu-project/out/libs/board/lpc_chip_43xx/src/i2c_18xx_43xx.o
 .debug_aranges
                0x00000580       0x90 projects/yakindu-project/out/libs/board/lpc_chip_43xx/src/adc_18xx_43xx.o
 .debug_aranges
                0x00000610       0x38 projects/yakindu-project/out/libs/board/lpc_chip_43xx/src/sysinit_18xx_43xx.o
 .debug_aranges
                0x00000648       0x20 projects/yakindu-project/out/libs/board/lpc_startup/src/vendor_interrupt.o
 .debug_aranges
                0x00000668       0x20 projects/yakindu-project/out/libs/board/lpc_startup/src/sysinit.o
 .debug_aranges
                0x00000688       0x18 projects/yakindu-project/out/libs/board/lpc_startup/src/crp.o
 .debug_aranges
                0x000006a0       0x90 projects/yakindu-project/out/libs/cmsis_core/src/armv7m_startup.o
 .debug_aranges
                0x00000730       0x40 projects/yakindu-project/out/projects/yakindu-project/src/main.o
 .debug_aranges
                0x00000770       0x48 projects/yakindu-project/out/projects/yakindu-project/src/TimerTicks.o

.debug_ranges   0x00000000      0x840
 .debug_ranges  0x00000000       0xd8 projects/yakindu-project/out/projects/yakindu-project/gen/Blink.o
 .debug_ranges  0x000000d8       0x50 projects/yakindu-project/out/libs/board/edu_ciaa_nxp/src/board_sysinit.o
 .debug_ranges  0x00000128       0xf8 projects/yakindu-project/out/libs/board/edu_ciaa_nxp/src/board.o
 .debug_ranges  0x00000220       0x18 projects/yakindu-project/out/libs/board/lpc_chip_43xx/src/gpio_18xx_43xx.o
 .debug_ranges  0x00000238       0x28 projects/yakindu-project/out/libs/board/lpc_chip_43xx/src/chip_18xx_43xx.o
 .debug_ranges  0x00000260      0x190 projects/yakindu-project/out/libs/board/lpc_chip_43xx/src/clock_18xx_43xx.o
 .debug_ranges  0x000003f0       0xf0 projects/yakindu-project/out/libs/board/lpc_chip_43xx/src/ssp_18xx_43xx.o
 .debug_ranges  0x000004e0       0xb0 projects/yakindu-project/out/libs/board/lpc_chip_43xx/src/uart_18xx_43xx.o
 .debug_ranges  0x00000590      0x100 projects/yakindu-project/out/libs/board/lpc_chip_43xx/src/i2c_18xx_43xx.o
 .debug_ranges  0x00000690       0x80 projects/yakindu-project/out/libs/board/lpc_chip_43xx/src/adc_18xx_43xx.o
 .debug_ranges  0x00000710       0x28 projects/yakindu-project/out/libs/board/lpc_chip_43xx/src/sysinit_18xx_43xx.o
 .debug_ranges  0x00000738       0x10 projects/yakindu-project/out/libs/board/lpc_startup/src/vendor_interrupt.o
 .debug_ranges  0x00000748       0x10 projects/yakindu-project/out/libs/board/lpc_startup/src/sysinit.o
 .debug_ranges  0x00000758       0x80 projects/yakindu-project/out/libs/cmsis_core/src/armv7m_startup.o
 .debug_ranges  0x000007d8       0x30 projects/yakindu-project/out/projects/yakindu-project/src/main.o
 .debug_ranges  0x00000808       0x38 projects/yakindu-project/out/projects/yakindu-project/src/TimerTicks.o

.debug_macro    0x00000000     0x80ef
 .debug_macro   0x00000000       0x9a projects/yakindu-project/out/projects/yakindu-project/gen/Blink.o
 .debug_macro   0x0000009a      0xaba projects/yakindu-project/out/projects/yakindu-project/gen/Blink.o
 .debug_macro   0x00000b54       0x22 projects/yakindu-project/out/projects/yakindu-project/gen/Blink.o
 .debug_macro   0x00000b76       0x56 projects/yakindu-project/out/projects/yakindu-project/gen/Blink.o
 .debug_macro   0x00000bcc       0x51 projects/yakindu-project/out/projects/yakindu-project/gen/Blink.o
 .debug_macro   0x00000c1d       0xef projects/yakindu-project/out/projects/yakindu-project/gen/Blink.o
 .debug_macro   0x00000d0c       0x6a projects/yakindu-project/out/projects/yakindu-project/gen/Blink.o
 .debug_macro   0x00000d76      0x1df projects/yakindu-project/out/projects/yakindu-project/gen/Blink.o
 .debug_macro   0x00000f55       0x22 projects/yakindu-project/out/projects/yakindu-project/gen/Blink.o
 .debug_macro   0x00000f77       0x1c projects/yakindu-project/out/projects/yakindu-project/gen/Blink.o
 .debug_macro   0x00000f93       0x22 projects/yakindu-project/out/projects/yakindu-project/gen/Blink.o
 .debug_macro   0x00000fb5      0x42b projects/yakindu-project/out/libs/board/edu_ciaa_nxp/src/board_sysinit.o
 .debug_macro   0x000013e0       0x10 projects/yakindu-project/out/libs/board/edu_ciaa_nxp/src/board_sysinit.o
 .debug_macro   0x000013f0       0x73 projects/yakindu-project/out/libs/board/edu_ciaa_nxp/src/board_sysinit.o
 .debug_macro   0x00001463       0x22 projects/yakindu-project/out/libs/board/edu_ciaa_nxp/src/board_sysinit.o
 .debug_macro   0x00001485       0x1c projects/yakindu-project/out/libs/board/edu_ciaa_nxp/src/board_sysinit.o
 .debug_macro   0x000014a1       0x22 projects/yakindu-project/out/libs/board/edu_ciaa_nxp/src/board_sysinit.o
 .debug_macro   0x000014c3       0xdf projects/yakindu-project/out/libs/board/edu_ciaa_nxp/src/board_sysinit.o
 .debug_macro   0x000015a2     0x102d projects/yakindu-project/out/libs/board/edu_ciaa_nxp/src/board_sysinit.o
 .debug_macro   0x000025cf      0x11f projects/yakindu-project/out/libs/board/edu_ciaa_nxp/src/board_sysinit.o
 .debug_macro   0x000026ee      0x2c3 projects/yakindu-project/out/libs/board/edu_ciaa_nxp/src/board_sysinit.o
 .debug_macro   0x000029b1      0x112 projects/yakindu-project/out/libs/board/edu_ciaa_nxp/src/board_sysinit.o
 .debug_macro   0x00002ac3       0x11 projects/yakindu-project/out/libs/board/edu_ciaa_nxp/src/board_sysinit.o
 .debug_macro   0x00002ad4       0x2a projects/yakindu-project/out/libs/board/edu_ciaa_nxp/src/board_sysinit.o
 .debug_macro   0x00002afe       0x16 projects/yakindu-project/out/libs/board/edu_ciaa_nxp/src/board_sysinit.o
 .debug_macro   0x00002b14      0x2e6 projects/yakindu-project/out/libs/board/edu_ciaa_nxp/src/board_sysinit.o
 .debug_macro   0x00002dfa       0x82 projects/yakindu-project/out/libs/board/edu_ciaa_nxp/src/board_sysinit.o
 .debug_macro   0x00002e7c      0x13d projects/yakindu-project/out/libs/board/edu_ciaa_nxp/src/board_sysinit.o
 .debug_macro   0x00002fb9      0x198 projects/yakindu-project/out/libs/board/edu_ciaa_nxp/src/board_sysinit.o
 .debug_macro   0x00003151       0x34 projects/yakindu-project/out/libs/board/edu_ciaa_nxp/src/board_sysinit.o
 .debug_macro   0x00003185       0x58 projects/yakindu-project/out/libs/board/edu_ciaa_nxp/src/board_sysinit.o
 .debug_macro   0x000031dd      0x236 projects/yakindu-project/out/libs/board/edu_ciaa_nxp/src/board_sysinit.o
 .debug_macro   0x00003413      0x572 projects/yakindu-project/out/libs/board/edu_ciaa_nxp/src/board_sysinit.o
 .debug_macro   0x00003985       0x16 projects/yakindu-project/out/libs/board/edu_ciaa_nxp/src/board_sysinit.o
 .debug_macro   0x0000399b      0x18a projects/yakindu-project/out/libs/board/edu_ciaa_nxp/src/board_sysinit.o
 .debug_macro   0x00003b25       0x88 projects/yakindu-project/out/libs/board/edu_ciaa_nxp/src/board_sysinit.o
 .debug_macro   0x00003bad      0x1b9 projects/yakindu-project/out/libs/board/edu_ciaa_nxp/src/board_sysinit.o
 .debug_macro   0x00003d66      0x1da projects/yakindu-project/out/libs/board/edu_ciaa_nxp/src/board_sysinit.o
 .debug_macro   0x00003f40       0x40 projects/yakindu-project/out/libs/board/edu_ciaa_nxp/src/board_sysinit.o
 .debug_macro   0x00003f80       0x1c projects/yakindu-project/out/libs/board/edu_ciaa_nxp/src/board_sysinit.o
 .debug_macro   0x00003f9c       0x2e projects/yakindu-project/out/libs/board/edu_ciaa_nxp/src/board_sysinit.o
 .debug_macro   0x00003fca       0x2e projects/yakindu-project/out/libs/board/edu_ciaa_nxp/src/board_sysinit.o
 .debug_macro   0x00003ff8       0x22 projects/yakindu-project/out/libs/board/edu_ciaa_nxp/src/board_sysinit.o
 .debug_macro   0x0000401a      0x201 projects/yakindu-project/out/libs/board/edu_ciaa_nxp/src/board_sysinit.o
 .debug_macro   0x0000421b       0xe0 projects/yakindu-project/out/libs/board/edu_ciaa_nxp/src/board_sysinit.o
 .debug_macro   0x000042fb      0x34c projects/yakindu-project/out/libs/board/edu_ciaa_nxp/src/board_sysinit.o
 .debug_macro   0x00004647       0xdc projects/yakindu-project/out/libs/board/edu_ciaa_nxp/src/board_sysinit.o
 .debug_macro   0x00004723       0xc4 projects/yakindu-project/out/libs/board/edu_ciaa_nxp/src/board_sysinit.o
 .debug_macro   0x000047e7       0x8f projects/yakindu-project/out/libs/board/edu_ciaa_nxp/src/board_sysinit.o
 .debug_macro   0x00004876       0x94 projects/yakindu-project/out/libs/board/edu_ciaa_nxp/src/board_sysinit.o
 .debug_macro   0x0000490a       0xb8 projects/yakindu-project/out/libs/board/edu_ciaa_nxp/src/board_sysinit.o
 .debug_macro   0x000049c2       0x4c projects/yakindu-project/out/libs/board/edu_ciaa_nxp/src/board_sysinit.o
 .debug_macro   0x00004a0e       0x16 projects/yakindu-project/out/libs/board/edu_ciaa_nxp/src/board_sysinit.o
 .debug_macro   0x00004a24      0x328 projects/yakindu-project/out/libs/board/edu_ciaa_nxp/src/board_sysinit.o
 .debug_macro   0x00004d4c       0x3a projects/yakindu-project/out/libs/board/edu_ciaa_nxp/src/board_sysinit.o
 .debug_macro   0x00004d86       0xd0 projects/yakindu-project/out/libs/board/edu_ciaa_nxp/src/board_sysinit.o
 .debug_macro   0x00004e56       0x18 projects/yakindu-project/out/libs/board/edu_ciaa_nxp/src/board_sysinit.o
 .debug_macro   0x00004e6e       0x22 projects/yakindu-project/out/libs/board/edu_ciaa_nxp/src/board_sysinit.o
 .debug_macro   0x00004e90       0x40 projects/yakindu-project/out/libs/board/edu_ciaa_nxp/src/board_sysinit.o
 .debug_macro   0x00004ed0       0x5e projects/yakindu-project/out/libs/board/edu_ciaa_nxp/src/board_sysinit.o
 .debug_macro   0x00004f2e       0x18 projects/yakindu-project/out/libs/board/edu_ciaa_nxp/src/board_sysinit.o
 .debug_macro   0x00004f46       0x35 projects/yakindu-project/out/libs/board/edu_ciaa_nxp/src/board_sysinit.o
 .debug_macro   0x00004f7b       0x34 projects/yakindu-project/out/libs/board/edu_ciaa_nxp/src/board_sysinit.o
 .debug_macro   0x00004faf       0x16 projects/yakindu-project/out/libs/board/edu_ciaa_nxp/src/board_sysinit.o
 .debug_macro   0x00004fc5       0x97 projects/yakindu-project/out/libs/board/edu_ciaa_nxp/src/board_sysinit.o
 .debug_macro   0x0000505c      0x356 projects/yakindu-project/out/libs/board/edu_ciaa_nxp/src/board_sysinit.o
 .debug_macro   0x000053b2       0xf6 projects/yakindu-project/out/libs/board/edu_ciaa_nxp/src/board_sysinit.o
 .debug_macro   0x000054a8       0x10 projects/yakindu-project/out/libs/board/edu_ciaa_nxp/src/board_sysinit.o
 .debug_macro   0x000054b8       0x58 projects/yakindu-project/out/libs/board/edu_ciaa_nxp/src/board_sysinit.o
 .debug_macro   0x00005510       0x1f projects/yakindu-project/out/libs/board/edu_ciaa_nxp/src/board_sysinit.o
 .debug_macro   0x0000552f       0x43 projects/yakindu-project/out/libs/board/edu_ciaa_nxp/src/board_sysinit.o
 .debug_macro   0x00005572       0x20 projects/yakindu-project/out/libs/board/edu_ciaa_nxp/src/board_sysinit.o
 .debug_macro   0x00005592      0x18e projects/yakindu-project/out/libs/board/edu_ciaa_nxp/src/board_sysinit.o
 .debug_macro   0x00005720       0x10 projects/yakindu-project/out/libs/board/edu_ciaa_nxp/src/board_sysinit.o
 .debug_macro   0x00005730       0xb6 projects/yakindu-project/out/libs/board/edu_ciaa_nxp/src/board_sysinit.o
 .debug_macro   0x000057e6       0x16 projects/yakindu-project/out/libs/board/edu_ciaa_nxp/src/board_sysinit.o
 .debug_macro   0x000057fc      0x129 projects/yakindu-project/out/libs/board/edu_ciaa_nxp/src/board_sysinit.o
 .debug_macro   0x00005925       0x20 projects/yakindu-project/out/libs/board/edu_ciaa_nxp/src/board_sysinit.o
 .debug_macro   0x00005945       0xee projects/yakindu-project/out/libs/board/edu_ciaa_nxp/src/board_sysinit.o
 .debug_macro   0x00005a33      0x43d projects/yakindu-project/out/libs/board/edu_ciaa_nxp/src/board.o
 .debug_macro   0x00005e70      0x315 projects/yakindu-project/out/libs/board/lpc_chip_43xx/src/gpio_18xx_43xx.o
 .debug_macro   0x00006185      0x315 projects/yakindu-project/out/libs/board/lpc_chip_43xx/src/chip_18xx_43xx.o
 .debug_macro   0x0000649a      0x31b projects/yakindu-project/out/libs/board/lpc_chip_43xx/src/clock_18xx_43xx.o
 .debug_macro   0x000067b5      0x315 projects/yakindu-project/out/libs/board/lpc_chip_43xx/src/ssp_18xx_43xx.o
 .debug_macro   0x00006aca      0x315 projects/yakindu-project/out/libs/board/lpc_chip_43xx/src/uart_18xx_43xx.o
 .debug_macro   0x00006ddf      0x327 projects/yakindu-project/out/libs/board/lpc_chip_43xx/src/i2c_18xx_43xx.o
 .debug_macro   0x00007106      0x315 projects/yakindu-project/out/libs/board/lpc_chip_43xx/src/adc_18xx_43xx.o
 .debug_macro   0x0000741b      0x315 projects/yakindu-project/out/libs/board/lpc_chip_43xx/src/sysinit_18xx_43xx.o
 .debug_macro   0x00007730       0x1d projects/yakindu-project/out/libs/board/lpc_startup/src/vendor_interrupt.o
 .debug_macro   0x0000774d      0x42b projects/yakindu-project/out/libs/board/lpc_startup/src/sysinit.o
 .debug_macro   0x00007b78       0x17 projects/yakindu-project/out/libs/board/lpc_startup/src/crp.o
 .debug_macro   0x00007b8f       0x1d projects/yakindu-project/out/libs/cmsis_core/src/armv7m_startup.o
 .debug_macro   0x00007bac      0x48d projects/yakindu-project/out/projects/yakindu-project/src/main.o
 .debug_macro   0x00008039       0x22 projects/yakindu-project/out/projects/yakindu-project/src/main.o
 .debug_macro   0x0000805b       0x94 projects/yakindu-project/out/projects/yakindu-project/src/TimerTicks.o

.debug_line     0x00000000     0xab49
 .debug_line    0x00000000      0x786 projects/yakindu-project/out/projects/yakindu-project/gen/Blink.o
 .debug_line    0x00000786      0x9a8 projects/yakindu-project/out/libs/board/edu_ciaa_nxp/src/board_sysinit.o
 .debug_line    0x0000112e      0xe2b projects/yakindu-project/out/libs/board/edu_ciaa_nxp/src/board.o
 .debug_line    0x00001f59      0x7c2 projects/yakindu-project/out/libs/board/lpc_chip_43xx/src/gpio_18xx_43xx.o
 .debug_line    0x0000271b      0x850 projects/yakindu-project/out/libs/board/lpc_chip_43xx/src/chip_18xx_43xx.o
 .debug_line    0x00002f6b     0x1539 projects/yakindu-project/out/libs/board/lpc_chip_43xx/src/clock_18xx_43xx.o
 .debug_line    0x000044a4     0x1337 projects/yakindu-project/out/libs/board/lpc_chip_43xx/src/ssp_18xx_43xx.o
 .debug_line    0x000057db      0xfb6 projects/yakindu-project/out/libs/board/lpc_chip_43xx/src/uart_18xx_43xx.o
 .debug_line    0x00006791     0x110f projects/yakindu-project/out/libs/board/lpc_chip_43xx/src/i2c_18xx_43xx.o
 .debug_line    0x000078a0      0xb27 projects/yakindu-project/out/libs/board/lpc_chip_43xx/src/adc_18xx_43xx.o
 .debug_line    0x000083c7      0xa04 projects/yakindu-project/out/libs/board/lpc_chip_43xx/src/sysinit_18xx_43xx.o
 .debug_line    0x00008dcb       0x73 projects/yakindu-project/out/libs/board/lpc_startup/src/vendor_interrupt.o
 .debug_line    0x00008e3e      0x8d8 projects/yakindu-project/out/libs/board/lpc_startup/src/sysinit.o
 .debug_line    0x00009716       0x41 projects/yakindu-project/out/libs/board/lpc_startup/src/crp.o
 .debug_line    0x00009757      0x2e8 projects/yakindu-project/out/libs/cmsis_core/src/armv7m_startup.o
 .debug_line    0x00009a3f      0xa52 projects/yakindu-project/out/projects/yakindu-project/src/main.o
 .debug_line    0x0000a491      0x6b8 projects/yakindu-project/out/projects/yakindu-project/src/TimerTicks.o

.debug_str      0x00000000    0x1db90
 .debug_str     0x00000000     0x40be projects/yakindu-project/out/projects/yakindu-project/gen/Blink.o
                               0x425c (size before relaxing)
 .debug_str     0x000040be    0x17285 projects/yakindu-project/out/libs/board/edu_ciaa_nxp/src/board_sysinit.o
                              0x1b0de (size before relaxing)
 .debug_str     0x0001b343      0x991 projects/yakindu-project/out/libs/board/edu_ciaa_nxp/src/board.o
                              0x1b763 (size before relaxing)
 .debug_str     0x0001bcd4       0x3f projects/yakindu-project/out/libs/board/lpc_chip_43xx/src/gpio_18xx_43xx.o
                              0x168f4 (size before relaxing)
 .debug_str     0x0001bd13      0x157 projects/yakindu-project/out/libs/board/lpc_chip_43xx/src/chip_18xx_43xx.o
                              0x17692 (size before relaxing)
 .debug_str     0x0001be6a      0x53b projects/yakindu-project/out/libs/board/lpc_chip_43xx/src/clock_18xx_43xx.o
                              0x17b65 (size before relaxing)
 .debug_str     0x0001c3a5      0x3f5 projects/yakindu-project/out/libs/board/lpc_chip_43xx/src/ssp_18xx_43xx.o
                              0x17333 (size before relaxing)
 .debug_str     0x0001c79a      0x381 projects/yakindu-project/out/libs/board/lpc_chip_43xx/src/uart_18xx_43xx.o
                              0x177a2 (size before relaxing)
 .debug_str     0x0001cb1b      0x597 projects/yakindu-project/out/libs/board/lpc_chip_43xx/src/i2c_18xx_43xx.o
                              0x178d4 (size before relaxing)
 .debug_str     0x0001d0b2      0x142 projects/yakindu-project/out/libs/board/lpc_chip_43xx/src/adc_18xx_43xx.o
                              0x1713d (size before relaxing)
 .debug_str     0x0001d1f4       0xb9 projects/yakindu-project/out/libs/board/lpc_chip_43xx/src/sysinit_18xx_43xx.o
                              0x175f3 (size before relaxing)
 .debug_str     0x0001d2ad       0xaf projects/yakindu-project/out/libs/board/lpc_startup/src/vendor_interrupt.o
                               0x2eca (size before relaxing)
 .debug_str     0x0001d35c       0xc3 projects/yakindu-project/out/libs/board/lpc_startup/src/sysinit.o
                              0x1a3b7 (size before relaxing)
 .debug_str     0x0001d41f       0x40 projects/yakindu-project/out/libs/board/lpc_startup/src/crp.o
                               0x2e5b (size before relaxing)
 .debug_str     0x0001d45f      0x219 projects/yakindu-project/out/libs/cmsis_core/src/armv7m_startup.o
                               0x305d (size before relaxing)
 .debug_str     0x0001d678      0x4ee projects/yakindu-project/out/projects/yakindu-project/src/main.o
                              0x1b5aa (size before relaxing)
 .debug_str     0x0001db66       0x2a projects/yakindu-project/out/projects/yakindu-project/src/TimerTicks.o
                               0x3f2a (size before relaxing)

.comment        0x00000000       0x79
 .comment       0x00000000       0x79 projects/yakindu-project/out/projects/yakindu-project/gen/Blink.o
                                 0x7a (size before relaxing)
 .comment       0x00000079       0x7a projects/yakindu-project/out/libs/board/edu_ciaa_nxp/src/board_sysinit.o
 .comment       0x00000079       0x7a projects/yakindu-project/out/libs/board/edu_ciaa_nxp/src/board.o
 .comment       0x00000079       0x7a projects/yakindu-project/out/libs/board/lpc_chip_43xx/src/gpio_18xx_43xx.o
 .comment       0x00000079       0x7a projects/yakindu-project/out/libs/board/lpc_chip_43xx/src/chip_18xx_43xx.o
 .comment       0x00000079       0x7a projects/yakindu-project/out/libs/board/lpc_chip_43xx/src/clock_18xx_43xx.o
 .comment       0x00000079       0x7a projects/yakindu-project/out/libs/board/lpc_chip_43xx/src/ssp_18xx_43xx.o
 .comment       0x00000079       0x7a projects/yakindu-project/out/libs/board/lpc_chip_43xx/src/uart_18xx_43xx.o
 .comment       0x00000079       0x7a projects/yakindu-project/out/libs/board/lpc_chip_43xx/src/i2c_18xx_43xx.o
 .comment       0x00000079       0x7a projects/yakindu-project/out/libs/board/lpc_chip_43xx/src/adc_18xx_43xx.o
 .comment       0x00000079       0x7a projects/yakindu-project/out/libs/board/lpc_chip_43xx/src/sysinit_18xx_43xx.o
 .comment       0x00000079       0x7a projects/yakindu-project/out/libs/board/lpc_startup/src/vendor_interrupt.o
 .comment       0x00000079       0x7a projects/yakindu-project/out/libs/board/lpc_startup/src/sysinit.o
 .comment       0x00000079       0x7a projects/yakindu-project/out/libs/board/lpc_startup/src/crp.o
 .comment       0x00000079       0x7a projects/yakindu-project/out/libs/cmsis_core/src/armv7m_startup.o
 .comment       0x00000079       0x7a projects/yakindu-project/out/projects/yakindu-project/src/main.o
 .comment       0x00000079       0x7a projects/yakindu-project/out/projects/yakindu-project/src/TimerTicks.o

.ARM.attributes
                0x00000000       0x34
 .ARM.attributes
                0x00000000       0x34 projects/yakindu-project/out/projects/yakindu-project/gen/Blink.o
 .ARM.attributes
                0x00000034       0x34 projects/yakindu-project/out/libs/board/edu_ciaa_nxp/src/board_sysinit.o
 .ARM.attributes
                0x00000068       0x34 projects/yakindu-project/out/libs/board/edu_ciaa_nxp/src/board.o
 .ARM.attributes
                0x0000009c       0x34 projects/yakindu-project/out/libs/board/lpc_chip_43xx/src/gpio_18xx_43xx.o
 .ARM.attributes
                0x000000d0       0x34 projects/yakindu-project/out/libs/board/lpc_chip_43xx/src/chip_18xx_43xx.o
 .ARM.attributes
                0x00000104       0x34 projects/yakindu-project/out/libs/board/lpc_chip_43xx/src/clock_18xx_43xx.o
 .ARM.attributes
                0x00000138       0x34 projects/yakindu-project/out/libs/board/lpc_chip_43xx/src/ssp_18xx_43xx.o
 .ARM.attributes
                0x0000016c       0x34 projects/yakindu-project/out/libs/board/lpc_chip_43xx/src/uart_18xx_43xx.o
 .ARM.attributes
                0x000001a0       0x34 projects/yakindu-project/out/libs/board/lpc_chip_43xx/src/i2c_18xx_43xx.o
 .ARM.attributes
                0x000001d4       0x34 projects/yakindu-project/out/libs/board/lpc_chip_43xx/src/adc_18xx_43xx.o
 .ARM.attributes
                0x00000208       0x34 projects/yakindu-project/out/libs/board/lpc_chip_43xx/src/sysinit_18xx_43xx.o
 .ARM.attributes
                0x0000023c       0x34 projects/yakindu-project/out/libs/board/lpc_startup/src/vendor_interrupt.o
 .ARM.attributes
                0x00000270       0x34 projects/yakindu-project/out/libs/board/lpc_startup/src/sysinit.o
 .ARM.attributes
                0x000002a4       0x39 projects/yakindu-project/out/libs/board/lpc_startup/src/crp.o
 .ARM.attributes
                0x000002dd       0x34 projects/yakindu-project/out/libs/cmsis_core/src/armv7m_startup.o
 .ARM.attributes
                0x00000311       0x34 projects/yakindu-project/out/projects/yakindu-project/src/main.o
 .ARM.attributes
                0x00000345       0x34 projects/yakindu-project/out/projects/yakindu-project/src/TimerTicks.o
 .ARM.attributes
                0x00000379       0x1e c:/nxp/mcuxpressoide_11.2.1_4149/ide/plugins/com.nxp.mcuxpresso.tools.win32_11.2.0.202008311134/tools/bin/../lib/gcc/arm-none-eabi/9.2.1/thumb/v7e-m+fp/hard\libgcc.a(_aeabi_uldivmod.o)
 .ARM.attributes
                0x00000397       0x34 c:/nxp/mcuxpressoide_11.2.1_4149/ide/plugins/com.nxp.mcuxpresso.tools.win32_11.2.0.202008311134/tools/bin/../lib/gcc/arm-none-eabi/9.2.1/thumb/v7e-m+fp/hard\libgcc.a(_udivmoddi4.o)
 .ARM.attributes
                0x000003cb       0x1e c:/nxp/mcuxpressoide_11.2.1_4149/ide/plugins/com.nxp.mcuxpresso.tools.win32_11.2.0.202008311134/tools/bin/../lib/gcc/arm-none-eabi/9.2.1/thumb/v7e-m+fp/hard\libgcc.a(_dvmd_tls.o)
 .ARM.attributes
                0x000003e9       0x34 c:/nxp/mcuxpressoide_11.2.1_4149/ide/plugins/com.nxp.mcuxpresso.tools.win32_11.2.0.202008311134/tools/bin/../lib/gcc/arm-none-eabi/9.2.1/../../../../arm-none-eabi/lib/thumb/v7e-m+fp/hard\libc_nano.a(lib_a-init.o)
 .ARM.attributes
                0x0000041d       0x34 c:/nxp/mcuxpressoide_11.2.1_4149/ide/plugins/com.nxp.mcuxpresso.tools.win32_11.2.0.202008311134/tools/bin/../lib/gcc/arm-none-eabi/9.2.1/../../../../arm-none-eabi/lib/thumb/v7e-m+fp/hard\libc_nano.a(lib_a-memset.o)

.debug_frame    0x00000000     0x139c
 .debug_frame   0x00000000      0x240 projects/yakindu-project/out/projects/yakindu-project/gen/Blink.o
 .debug_frame   0x00000240       0x5c projects/yakindu-project/out/libs/board/edu_ciaa_nxp/src/board_sysinit.o
 .debug_frame   0x0000029c      0x204 projects/yakindu-project/out/libs/board/edu_ciaa_nxp/src/board.o
 .debug_frame   0x000004a0       0x30 projects/yakindu-project/out/libs/board/lpc_chip_43xx/src/gpio_18xx_43xx.o
 .debug_frame   0x000004d0       0x70 projects/yakindu-project/out/libs/board/lpc_chip_43xx/src/chip_18xx_43xx.o
 .debug_frame   0x00000540      0x320 projects/yakindu-project/out/libs/board/lpc_chip_43xx/src/clock_18xx_43xx.o
 .debug_frame   0x00000860      0x1a0 projects/yakindu-project/out/libs/board/lpc_chip_43xx/src/ssp_18xx_43xx.o
 .debug_frame   0x00000a00      0x1f4 projects/yakindu-project/out/libs/board/lpc_chip_43xx/src/uart_18xx_43xx.o
 .debug_frame   0x00000bf4      0x278 projects/yakindu-project/out/libs/board/lpc_chip_43xx/src/i2c_18xx_43xx.o
 .debug_frame   0x00000e6c      0x160 projects/yakindu-project/out/libs/board/lpc_chip_43xx/src/adc_18xx_43xx.o
 .debug_frame   0x00000fcc       0x80 projects/yakindu-project/out/libs/board/lpc_chip_43xx/src/sysinit_18xx_43xx.o
 .debug_frame   0x0000104c       0x20 projects/yakindu-project/out/libs/board/lpc_startup/src/vendor_interrupt.o
 .debug_frame   0x0000106c       0x28 projects/yakindu-project/out/libs/board/lpc_startup/src/sysinit.o
 .debug_frame   0x00001094      0x114 projects/yakindu-project/out/libs/cmsis_core/src/armv7m_startup.o
 .debug_frame   0x000011a8       0x88 projects/yakindu-project/out/projects/yakindu-project/src/main.o
 .debug_frame   0x00001230       0xc0 projects/yakindu-project/out/projects/yakindu-project/src/TimerTicks.o
 .debug_frame   0x000012f0       0x2c c:/nxp/mcuxpressoide_11.2.1_4149/ide/plugins/com.nxp.mcuxpresso.tools.win32_11.2.0.202008311134/tools/bin/../lib/gcc/arm-none-eabi/9.2.1/thumb/v7e-m+fp/hard\libgcc.a(_aeabi_uldivmod.o)
 .debug_frame   0x0000131c       0x34 c:/nxp/mcuxpressoide_11.2.1_4149/ide/plugins/com.nxp.mcuxpresso.tools.win32_11.2.0.202008311134/tools/bin/../lib/gcc/arm-none-eabi/9.2.1/thumb/v7e-m+fp/hard\libgcc.a(_udivmoddi4.o)
 .debug_frame   0x00001350       0x2c c:/nxp/mcuxpressoide_11.2.1_4149/ide/plugins/com.nxp.mcuxpresso.tools.win32_11.2.0.202008311134/tools/bin/../lib/gcc/arm-none-eabi/9.2.1/../../../../arm-none-eabi/lib/thumb/v7e-m+fp/hard\libc_nano.a(lib_a-init.o)
 .debug_frame   0x0000137c       0x20 c:/nxp/mcuxpressoide_11.2.1_4149/ide/plugins/com.nxp.mcuxpresso.tools.win32_11.2.0.202008311134/tools/bin/../lib/gcc/arm-none-eabi/9.2.1/../../../../arm-none-eabi/lib/thumb/v7e-m+fp/hard\libc_nano.a(lib_a-memset.o)

Cross Reference Table

Symbol                                            File
ADC0_IRQHandler                                   projects/yakindu-project/out/libs/board/lpc_startup/src/vendor_interrupt.o
ADC1_IRQHandler                                   projects/yakindu-project/out/libs/board/lpc_startup/src/vendor_interrupt.o
ADCHS_IRQHandler                                  projects/yakindu-project/out/libs/board/lpc_startup/src/vendor_interrupt.o
ATIMER_IRQHandler                                 projects/yakindu-project/out/libs/board/lpc_startup/src/vendor_interrupt.o
BLINK_BLINKIFACE_LED3                             projects/yakindu-project/out/projects/yakindu-project/gen/Blink.o
BLINK_BLINKIFACE_LED_OFF                          projects/yakindu-project/out/projects/yakindu-project/gen/Blink.o
BLINK_BLINKIFACE_LED_ON                           projects/yakindu-project/out/projects/yakindu-project/gen/Blink.o
Board_ADC_ReadBegin                               projects/yakindu-project/out/libs/board/edu_ciaa_nxp/src/board.o
Board_ADC_ReadEnd                                 projects/yakindu-project/out/libs/board/edu_ciaa_nxp/src/board.o
Board_ADC_ReadWait                                projects/yakindu-project/out/libs/board/edu_ciaa_nxp/src/board.o
Board_Debug_Init                                  projects/yakindu-project/out/libs/board/edu_ciaa_nxp/src/board.o
Board_Init                                        projects/yakindu-project/out/libs/board/edu_ciaa_nxp/src/board.o
                                                  projects/yakindu-project/out/projects/yakindu-project/src/main.o
                                                  projects/yakindu-project/out/libs/board/lpc_startup/src/sysinit.o
Board_LED_Set                                     projects/yakindu-project/out/libs/board/edu_ciaa_nxp/src/board.o
                                                  projects/yakindu-project/out/projects/yakindu-project/src/main.o
Board_LED_Test                                    projects/yakindu-project/out/libs/board/edu_ciaa_nxp/src/board.o
Board_LED_Toggle                                  projects/yakindu-project/out/libs/board/edu_ciaa_nxp/src/board.o
Board_SetupClocking                               projects/yakindu-project/out/libs/board/edu_ciaa_nxp/src/board_sysinit.o
Board_SetupMuxing                                 projects/yakindu-project/out/libs/board/edu_ciaa_nxp/src/board_sysinit.o
Board_SystemInit                                  projects/yakindu-project/out/libs/board/edu_ciaa_nxp/src/board_sysinit.o
                                                  projects/yakindu-project/out/libs/board/lpc_startup/src/sysinit.o
Board_TEC_GetStatus                               projects/yakindu-project/out/libs/board/edu_ciaa_nxp/src/board.o
Board_UARTGetChar                                 projects/yakindu-project/out/libs/board/edu_ciaa_nxp/src/board.o
Board_UARTPutChar                                 projects/yakindu-project/out/libs/board/edu_ciaa_nxp/src/board.o
Board_UARTPutSTR                                  projects/yakindu-project/out/libs/board/edu_ciaa_nxp/src/board.o
BusFault_Handler                                  projects/yakindu-project/out/libs/cmsis_core/src/armv7m_startup.o
CAN0_IRQHandler                                   projects/yakindu-project/out/libs/board/lpc_startup/src/vendor_interrupt.o
CAN1_IRQHandler                                   projects/yakindu-project/out/libs/board/lpc_startup/src/vendor_interrupt.o
CRP_WORD                                          projects/yakindu-project/out/libs/board/lpc_startup/src/crp.o
Chip_ADC_DeInit                                   projects/yakindu-project/out/libs/board/lpc_chip_43xx/src/adc_18xx_43xx.o
Chip_ADC_EnableChannel                            projects/yakindu-project/out/libs/board/lpc_chip_43xx/src/adc_18xx_43xx.o
                                                  projects/yakindu-project/out/libs/board/edu_ciaa_nxp/src/board.o
Chip_ADC_Init                                     projects/yakindu-project/out/libs/board/lpc_chip_43xx/src/adc_18xx_43xx.o
                                                  projects/yakindu-project/out/libs/board/edu_ciaa_nxp/src/board.o
Chip_ADC_Int_SetChannelCmd                        projects/yakindu-project/out/libs/board/lpc_chip_43xx/src/adc_18xx_43xx.o
Chip_ADC_ReadByte                                 projects/yakindu-project/out/libs/board/lpc_chip_43xx/src/adc_18xx_43xx.o
Chip_ADC_ReadStatus                               projects/yakindu-project/out/libs/board/lpc_chip_43xx/src/adc_18xx_43xx.o
                                                  projects/yakindu-project/out/libs/board/edu_ciaa_nxp/src/board.o
Chip_ADC_ReadValue                                projects/yakindu-project/out/libs/board/lpc_chip_43xx/src/adc_18xx_43xx.o
                                                  projects/yakindu-project/out/libs/board/edu_ciaa_nxp/src/board.o
Chip_ADC_SetBurstCmd                              projects/yakindu-project/out/libs/board/lpc_chip_43xx/src/adc_18xx_43xx.o
                                                  projects/yakindu-project/out/libs/board/edu_ciaa_nxp/src/board.o
Chip_ADC_SetResolution                            projects/yakindu-project/out/libs/board/lpc_chip_43xx/src/adc_18xx_43xx.o
                                                  projects/yakindu-project/out/libs/board/edu_ciaa_nxp/src/board.o
Chip_ADC_SetSampleRate                            projects/yakindu-project/out/libs/board/lpc_chip_43xx/src/adc_18xx_43xx.o
                                                  projects/yakindu-project/out/libs/board/edu_ciaa_nxp/src/board.o
Chip_ADC_SetStartMode                             projects/yakindu-project/out/libs/board/lpc_chip_43xx/src/adc_18xx_43xx.o
                                                  projects/yakindu-project/out/libs/board/edu_ciaa_nxp/src/board.o
Chip_AES_Config_DMA                               projects/yakindu-project/out/libs/board/lpc_chip_43xx/src/aes_18xx_43xx.o
Chip_AES_GetStatusDMA                             projects/yakindu-project/out/libs/board/lpc_chip_43xx/src/aes_18xx_43xx.o
Chip_AES_Init                                     projects/yakindu-project/out/libs/board/lpc_chip_43xx/src/aes_18xx_43xx.o
Chip_AES_LoadIV_IC                                projects/yakindu-project/out/libs/board/lpc_chip_43xx/src/aes_18xx_43xx.o
Chip_AES_LoadIV_SW                                projects/yakindu-project/out/libs/board/lpc_chip_43xx/src/aes_18xx_43xx.o
Chip_AES_LoadKey                                  projects/yakindu-project/out/libs/board/lpc_chip_43xx/src/aes_18xx_43xx.o
Chip_AES_LoadKeyRNG                               projects/yakindu-project/out/libs/board/lpc_chip_43xx/src/aes_18xx_43xx.o
Chip_AES_LoadKeySW                                projects/yakindu-project/out/libs/board/lpc_chip_43xx/src/aes_18xx_43xx.o
Chip_AES_Operate                                  projects/yakindu-project/out/libs/board/lpc_chip_43xx/src/aes_18xx_43xx.o
Chip_AES_OperateDMA                               projects/yakindu-project/out/libs/board/lpc_chip_43xx/src/aes_18xx_43xx.o
Chip_AES_ProgramKey                               projects/yakindu-project/out/libs/board/lpc_chip_43xx/src/aes_18xx_43xx.o
Chip_AES_SetMode                                  projects/yakindu-project/out/libs/board/lpc_chip_43xx/src/aes_18xx_43xx.o
Chip_ATIMER_DeInit                                projects/yakindu-project/out/libs/board/lpc_chip_43xx/src/atimer_18xx_43xx.o
Chip_ATIMER_Init                                  projects/yakindu-project/out/libs/board/lpc_chip_43xx/src/atimer_18xx_43xx.o
Chip_CCAN_AddReceiveID                            projects/yakindu-project/out/libs/board/lpc_chip_43xx/src/ccan_18xx_43xx.o
Chip_CCAN_ClearStatus                             projects/yakindu-project/out/libs/board/lpc_chip_43xx/src/ccan_18xx_43xx.o
Chip_CCAN_DeInit                                  projects/yakindu-project/out/libs/board/lpc_chip_43xx/src/ccan_18xx_43xx.o
Chip_CCAN_DeleteReceiveID                         projects/yakindu-project/out/libs/board/lpc_chip_43xx/src/ccan_18xx_43xx.o
Chip_CCAN_GetMsgObject                            projects/yakindu-project/out/libs/board/lpc_chip_43xx/src/ccan_18xx_43xx.o
Chip_CCAN_Init                                    projects/yakindu-project/out/libs/board/lpc_chip_43xx/src/ccan_18xx_43xx.o
Chip_CCAN_Send                                    projects/yakindu-project/out/libs/board/lpc_chip_43xx/src/ccan_18xx_43xx.o
Chip_CCAN_SetBitRate                              projects/yakindu-project/out/libs/board/lpc_chip_43xx/src/ccan_18xx_43xx.o
Chip_CCAN_SetMsgObject                            projects/yakindu-project/out/libs/board/lpc_chip_43xx/src/ccan_18xx_43xx.o
Chip_CCAN_SetValidMsg                             projects/yakindu-project/out/libs/board/lpc_chip_43xx/src/ccan_18xx_43xx.o
Chip_CCAN_TransferMsgObject                       projects/yakindu-project/out/libs/board/lpc_chip_43xx/src/ccan_18xx_43xx.o
Chip_Clock_CalcMainPLLValue                       projects/yakindu-project/out/libs/board/lpc_chip_43xx/src/clock_18xx_43xx.o
                                                  projects/yakindu-project/out/libs/board/lpc_chip_43xx/src/sysinit_18xx_43xx.o
Chip_Clock_ClearPowerDown                         projects/yakindu-project/out/libs/board/lpc_chip_43xx/src/clock_18xx_43xx.o
Chip_Clock_Disable                                projects/yakindu-project/out/libs/board/lpc_chip_43xx/src/clock_18xx_43xx.o
                                                  projects/yakindu-project/out/libs/board/lpc_chip_43xx/src/ccan_18xx_43xx.o
                                                  projects/yakindu-project/out/libs/board/lpc_chip_43xx/src/dac_18xx_43xx.o
                                                  projects/yakindu-project/out/libs/board/lpc_chip_43xx/src/lcd_18xx_43xx.o
                                                  projects/yakindu-project/out/libs/board/lpc_chip_43xx/src/gpdma_18xx_43xx.o
                                                  projects/yakindu-project/out/libs/board/lpc_chip_43xx/src/sct_18xx_43xx.o
                                                  projects/yakindu-project/out/libs/board/lpc_chip_43xx/src/i2cm_18xx_43xx.o
                                                  projects/yakindu-project/out/libs/board/lpc_chip_43xx/src/adc_18xx_43xx.o
                                                  projects/yakindu-project/out/libs/board/lpc_chip_43xx/src/ritimer_18xx_43xx.o
                                                  projects/yakindu-project/out/libs/board/lpc_chip_43xx/src/timer_18xx_43xx.o
                                                  projects/yakindu-project/out/libs/board/lpc_chip_43xx/src/i2c_18xx_43xx.o
                                                  projects/yakindu-project/out/libs/board/lpc_chip_43xx/src/enet_18xx_43xx.o
                                                  projects/yakindu-project/out/libs/board/lpc_chip_43xx/src/uart_18xx_43xx.o
                                                  projects/yakindu-project/out/libs/board/lpc_chip_43xx/src/ssp_18xx_43xx.o
                                                  projects/yakindu-project/out/libs/board/lpc_chip_43xx/src/i2s_18xx_43xx.o
                                                  projects/yakindu-project/out/libs/board/lpc_chip_43xx/src/spi_18xx_43xx.o
                                                  projects/yakindu-project/out/libs/board/lpc_chip_43xx/src/sdif_18xx_43xx.o
Chip_Clock_DisableBaseClock                       projects/yakindu-project/out/libs/board/lpc_chip_43xx/src/clock_18xx_43xx.o
Chip_Clock_DisableCrystal                         projects/yakindu-project/out/libs/board/lpc_chip_43xx/src/clock_18xx_43xx.o
Chip_Clock_DisablePLL                             projects/yakindu-project/out/libs/board/lpc_chip_43xx/src/clock_18xx_43xx.o
Chip_Clock_Enable                                 projects/yakindu-project/out/libs/board/lpc_chip_43xx/src/clock_18xx_43xx.o
                                                  projects/yakindu-project/out/libs/board/lpc_chip_43xx/src/i2cm_18xx_43xx.o
                                                  projects/yakindu-project/out/libs/board/lpc_chip_43xx/src/timer_18xx_43xx.o
                                                  projects/yakindu-project/out/libs/board/lpc_chip_43xx/src/i2c_18xx_43xx.o
                                                  projects/yakindu-project/out/libs/board/lpc_chip_43xx/src/ssp_18xx_43xx.o
                                                  projects/yakindu-project/out/libs/board/lpc_chip_43xx/src/i2s_18xx_43xx.o
                                                  projects/yakindu-project/out/libs/board/lpc_chip_43xx/src/spi_18xx_43xx.o
Chip_Clock_EnableBaseClock                        projects/yakindu-project/out/libs/board/lpc_chip_43xx/src/clock_18xx_43xx.o
                                                  projects/yakindu-project/out/libs/board/lpc_chip_43xx/src/chip_18xx_43xx.o
Chip_Clock_EnableCrystal                          projects/yakindu-project/out/libs/board/lpc_chip_43xx/src/clock_18xx_43xx.o
                                                  projects/yakindu-project/out/libs/board/lpc_chip_43xx/src/sysinit_18xx_43xx.o
Chip_Clock_EnableOpts                             projects/yakindu-project/out/libs/board/lpc_chip_43xx/src/clock_18xx_43xx.o
                                                  projects/yakindu-project/out/libs/board/lpc_chip_43xx/src/ccan_18xx_43xx.o
                                                  projects/yakindu-project/out/libs/board/lpc_chip_43xx/src/dac_18xx_43xx.o
                                                  projects/yakindu-project/out/libs/board/lpc_chip_43xx/src/lcd_18xx_43xx.o
                                                  projects/yakindu-project/out/libs/board/lpc_chip_43xx/src/gpdma_18xx_43xx.o
                                                  projects/yakindu-project/out/libs/board/lpc_chip_43xx/src/sct_18xx_43xx.o
                                                  projects/yakindu-project/out/libs/board/lpc_chip_43xx/src/adc_18xx_43xx.o
                                                  projects/yakindu-project/out/libs/board/lpc_chip_43xx/src/ritimer_18xx_43xx.o
                                                  projects/yakindu-project/out/libs/board/lpc_chip_43xx/src/enet_18xx_43xx.o
                                                  projects/yakindu-project/out/libs/board/lpc_chip_43xx/src/uart_18xx_43xx.o
                                                  projects/yakindu-project/out/libs/board/lpc_chip_43xx/src/sdif_18xx_43xx.o
                                                  projects/yakindu-project/out/libs/board/lpc_chip_43xx/src/chip_18xx_43xx.o
Chip_Clock_EnablePLL                              projects/yakindu-project/out/libs/board/lpc_chip_43xx/src/clock_18xx_43xx.o
                                                  projects/yakindu-project/out/libs/board/lpc_chip_43xx/src/chip_18xx_43xx.o
Chip_Clock_GetBaseClock                           projects/yakindu-project/out/libs/board/lpc_chip_43xx/src/clock_18xx_43xx.o
Chip_Clock_GetBaseClockOpts                       projects/yakindu-project/out/libs/board/lpc_chip_43xx/src/clock_18xx_43xx.o
Chip_Clock_GetBaseClocktHz                        projects/yakindu-project/out/libs/board/lpc_chip_43xx/src/clock_18xx_43xx.o
                                                  projects/yakindu-project/out/libs/board/lpc_chip_43xx/src/sdio_18xx_43xx.o
                                                  projects/yakindu-project/out/libs/board/lpc_chip_43xx/src/sdmmc_18xx_43xx.o
Chip_Clock_GetClockInputHz                        projects/yakindu-project/out/libs/board/lpc_chip_43xx/src/clock_18xx_43xx.o
                                                  projects/yakindu-project/out/libs/board/lpc_chip_43xx/src/chip_18xx_43xx.o
Chip_Clock_GetDividerDivisor                      projects/yakindu-project/out/libs/board/lpc_chip_43xx/src/clock_18xx_43xx.o
Chip_Clock_GetDividerSource                       projects/yakindu-project/out/libs/board/lpc_chip_43xx/src/clock_18xx_43xx.o
Chip_Clock_GetEMCRate                             projects/yakindu-project/out/libs/board/lpc_chip_43xx/src/clock_18xx_43xx.o
                                                  projects/yakindu-project/out/libs/board/lpc_chip_43xx/src/emc_18xx_43xx.o
Chip_Clock_GetMainPLLHz                           projects/yakindu-project/out/libs/board/lpc_chip_43xx/src/clock_18xx_43xx.o
Chip_Clock_GetPLLStatus                           projects/yakindu-project/out/libs/board/lpc_chip_43xx/src/clock_18xx_43xx.o
                                                  projects/yakindu-project/out/libs/board/lpc_chip_43xx/src/chip_18xx_43xx.o
Chip_Clock_GetRate                                projects/yakindu-project/out/libs/board/lpc_chip_43xx/src/clock_18xx_43xx.o
                                                  projects/yakindu-project/out/libs/board/lpc_chip_43xx/src/ccan_18xx_43xx.o
                                                  projects/yakindu-project/out/libs/board/lpc_chip_43xx/src/eeprom_18xx_43xx.o
                                                  projects/yakindu-project/out/libs/board/lpc_chip_43xx/src/i2cm_18xx_43xx.o
                                                  projects/yakindu-project/out/libs/board/lpc_chip_43xx/src/adc_18xx_43xx.o
                                                  projects/yakindu-project/out/libs/board/lpc_chip_43xx/src/sct_pwm_18xx_43xx.o
                                                  projects/yakindu-project/out/libs/board/lpc_chip_43xx/src/ritimer_18xx_43xx.o
                                                  projects/yakindu-project/out/libs/board/lpc_chip_43xx/src/i2c_18xx_43xx.o
                                                  projects/yakindu-project/out/libs/board/lpc_chip_43xx/src/uart_18xx_43xx.o
                                                  projects/yakindu-project/out/libs/board/lpc_chip_43xx/src/ssp_18xx_43xx.o
                                                  projects/yakindu-project/out/libs/board/lpc_chip_43xx/src/stopwatch_18xx_43xx.o
                                                  projects/yakindu-project/out/libs/board/lpc_chip_43xx/src/i2s_18xx_43xx.o
                                                  projects/yakindu-project/out/libs/board/lpc_chip_43xx/src/spi_18xx_43xx.o
                                                  projects/yakindu-project/out/libs/board/lpc_chip_43xx/src/chip_18xx_43xx.o
Chip_Clock_IsBaseClockEnabled                     projects/yakindu-project/out/libs/board/lpc_chip_43xx/src/clock_18xx_43xx.o
Chip_Clock_RTCEnable                              projects/yakindu-project/out/libs/board/lpc_chip_43xx/src/clock_18xx_43xx.o
                                                  projects/yakindu-project/out/libs/board/lpc_chip_43xx/src/rtc_18xx_43xx.o
Chip_Clock_SetBaseClock                           projects/yakindu-project/out/libs/board/lpc_chip_43xx/src/clock_18xx_43xx.o
                                                  projects/yakindu-project/out/libs/board/lpc_chip_43xx/src/sysinit_18xx_43xx.o
                                                  projects/yakindu-project/out/libs/board/lpc_chip_43xx/src/chip_18xx_43xx.o
                                                  projects/yakindu-project/out/libs/board/edu_ciaa_nxp/src/board_sysinit.o
Chip_Clock_SetDivider                             projects/yakindu-project/out/libs/board/lpc_chip_43xx/src/clock_18xx_43xx.o
                                                  projects/yakindu-project/out/libs/board/lpc_chip_43xx/src/chip_18xx_43xx.o
Chip_Clock_SetupMainPLLHz                         projects/yakindu-project/out/libs/board/lpc_chip_43xx/src/clock_18xx_43xx.o
Chip_Clock_SetupMainPLLMult                       projects/yakindu-project/out/libs/board/lpc_chip_43xx/src/clock_18xx_43xx.o
Chip_Clock_SetupPLL                               projects/yakindu-project/out/libs/board/lpc_chip_43xx/src/clock_18xx_43xx.o
                                                  projects/yakindu-project/out/libs/board/lpc_chip_43xx/src/chip_18xx_43xx.o
Chip_Clock_StartPowerDown                         projects/yakindu-project/out/libs/board/lpc_chip_43xx/src/clock_18xx_43xx.o
Chip_DAC_DeInit                                   projects/yakindu-project/out/libs/board/lpc_chip_43xx/src/dac_18xx_43xx.o
Chip_DAC_Init                                     projects/yakindu-project/out/libs/board/lpc_chip_43xx/src/dac_18xx_43xx.o
Chip_DAC_SetBias                                  projects/yakindu-project/out/libs/board/lpc_chip_43xx/src/dac_18xx_43xx.o
Chip_DAC_UpdateValue                              projects/yakindu-project/out/libs/board/lpc_chip_43xx/src/dac_18xx_43xx.o
Chip_EEPROM_EraseProgramPage                      projects/yakindu-project/out/libs/board/lpc_chip_43xx/src/eeprom_18xx_43xx.o
Chip_EEPROM_Init                                  projects/yakindu-project/out/libs/board/lpc_chip_43xx/src/eeprom_18xx_43xx.o
Chip_EEPROM_WaitForIntStatus                      projects/yakindu-project/out/libs/board/lpc_chip_43xx/src/eeprom_18xx_43xx.o
Chip_EMC_Dynamic_Enable                           projects/yakindu-project/out/libs/board/lpc_chip_43xx/src/emc_18xx_43xx.o
Chip_EMC_Dynamic_Init                             projects/yakindu-project/out/libs/board/lpc_chip_43xx/src/emc_18xx_43xx.o
Chip_EMC_Enable                                   projects/yakindu-project/out/libs/board/lpc_chip_43xx/src/emc_18xx_43xx.o
Chip_EMC_Init                                     projects/yakindu-project/out/libs/board/lpc_chip_43xx/src/emc_18xx_43xx.o
Chip_EMC_LowPowerMode                             projects/yakindu-project/out/libs/board/lpc_chip_43xx/src/emc_18xx_43xx.o
Chip_EMC_Mirror                                   projects/yakindu-project/out/libs/board/lpc_chip_43xx/src/emc_18xx_43xx.o
Chip_EMC_Static_Init                              projects/yakindu-project/out/libs/board/lpc_chip_43xx/src/emc_18xx_43xx.o
Chip_ENET_DeInit                                  projects/yakindu-project/out/libs/board/lpc_chip_43xx/src/enet_18xx_43xx.o
Chip_ENET_Init                                    projects/yakindu-project/out/libs/board/lpc_chip_43xx/src/enet_18xx_43xx.o
Chip_ENET_SetDuplex                               projects/yakindu-project/out/libs/board/lpc_chip_43xx/src/enet_18xx_43xx.o
Chip_ENET_SetSpeed                                projects/yakindu-project/out/libs/board/lpc_chip_43xx/src/enet_18xx_43xx.o
Chip_ENET_SetupMII                                projects/yakindu-project/out/libs/board/lpc_chip_43xx/src/enet_18xx_43xx.o
Chip_ENET_StartMIIRead                            projects/yakindu-project/out/libs/board/lpc_chip_43xx/src/enet_18xx_43xx.o
Chip_ENET_StartMIIWrite                           projects/yakindu-project/out/libs/board/lpc_chip_43xx/src/enet_18xx_43xx.o
Chip_EVRT_ConfigIntSrcActiveType                  projects/yakindu-project/out/libs/board/lpc_chip_43xx/src/evrt_18xx_43xx.o
Chip_EVRT_Init                                    projects/yakindu-project/out/libs/board/lpc_chip_43xx/src/evrt_18xx_43xx.o
Chip_EVRT_IsSourceInterrupting                    projects/yakindu-project/out/libs/board/lpc_chip_43xx/src/evrt_18xx_43xx.o